Jan 14 10:41:15 rakeshelk-VirtualBox kernel: [233243.896802] audit: type=1400 audit(1547442675.620:41): apparmor="DENIED" operation="open" profile="/usr/sbin/cups-browsed" name="/usr/share/cups/locale/" pid=25677 comm="cups-browsed" requested_mask="r" denied_mask="r" fsuid=0 ouid=0
Jan 14 10:41:15 rakeshelk-VirtualBox kernel: [233243.896928] audit: type=1400 audit(1547442675.620:42): apparmor="DENIED" operation="open" profile="/usr/sbin/cups-browsed" name="/usr/share/locale/" pid=25677 comm="cups-browsed" requested_mask="r" denied_mask="r" fsuid=0 ouid=0
Jan 14 11:15:40 rakeshelk-VirtualBox kernel: [235308.514128] br-390fe45fa927: port 2(veth428f459) entered disabled state
Jan 14 11:15:40 rakeshelk-VirtualBox kernel: [235308.517541] veth1f38b10: renamed from eth0
Jan 14 11:15:40 rakeshelk-VirtualBox kernel: [235308.540282] br-390fe45fa927: port 2(veth428f459) entered disabled state
Jan 14 11:15:40 rakeshelk-VirtualBox kernel: [235308.542361] device veth428f459 left promiscuous mode
Jan 14 11:15:40 rakeshelk-VirtualBox kernel: [235308.542414] br-390fe45fa927: port 2(veth428f459) entered disabled state
Jan 14 11:15:44 rakeshelk-VirtualBox kernel: [235312.581297] br-390fe45fa927: port 3(veth7b68934) entered disabled state
Jan 14 11:15:44 rakeshelk-VirtualBox kernel: [235312.585152] veth4c52f5a: renamed from eth0
Jan 14 11:15:44 rakeshelk-VirtualBox kernel: [235312.600925] br-390fe45fa927: port 3(veth7b68934) entered disabled state
Jan 14 11:15:44 rakeshelk-VirtualBox kernel: [235312.605465] device veth7b68934 left promiscuous mode
Jan 14 11:15:44 rakeshelk-VirtualBox kernel: [235312.605469] br-390fe45fa927: port 3(veth7b68934) entered disabled state
Jan 14 11:15:45 rakeshelk-VirtualBox kernel: [235313.513641] br-390fe45fa927: port 1(vethd1309b0) entered disabled state
Jan 14 11:15:45 rakeshelk-VirtualBox kernel: [235313.523834] vethbd4f708: renamed from eth0
Jan 14 11:15:45 rakeshelk-VirtualBox kernel: [235313.550323] br-390fe45fa927: port 1(vethd1309b0) entered disabled state
Jan 14 11:15:45 rakeshelk-VirtualBox kernel: [235313.553917] device vethd1309b0 left promiscuous mode
Jan 14 11:15:45 rakeshelk-VirtualBox kernel: [235313.553921] br-390fe45fa927: port 1(vethd1309b0) entered disabled state
Jan 14 11:15:49 rakeshelk-VirtualBox kernel: [235318.134906] br-390fe45fa927: port 1(vetha3fc63c) entered blocking state
Jan 14 11:15:49 rakeshelk-VirtualBox kernel: [235318.134907] br-390fe45fa927: port 1(vetha3fc63c) entered disabled state
Jan 14 11:15:49 rakeshelk-VirtualBox kernel: [235318.135020] device vetha3fc63c entered promiscuous mode
Jan 14 11:15:49 rakeshelk-VirtualBox kernel: [235318.135227] IPv6: ADDRCONF(NETDEV_UP): vetha3fc63c: link is not ready
Jan 14 11:15:50 rakeshelk-VirtualBox kernel: [235318.506603] eth0: renamed from vetha0f8da7
Jan 14 11:15:50 rakeshelk-VirtualBox kernel: [235318.506826] IPv6: ADDRCONF(NETDEV_CHANGE): vetha3fc63c: link becomes ready
Jan 14 11:15:50 rakeshelk-VirtualBox kernel: [235318.506859] br-390fe45fa927: port 1(vetha3fc63c) entered blocking state
Jan 14 11:15:50 rakeshelk-VirtualBox kernel: [235318.506861] br-390fe45fa927: port 1(vetha3fc63c) entered forwarding state
Jan 14 11:15:50 rakeshelk-VirtualBox kernel: [235318.768473] br-390fe45fa927: port 2(veth48dccf7) entered blocking state
Jan 14 11:15:50 rakeshelk-VirtualBox kernel: [235318.768474] br-390fe45fa927: port 2(veth48dccf7) entered disabled state
Jan 14 11:15:50 rakeshelk-VirtualBox kernel: [235318.768586] device veth48dccf7 entered promiscuous mode
Jan 14 11:15:50 rakeshelk-VirtualBox kernel: [235318.768753] IPv6: ADDRCONF(NETDEV_UP): veth48dccf7: link is not ready
Jan 14 11:15:50 rakeshelk-VirtualBox kernel: [235318.768755] br-390fe45fa927: port 2(veth48dccf7) entered blocking state
Jan 14 11:15:50 rakeshelk-VirtualBox kernel: [235318.768756] br-390fe45fa927: port 2(veth48dccf7) entered forwarding state
Jan 14 11:15:50 rakeshelk-VirtualBox kernel: [235318.860307] br-390fe45fa927: port 3(vethde69248) entered blocking state
Jan 14 11:15:50 rakeshelk-VirtualBox kernel: [235318.860308] br-390fe45fa927: port 3(vethde69248) entered disabled state
Jan 14 11:15:50 rakeshelk-VirtualBox kernel: [235318.860466] device vethde69248 entered promiscuous mode
Jan 14 11:15:50 rakeshelk-VirtualBox kernel: [235318.860689] IPv6: ADDRCONF(NETDEV_UP): vethde69248: link is not ready
Jan 14 11:15:50 rakeshelk-VirtualBox kernel: [235318.860692] br-390fe45fa927: port 3(vethde69248) entered blocking state
Jan 14 11:15:50 rakeshelk-VirtualBox kernel: [235318.860693] br-390fe45fa927: port 3(vethde69248) entered forwarding state
Jan 14 11:15:50 rakeshelk-VirtualBox kernel: [235319.136298] br-390fe45fa927: port 2(veth48dccf7) entered disabled state
Jan 14 11:15:50 rakeshelk-VirtualBox kernel: [235319.136352] br-390fe45fa927: port 3(vethde69248) entered disabled state
Jan 14 11:15:51 rakeshelk-VirtualBox kernel: [235319.845648] eth0: renamed from veth8e190ec
Jan 14 11:15:51 rakeshelk-VirtualBox kernel: [235319.845964] IPv6: ADDRCONF(NETDEV_CHANGE): veth48dccf7: link becomes ready
Jan 14 11:15:51 rakeshelk-VirtualBox kernel: [235319.846000] br-390fe45fa927: port 2(veth48dccf7) entered blocking state
Jan 14 11:15:51 rakeshelk-VirtualBox kernel: [235319.846002] br-390fe45fa927: port 2(veth48dccf7) entered forwarding state
Jan 14 11:15:52 rakeshelk-VirtualBox kernel: [235320.852322] eth0: renamed from veth1970b5d
Jan 14 11:15:52 rakeshelk-VirtualBox kernel: [235320.852533] IPv6: ADDRCONF(NETDEV_CHANGE): vethde69248: link becomes ready
Jan 14 11:15:52 rakeshelk-VirtualBox kernel: [235320.852570] br-390fe45fa927: port 3(vethde69248) entered blocking state
Jan 14 11:15:52 rakeshelk-VirtualBox kernel: [235320.852572] br-390fe45fa927: port 3(vethde69248) entered forwarding state
Jan 14 12:12:06 rakeshelk-VirtualBox kernel: [238694.908411] br-390fe45fa927: port 3(vethde69248) entered disabled state
Jan 14 12:12:06 rakeshelk-VirtualBox kernel: [238694.913541] veth1970b5d: renamed from eth0
Jan 14 12:12:06 rakeshelk-VirtualBox kernel: [238695.108712] br-390fe45fa927: port 3(vethde69248) entered disabled state
Jan 14 12:12:06 rakeshelk-VirtualBox kernel: [238695.110997] device vethde69248 left promiscuous mode
Jan 14 12:12:06 rakeshelk-VirtualBox kernel: [238695.111000] br-390fe45fa927: port 3(vethde69248) entered disabled state
Jan 14 12:12:10 rakeshelk-VirtualBox kernel: [238699.023039] br-390fe45fa927: port 2(veth48dccf7) entered disabled state
Jan 14 12:12:10 rakeshelk-VirtualBox kernel: [238699.027708] veth8e190ec: renamed from eth0
Jan 14 12:12:10 rakeshelk-VirtualBox kernel: [238699.042469] br-390fe45fa927: port 2(veth48dccf7) entered disabled state
Jan 14 12:12:10 rakeshelk-VirtualBox kernel: [238699.044203] device veth48dccf7 left promiscuous mode
Jan 14 12:12:10 rakeshelk-VirtualBox kernel: [238699.044206] br-390fe45fa927: port 2(veth48dccf7) entered disabled state
Jan 14 12:12:11 rakeshelk-VirtualBox kernel: [238699.632368] br-390fe45fa927: port 1(vetha3fc63c) entered disabled state
Jan 14 12:12:11 rakeshelk-VirtualBox kernel: [238699.641399] vetha0f8da7: renamed from eth0
Jan 14 12:12:11 rakeshelk-VirtualBox kernel: [238699.664618] br-390fe45fa927: port 1(vetha3fc63c) entered disabled state
Jan 14 12:12:11 rakeshelk-VirtualBox kernel: [238699.665782] device vetha3fc63c left promiscuous mode
Jan 14 12:12:11 rakeshelk-VirtualBox kernel: [238699.665785] br-390fe45fa927: port 1(vetha3fc63c) entered disabled state
Jan 14 12:16:39 rakeshelk-VirtualBox kernel: [238967.868016] br-390fe45fa927: port 1(veth3e8ea7d) entered blocking state
Jan 14 12:16:39 rakeshelk-VirtualBox kernel: [238967.868018] br-390fe45fa927: port 1(veth3e8ea7d) entered disabled state
Jan 14 12:16:39 rakeshelk-VirtualBox kernel: [238967.870577] device veth3e8ea7d entered promiscuous mode
Jan 14 12:16:39 rakeshelk-VirtualBox kernel: [238967.870827] IPv6: ADDRCONF(NETDEV_UP): veth3e8ea7d: link is not ready
Jan 14 12:16:40 rakeshelk-VirtualBox kernel: [238968.453342] eth0: renamed from veth57f83de
Jan 14 12:16:40 rakeshelk-VirtualBox kernel: [238968.453537] IPv6: ADDRCONF(NETDEV_CHANGE): veth3e8ea7d: link becomes ready
Jan 14 12:16:40 rakeshelk-VirtualBox kernel: [238968.453594] br-390fe45fa927: port 1(veth3e8ea7d) entered blocking state
Jan 14 12:16:40 rakeshelk-VirtualBox kernel: [238968.453595] br-390fe45fa927: port 1(veth3e8ea7d) entered forwarding state
Jan 14 12:16:40 rakeshelk-VirtualBox kernel: [238968.746468] br-390fe45fa927: port 2(vethb722304) entered blocking state
Jan 14 12:16:40 rakeshelk-VirtualBox kernel: [238968.746520] br-390fe45fa927: port 2(vethb722304) entered disabled state
Jan 14 12:16:40 rakeshelk-VirtualBox kernel: [238968.750926] device vethb722304 entered promiscuous mode
Jan 14 12:16:40 rakeshelk-VirtualBox kernel: [238968.751157] IPv6: ADDRCONF(NETDEV_UP): vethb722304: link is not ready
Jan 14 12:16:40 rakeshelk-VirtualBox kernel: [238968.751161] br-390fe45fa927: port 2(vethb722304) entered blocking state
Jan 14 12:16:40 rakeshelk-VirtualBox kernel: [238968.751162] br-390fe45fa927: port 2(vethb722304) entered forwarding state
Jan 14 12:16:40 rakeshelk-VirtualBox kernel: [238968.854946] br-390fe45fa927: port 2(vethb722304) entered disabled state
Jan 14 12:16:40 rakeshelk-VirtualBox kernel: [238968.868064] br-390fe45fa927: port 3(vethfd0fea9) entered blocking state
Jan 14 12:16:40 rakeshelk-VirtualBox kernel: [238968.868065] br-390fe45fa927: port 3(vethfd0fea9) entered disabled state
Jan 14 12:16:40 rakeshelk-VirtualBox kernel: [238968.870706] device vethfd0fea9 entered promiscuous mode
Jan 14 12:16:40 rakeshelk-VirtualBox kernel: [238968.870879] IPv6: ADDRCONF(NETDEV_UP): vethfd0fea9: link is not ready
Jan 14 12:16:41 rakeshelk-VirtualBox kernel: [238969.845041] eth0: renamed from vethd0f3fb9
Jan 14 12:16:41 rakeshelk-VirtualBox kernel: [238969.848822] IPv6: ADDRCONF(NETDEV_CHANGE): vethfd0fea9: link becomes ready
Jan 14 12:16:41 rakeshelk-VirtualBox kernel: [238969.848863] br-390fe45fa927: port 3(vethfd0fea9) entered blocking state
Jan 14 12:16:41 rakeshelk-VirtualBox kernel: [238969.848864] br-390fe45fa927: port 3(vethfd0fea9) entered forwarding state
Jan 14 12:16:42 rakeshelk-VirtualBox kernel: [238970.849257] eth0: renamed from vetha09e8a9
Jan 14 12:16:42 rakeshelk-VirtualBox kernel: [238970.850582] IPv6: ADDRCONF(NETDEV_CHANGE): vethb722304: link becomes ready
Jan 14 12:16:42 rakeshelk-VirtualBox kernel: [238970.850647] br-390fe45fa927: port 2(vethb722304) entered blocking state
Jan 14 12:16:42 rakeshelk-VirtualBox kernel: [238970.850650] br-390fe45fa927: port 2(vethb722304) entered forwarding state
Jan 14 12:16:51 rakeshelk-VirtualBox kernel: [238979.453739] veth57f83de: renamed from eth0
Jan 14 12:16:51 rakeshelk-VirtualBox kernel: [238979.465901] br-390fe45fa927: port 1(veth3e8ea7d) entered disabled state
Jan 14 12:16:51 rakeshelk-VirtualBox kernel: [238979.500256] br-390fe45fa927: port 1(veth3e8ea7d) entered disabled state
Jan 14 12:16:51 rakeshelk-VirtualBox kernel: [238979.503150] device veth3e8ea7d left promiscuous mode
Jan 14 12:16:51 rakeshelk-VirtualBox kernel: [238979.503154] br-390fe45fa927: port 1(veth3e8ea7d) entered disabled state
Jan 14 12:21:45 rakeshelk-VirtualBox kernel: [239273.937454] br-390fe45fa927: port 3(vethfd0fea9) entered disabled state
Jan 14 12:21:45 rakeshelk-VirtualBox kernel: [239273.943245] vethd0f3fb9: renamed from eth0
Jan 14 12:21:45 rakeshelk-VirtualBox kernel: [239273.958966] br-390fe45fa927: port 3(vethfd0fea9) entered disabled state
Jan 14 12:21:45 rakeshelk-VirtualBox kernel: [239273.961585] device vethfd0fea9 left promiscuous mode
Jan 14 12:21:45 rakeshelk-VirtualBox kernel: [239273.961588] br-390fe45fa927: port 3(vethfd0fea9) entered disabled state
Jan 14 12:21:50 rakeshelk-VirtualBox kernel: [239278.590783] br-390fe45fa927: port 2(vethb722304) entered disabled state
Jan 14 12:21:50 rakeshelk-VirtualBox kernel: [239278.601372] vetha09e8a9: renamed from eth0
Jan 14 12:21:50 rakeshelk-VirtualBox kernel: [239278.620842] br-390fe45fa927: port 2(vethb722304) entered disabled state
Jan 14 12:21:50 rakeshelk-VirtualBox kernel: [239278.623518] device vethb722304 left promiscuous mode
Jan 14 12:21:50 rakeshelk-VirtualBox kernel: [239278.623522] br-390fe45fa927: port 2(vethb722304) entered disabled state
Jan 14 12:22:49 rakeshelk-VirtualBox kernel: [239337.279369] br-390fe45fa927: port 1(veth85f9893) entered blocking state
Jan 14 12:22:49 rakeshelk-VirtualBox kernel: [239337.279370] br-390fe45fa927: port 1(veth85f9893) entered disabled state
Jan 14 12:22:49 rakeshelk-VirtualBox kernel: [239337.279475] device veth85f9893 entered promiscuous mode
Jan 14 12:22:49 rakeshelk-VirtualBox kernel: [239337.279681] IPv6: ADDRCONF(NETDEV_UP): veth85f9893: link is not ready
Jan 14 12:22:49 rakeshelk-VirtualBox kernel: [239337.616573] eth0: renamed from veth9c56344
Jan 14 12:22:49 rakeshelk-VirtualBox kernel: [239337.617571] IPv6: ADDRCONF(NETDEV_CHANGE): veth85f9893: link becomes ready
Jan 14 12:22:49 rakeshelk-VirtualBox kernel: [239337.617606] br-390fe45fa927: port 1(veth85f9893) entered blocking state
Jan 14 12:22:49 rakeshelk-VirtualBox kernel: [239337.617607] br-390fe45fa927: port 1(veth85f9893) entered forwarding state
Jan 14 12:22:49 rakeshelk-VirtualBox kernel: [239337.907826] br-390fe45fa927: port 2(vetha3adbef) entered blocking state
Jan 14 12:22:49 rakeshelk-VirtualBox kernel: [239337.907827] br-390fe45fa927: port 2(vetha3adbef) entered disabled state
Jan 14 12:22:49 rakeshelk-VirtualBox kernel: [239337.912000] device vetha3adbef entered promiscuous mode
Jan 14 12:22:49 rakeshelk-VirtualBox kernel: [239337.912290] IPv6: ADDRCONF(NETDEV_UP): vetha3adbef: link is not ready
Jan 14 12:22:49 rakeshelk-VirtualBox kernel: [239337.912293] br-390fe45fa927: port 2(vetha3adbef) entered blocking state
Jan 14 12:22:49 rakeshelk-VirtualBox kernel: [239337.912294] br-390fe45fa927: port 2(vetha3adbef) entered forwarding state
Jan 14 12:22:49 rakeshelk-VirtualBox kernel: [239338.032193] br-390fe45fa927: port 3(vethaf5b8f1) entered blocking state
Jan 14 12:22:49 rakeshelk-VirtualBox kernel: [239338.032195] br-390fe45fa927: port 3(vethaf5b8f1) entered disabled state
Jan 14 12:22:49 rakeshelk-VirtualBox kernel: [239338.036987] device vethaf5b8f1 entered promiscuous mode
Jan 14 12:22:49 rakeshelk-VirtualBox kernel: [239338.037206] IPv6: ADDRCONF(NETDEV_UP): vethaf5b8f1: link is not ready
Jan 14 12:22:49 rakeshelk-VirtualBox kernel: [239338.037209] br-390fe45fa927: port 3(vethaf5b8f1) entered blocking state
Jan 14 12:22:49 rakeshelk-VirtualBox kernel: [239338.037210] br-390fe45fa927: port 3(vethaf5b8f1) entered forwarding state
Jan 14 12:22:50 rakeshelk-VirtualBox kernel: [239338.272365] br-390fe45fa927: port 2(vetha3adbef) entered disabled state
Jan 14 12:22:50 rakeshelk-VirtualBox kernel: [239338.272406] br-390fe45fa927: port 3(vethaf5b8f1) entered disabled state
Jan 14 12:22:50 rakeshelk-VirtualBox kernel: [239338.965066] eth0: renamed from vetha5bf08b
Jan 14 12:22:50 rakeshelk-VirtualBox kernel: [239338.965307] IPv6: ADDRCONF(NETDEV_CHANGE): vethaf5b8f1: link becomes ready
Jan 14 12:22:50 rakeshelk-VirtualBox kernel: [239338.965344] br-390fe45fa927: port 3(vethaf5b8f1) entered blocking state
Jan 14 12:22:50 rakeshelk-VirtualBox kernel: [239338.965345] br-390fe45fa927: port 3(vethaf5b8f1) entered forwarding state
Jan 14 12:22:51 rakeshelk-VirtualBox kernel: [239339.950784] eth0: renamed from veth1d3d871
Jan 14 12:22:51 rakeshelk-VirtualBox kernel: [239339.950980] IPv6: ADDRCONF(NETDEV_CHANGE): vetha3adbef: link becomes ready
Jan 14 12:22:51 rakeshelk-VirtualBox kernel: [239339.951331] br-390fe45fa927: port 2(vetha3adbef) entered blocking state
Jan 14 12:22:51 rakeshelk-VirtualBox kernel: [239339.951334] br-390fe45fa927: port 2(vetha3adbef) entered forwarding state
Jan 14 12:32:10 rakeshelk-VirtualBox kernel: [239898.949097] br-390fe45fa927: port 2(vetha3adbef) entered disabled state
Jan 14 12:32:10 rakeshelk-VirtualBox kernel: [239898.951456] veth1d3d871: renamed from eth0
Jan 14 12:32:10 rakeshelk-VirtualBox kernel: [239898.967770] br-390fe45fa927: port 2(vetha3adbef) entered disabled state
Jan 14 12:32:10 rakeshelk-VirtualBox kernel: [239898.969907] device vetha3adbef left promiscuous mode
Jan 14 12:32:10 rakeshelk-VirtualBox kernel: [239898.969911] br-390fe45fa927: port 2(vetha3adbef) entered disabled state
Jan 14 12:32:15 rakeshelk-VirtualBox kernel: [239903.536859] br-390fe45fa927: port 3(vethaf5b8f1) entered disabled state
Jan 14 12:32:15 rakeshelk-VirtualBox kernel: [239903.541842] vetha5bf08b: renamed from eth0
Jan 14 12:32:15 rakeshelk-VirtualBox kernel: [239903.560684] br-390fe45fa927: port 3(vethaf5b8f1) entered disabled state
Jan 14 12:32:15 rakeshelk-VirtualBox kernel: [239903.562242] device vethaf5b8f1 left promiscuous mode
Jan 14 12:32:15 rakeshelk-VirtualBox kernel: [239903.562245] br-390fe45fa927: port 3(vethaf5b8f1) entered disabled state
Jan 14 12:32:16 rakeshelk-VirtualBox kernel: [239904.555417] br-390fe45fa927: port 1(veth85f9893) entered disabled state
Jan 14 12:32:16 rakeshelk-VirtualBox kernel: [239904.566168] veth9c56344: renamed from eth0
Jan 14 12:32:16 rakeshelk-VirtualBox kernel: [239904.593116] br-390fe45fa927: port 1(veth85f9893) entered disabled state
Jan 14 12:32:16 rakeshelk-VirtualBox kernel: [239904.594210] device veth85f9893 left promiscuous mode
Jan 14 12:32:16 rakeshelk-VirtualBox kernel: [239904.594213] br-390fe45fa927: port 1(veth85f9893) entered disabled state
Jan 14 12:33:23 rakeshelk-VirtualBox kernel: [239971.902769] br-390fe45fa927: port 1(veth085e2b5) entered blocking state
Jan 14 12:33:23 rakeshelk-VirtualBox kernel: [239971.902771] br-390fe45fa927: port 1(veth085e2b5) entered disabled state
Jan 14 12:33:23 rakeshelk-VirtualBox kernel: [239971.902920] device veth085e2b5 entered promiscuous mode
Jan 14 12:33:23 rakeshelk-VirtualBox kernel: [239971.903138] IPv6: ADDRCONF(NETDEV_UP): veth085e2b5: link is not ready
Jan 14 12:33:23 rakeshelk-VirtualBox kernel: [239972.245795] eth0: renamed from veth248a779
Jan 14 12:33:23 rakeshelk-VirtualBox kernel: [239972.245991] IPv6: ADDRCONF(NETDEV_CHANGE): veth085e2b5: link becomes ready
Jan 14 12:33:23 rakeshelk-VirtualBox kernel: [239972.246023] br-390fe45fa927: port 1(veth085e2b5) entered blocking state
Jan 14 12:33:23 rakeshelk-VirtualBox kernel: [239972.246024] br-390fe45fa927: port 1(veth085e2b5) entered forwarding state
Jan 14 12:33:24 rakeshelk-VirtualBox kernel: [239972.521251] br-390fe45fa927: port 2(vethd894e94) entered blocking state
Jan 14 12:33:24 rakeshelk-VirtualBox kernel: [239972.521253] br-390fe45fa927: port 2(vethd894e94) entered disabled state
Jan 14 12:33:24 rakeshelk-VirtualBox kernel: [239972.521370] device vethd894e94 entered promiscuous mode
Jan 14 12:33:24 rakeshelk-VirtualBox kernel: [239972.521575] IPv6: ADDRCONF(NETDEV_UP): vethd894e94: link is not ready
Jan 14 12:33:24 rakeshelk-VirtualBox kernel: [239972.521578] br-390fe45fa927: port 2(vethd894e94) entered blocking state
Jan 14 12:33:24 rakeshelk-VirtualBox kernel: [239972.521579] br-390fe45fa927: port 2(vethd894e94) entered forwarding state
Jan 14 12:33:24 rakeshelk-VirtualBox kernel: [239972.617199] br-390fe45fa927: port 3(veth11d156a) entered blocking state
Jan 14 12:33:24 rakeshelk-VirtualBox kernel: [239972.617201] br-390fe45fa927: port 3(veth11d156a) entered disabled state
Jan 14 12:33:24 rakeshelk-VirtualBox kernel: [239972.617475] device veth11d156a entered promiscuous mode
Jan 14 12:33:24 rakeshelk-VirtualBox kernel: [239972.630314] IPv6: ADDRCONF(NETDEV_UP): veth11d156a: link is not ready
Jan 14 12:33:24 rakeshelk-VirtualBox kernel: [239972.630319] br-390fe45fa927: port 3(veth11d156a) entered blocking state
Jan 14 12:33:24 rakeshelk-VirtualBox kernel: [239972.630320] br-390fe45fa927: port 3(veth11d156a) entered forwarding state
Jan 14 12:33:24 rakeshelk-VirtualBox kernel: [239972.896184] br-390fe45fa927: port 2(vethd894e94) entered disabled state
Jan 14 12:33:24 rakeshelk-VirtualBox kernel: [239972.896222] br-390fe45fa927: port 3(veth11d156a) entered disabled state
Jan 14 12:33:25 rakeshelk-VirtualBox kernel: [239973.563460] eth0: renamed from vethb7096a4
Jan 14 12:33:25 rakeshelk-VirtualBox kernel: [239973.563732] IPv6: ADDRCONF(NETDEV_CHANGE): vethd894e94: link becomes ready
Jan 14 12:33:25 rakeshelk-VirtualBox kernel: [239973.563770] br-390fe45fa927: port 2(vethd894e94) entered blocking state
Jan 14 12:33:25 rakeshelk-VirtualBox kernel: [239973.563771] br-390fe45fa927: port 2(vethd894e94) entered forwarding state
Jan 14 12:33:26 rakeshelk-VirtualBox kernel: [239974.573148] eth0: renamed from veth4118157
Jan 14 12:33:26 rakeshelk-VirtualBox kernel: [239974.574541] IPv6: ADDRCONF(NETDEV_CHANGE): veth11d156a: link becomes ready
Jan 14 12:33:26 rakeshelk-VirtualBox kernel: [239974.574578] br-390fe45fa927: port 3(veth11d156a) entered blocking state
Jan 14 12:33:26 rakeshelk-VirtualBox kernel: [239974.574579] br-390fe45fa927: port 3(veth11d156a) entered forwarding state
Jan 14 12:33:59 rakeshelk-VirtualBox kernel: [240007.759213] veth248a779: renamed from eth0
Jan 14 12:33:59 rakeshelk-VirtualBox kernel: [240007.768450] br-390fe45fa927: port 1(veth085e2b5) entered disabled state
Jan 14 12:33:59 rakeshelk-VirtualBox kernel: [240007.806383] br-390fe45fa927: port 1(veth085e2b5) entered disabled state
Jan 14 12:33:59 rakeshelk-VirtualBox kernel: [240007.812617] device veth085e2b5 left promiscuous mode
Jan 14 12:33:59 rakeshelk-VirtualBox kernel: [240007.812621] br-390fe45fa927: port 1(veth085e2b5) entered disabled state
Jan 14 12:34:10 rakeshelk-VirtualBox kernel: [240018.357682] br-390fe45fa927: port 2(vethd894e94) entered disabled state
Jan 14 12:34:10 rakeshelk-VirtualBox kernel: [240018.359118] vethb7096a4: renamed from eth0
Jan 14 12:34:10 rakeshelk-VirtualBox kernel: [240018.434153] br-390fe45fa927: port 2(vethd894e94) entered disabled state
Jan 14 12:34:10 rakeshelk-VirtualBox kernel: [240018.435843] device vethd894e94 left promiscuous mode
Jan 14 12:34:10 rakeshelk-VirtualBox kernel: [240018.435845] br-390fe45fa927: port 2(vethd894e94) entered disabled state
Jan 14 12:34:20 rakeshelk-VirtualBox kernel: [240028.315187] br-390fe45fa927: port 3(veth11d156a) entered disabled state
Jan 14 12:34:20 rakeshelk-VirtualBox kernel: [240028.323955] veth4118157: renamed from eth0
Jan 14 12:34:20 rakeshelk-VirtualBox kernel: [240028.354484] br-390fe45fa927: port 3(veth11d156a) entered disabled state
Jan 14 12:34:20 rakeshelk-VirtualBox kernel: [240028.359426] device veth11d156a left promiscuous mode
Jan 14 12:34:20 rakeshelk-VirtualBox kernel: [240028.359431] br-390fe45fa927: port 3(veth11d156a) entered disabled state
Jan 14 12:34:22 rakeshelk-VirtualBox kernel: [240031.173489] br-390fe45fa927: port 1(veth14c4090) entered blocking state
Jan 14 12:34:22 rakeshelk-VirtualBox kernel: [240031.173491] br-390fe45fa927: port 1(veth14c4090) entered disabled state
Jan 14 12:34:22 rakeshelk-VirtualBox kernel: [240031.173598] device veth14c4090 entered promiscuous mode
Jan 14 12:34:22 rakeshelk-VirtualBox kernel: [240031.173804] IPv6: ADDRCONF(NETDEV_UP): veth14c4090: link is not ready
Jan 14 12:34:23 rakeshelk-VirtualBox kernel: [240031.515798] eth0: renamed from vethea1794a
Jan 14 12:34:23 rakeshelk-VirtualBox kernel: [240031.516022] IPv6: ADDRCONF(NETDEV_CHANGE): veth14c4090: link becomes ready
Jan 14 12:34:23 rakeshelk-VirtualBox kernel: [240031.516056] br-390fe45fa927: port 1(veth14c4090) entered blocking state
Jan 14 12:34:23 rakeshelk-VirtualBox kernel: [240031.516057] br-390fe45fa927: port 1(veth14c4090) entered forwarding state
Jan 14 12:34:23 rakeshelk-VirtualBox kernel: [240031.789341] br-390fe45fa927: port 2(veth9521c95) entered blocking state
Jan 14 12:34:23 rakeshelk-VirtualBox kernel: [240031.789342] br-390fe45fa927: port 2(veth9521c95) entered disabled state
Jan 14 12:34:23 rakeshelk-VirtualBox kernel: [240031.793602] device veth9521c95 entered promiscuous mode
Jan 14 12:34:23 rakeshelk-VirtualBox kernel: [240031.794563] IPv6: ADDRCONF(NETDEV_UP): veth9521c95: link is not ready
Jan 14 12:34:23 rakeshelk-VirtualBox kernel: [240031.794567] br-390fe45fa927: port 2(veth9521c95) entered blocking state
Jan 14 12:34:23 rakeshelk-VirtualBox kernel: [240031.794568] br-390fe45fa927: port 2(veth9521c95) entered forwarding state
Jan 14 12:34:23 rakeshelk-VirtualBox kernel: [240031.837624] br-390fe45fa927: port 3(veth6e6a85e) entered blocking state
Jan 14 12:34:23 rakeshelk-VirtualBox kernel: [240031.837626] br-390fe45fa927: port 3(veth6e6a85e) entered disabled state
Jan 14 12:34:23 rakeshelk-VirtualBox kernel: [240031.837941] device veth6e6a85e entered promiscuous mode
Jan 14 12:34:23 rakeshelk-VirtualBox kernel: [240031.845318] IPv6: ADDRCONF(NETDEV_UP): veth6e6a85e: link is not ready
Jan 14 12:34:23 rakeshelk-VirtualBox kernel: [240031.845323] br-390fe45fa927: port 3(veth6e6a85e) entered blocking state
Jan 14 12:34:23 rakeshelk-VirtualBox kernel: [240031.845324] br-390fe45fa927: port 3(veth6e6a85e) entered forwarding state
Jan 14 12:34:23 rakeshelk-VirtualBox kernel: [240032.160907] br-390fe45fa927: port 2(veth9521c95) entered disabled state
Jan 14 12:34:23 rakeshelk-VirtualBox kernel: [240032.160944] br-390fe45fa927: port 3(veth6e6a85e) entered disabled state
Jan 14 12:34:24 rakeshelk-VirtualBox kernel: [240032.837298] eth0: renamed from vethbeb32f6
Jan 14 12:34:24 rakeshelk-VirtualBox kernel: [240032.839803] IPv6: ADDRCONF(NETDEV_CHANGE): veth9521c95: link becomes ready
Jan 14 12:34:24 rakeshelk-VirtualBox kernel: [240032.840187] br-390fe45fa927: port 2(veth9521c95) entered blocking state
Jan 14 12:34:24 rakeshelk-VirtualBox kernel: [240032.840188] br-390fe45fa927: port 2(veth9521c95) entered forwarding state
Jan 14 12:34:24 rakeshelk-VirtualBox kernel: [240032.938231] eth0: renamed from veth0736738
Jan 14 12:34:24 rakeshelk-VirtualBox kernel: [240032.940933] IPv6: ADDRCONF(NETDEV_CHANGE): veth6e6a85e: link becomes ready
Jan 14 12:34:24 rakeshelk-VirtualBox kernel: [240032.940965] br-390fe45fa927: port 3(veth6e6a85e) entered blocking state
Jan 14 12:34:24 rakeshelk-VirtualBox kernel: [240032.940966] br-390fe45fa927: port 3(veth6e6a85e) entered forwarding state
Jan 14 12:34:57 rakeshelk-VirtualBox kernel: [240066.155630] vethea1794a: renamed from eth0
Jan 14 12:34:57 rakeshelk-VirtualBox kernel: [240066.164769] br-390fe45fa927: port 1(veth14c4090) entered disabled state
Jan 14 12:34:57 rakeshelk-VirtualBox kernel: [240066.193997] br-390fe45fa927: port 1(veth14c4090) entered disabled state
Jan 14 12:34:57 rakeshelk-VirtualBox kernel: [240066.196180] device veth14c4090 left promiscuous mode
Jan 14 12:34:57 rakeshelk-VirtualBox kernel: [240066.196183] br-390fe45fa927: port 1(veth14c4090) entered disabled state
Jan 14 12:55:01 rakeshelk-VirtualBox kernel: [241269.956447] br-390fe45fa927: port 2(veth9521c95) entered disabled state
Jan 14 12:55:01 rakeshelk-VirtualBox kernel: [241269.962138] vethbeb32f6: renamed from eth0
Jan 14 12:55:01 rakeshelk-VirtualBox kernel: [241269.975354] br-390fe45fa927: port 2(veth9521c95) entered disabled state
Jan 14 12:55:01 rakeshelk-VirtualBox kernel: [241269.978526] device veth9521c95 left promiscuous mode
Jan 14 12:55:01 rakeshelk-VirtualBox kernel: [241269.978530] br-390fe45fa927: port 2(veth9521c95) entered disabled state
Jan 14 12:55:05 rakeshelk-VirtualBox kernel: [241273.963949] br-390fe45fa927: port 3(veth6e6a85e) entered disabled state
Jan 14 12:55:05 rakeshelk-VirtualBox kernel: [241273.975472] veth0736738: renamed from eth0
Jan 14 12:55:05 rakeshelk-VirtualBox kernel: [241274.002975] br-390fe45fa927: port 3(veth6e6a85e) entered disabled state
Jan 14 12:55:05 rakeshelk-VirtualBox kernel: [241274.007700] device veth6e6a85e left promiscuous mode
Jan 14 12:55:05 rakeshelk-VirtualBox kernel: [241274.007705] br-390fe45fa927: port 3(veth6e6a85e) entered disabled state
Jan 14 12:56:07 rakeshelk-VirtualBox kernel: [241335.477658] IPv6: ADDRCONF(NETDEV_UP): br-3fc1710db670: link is not ready
Jan 14 12:56:09 rakeshelk-VirtualBox kernel: [241337.933431] br-3fc1710db670: port 1(veth3077e50) entered blocking state
Jan 14 12:56:09 rakeshelk-VirtualBox kernel: [241337.933432] br-3fc1710db670: port 1(veth3077e50) entered disabled state
Jan 14 12:56:09 rakeshelk-VirtualBox kernel: [241337.936275] device veth3077e50 entered promiscuous mode
Jan 14 12:56:09 rakeshelk-VirtualBox kernel: [241337.936591] IPv6: ADDRCONF(NETDEV_UP): veth3077e50: link is not ready
Jan 14 12:56:10 rakeshelk-VirtualBox kernel: [241338.322253] eth0: renamed from vethbcadb1a
Jan 14 12:56:10 rakeshelk-VirtualBox kernel: [241338.322472] IPv6: ADDRCONF(NETDEV_CHANGE): veth3077e50: link becomes ready
Jan 14 12:56:10 rakeshelk-VirtualBox kernel: [241338.322505] br-3fc1710db670: port 1(veth3077e50) entered blocking state
Jan 14 12:56:10 rakeshelk-VirtualBox kernel: [241338.322506] br-3fc1710db670: port 1(veth3077e50) entered forwarding state
Jan 14 12:56:10 rakeshelk-VirtualBox kernel: [241338.322540] IPv6: ADDRCONF(NETDEV_CHANGE): br-3fc1710db670: link becomes ready
Jan 14 12:56:11 rakeshelk-VirtualBox kernel: [241339.703935] br-3fc1710db670: port 2(veth3bf7965) entered blocking state
Jan 14 12:56:11 rakeshelk-VirtualBox kernel: [241339.703938] br-3fc1710db670: port 2(veth3bf7965) entered disabled state
Jan 14 12:56:11 rakeshelk-VirtualBox kernel: [241339.716079] device veth3bf7965 entered promiscuous mode
Jan 14 12:56:11 rakeshelk-VirtualBox kernel: [241339.786881] IPv6: ADDRCONF(NETDEV_UP): veth3bf7965: link is not ready
Jan 14 12:56:11 rakeshelk-VirtualBox kernel: [241339.931436] br-3fc1710db670: port 3(veth8b47585) entered blocking state
Jan 14 12:56:11 rakeshelk-VirtualBox kernel: [241339.931438] br-3fc1710db670: port 3(veth8b47585) entered disabled state
Jan 14 12:56:11 rakeshelk-VirtualBox kernel: [241339.932914] device veth8b47585 entered promiscuous mode
Jan 14 12:56:11 rakeshelk-VirtualBox kernel: [241339.933103] IPv6: ADDRCONF(NETDEV_UP): veth8b47585: link is not ready
Jan 14 12:56:11 rakeshelk-VirtualBox kernel: [241339.933106] br-3fc1710db670: port 3(veth8b47585) entered blocking state
Jan 14 12:56:11 rakeshelk-VirtualBox kernel: [241339.933108] br-3fc1710db670: port 3(veth8b47585) entered forwarding state
Jan 14 12:56:12 rakeshelk-VirtualBox kernel: [241340.672462] br-3fc1710db670: port 3(veth8b47585) entered disabled state
Jan 14 12:56:12 rakeshelk-VirtualBox kernel: [241340.872804] eth0: renamed from vethada0748
Jan 14 12:56:12 rakeshelk-VirtualBox kernel: [241340.876660] IPv6: ADDRCONF(NETDEV_CHANGE): veth3bf7965: link becomes ready
Jan 14 12:56:12 rakeshelk-VirtualBox kernel: [241340.876983] br-3fc1710db670: port 2(veth3bf7965) entered blocking state
Jan 14 12:56:12 rakeshelk-VirtualBox kernel: [241340.876985] br-3fc1710db670: port 2(veth3bf7965) entered forwarding state
Jan 14 12:56:12 rakeshelk-VirtualBox kernel: [241340.967431] eth0: renamed from veth312e7bb
Jan 14 12:56:12 rakeshelk-VirtualBox kernel: [241340.967633] IPv6: ADDRCONF(NETDEV_CHANGE): veth8b47585: link becomes ready
Jan 14 12:56:12 rakeshelk-VirtualBox kernel: [241340.967669] br-3fc1710db670: port 3(veth8b47585) entered blocking state
Jan 14 12:56:12 rakeshelk-VirtualBox kernel: [241340.967670] br-3fc1710db670: port 3(veth8b47585) entered forwarding state
Jan 14 12:56:44 rakeshelk-VirtualBox kernel: [241372.776601] vethbcadb1a: renamed from eth0
Jan 14 12:56:44 rakeshelk-VirtualBox kernel: [241372.789721] br-3fc1710db670: port 1(veth3077e50) entered disabled state
Jan 14 12:56:44 rakeshelk-VirtualBox kernel: [241372.832317] br-3fc1710db670: port 1(veth3077e50) entered disabled state
Jan 14 12:56:44 rakeshelk-VirtualBox kernel: [241372.838643] device veth3077e50 left promiscuous mode
Jan 14 12:56:44 rakeshelk-VirtualBox kernel: [241372.838648] br-3fc1710db670: port 1(veth3077e50) entered disabled state
Jan 14 12:58:36 rakeshelk-VirtualBox kernel: [241484.709843] br-3fc1710db670: port 3(veth8b47585) entered disabled state
Jan 14 12:58:36 rakeshelk-VirtualBox kernel: [241484.713547] veth312e7bb: renamed from eth0
Jan 14 12:58:36 rakeshelk-VirtualBox kernel: [241484.726730] br-3fc1710db670: port 3(veth8b47585) entered disabled state
Jan 14 12:58:36 rakeshelk-VirtualBox kernel: [241484.729215] device veth8b47585 left promiscuous mode
Jan 14 12:58:36 rakeshelk-VirtualBox kernel: [241484.729218] br-3fc1710db670: port 3(veth8b47585) entered disabled state
Jan 14 12:58:40 rakeshelk-VirtualBox kernel: [241488.559781] br-3fc1710db670: port 2(veth3bf7965) entered disabled state
Jan 14 12:58:40 rakeshelk-VirtualBox kernel: [241488.570033] vethada0748: renamed from eth0
Jan 14 12:58:40 rakeshelk-VirtualBox kernel: [241488.595524] br-3fc1710db670: port 2(veth3bf7965) entered disabled state
Jan 14 12:58:40 rakeshelk-VirtualBox kernel: [241488.599835] device veth3bf7965 left promiscuous mode
Jan 14 12:58:40 rakeshelk-VirtualBox kernel: [241488.599840] br-3fc1710db670: port 2(veth3bf7965) entered disabled state
Jan 14 12:59:20 rakeshelk-VirtualBox kernel: [241528.664672] rfkill: input handler enabled
Jan 14 13:00:16 rakeshelk-VirtualBox kernel: [    0.000000] Linux version 4.15.0-43-generic (buildd@lgw01-amd64-001) (gcc version 7.3.0 (Ubuntu 7.3.0-16ubuntu3)) #46-Ubuntu SMP Thu Dec 6 14:45:28 UTC 2018 (Ubuntu 4.15.0-43.46-generic 4.15.18)
Jan 14 13:00:16 rakeshelk-VirtualBox kernel: [    0.000000] Command line: BOOT_IMAGE=/boot/vmlinuz-4.15.0-43-generic root=UUID=9e48d3ab-8a41-48f1-83b7-adef1e5ecf51 ro quiet splash
Jan 14 13:00:16 rakeshelk-VirtualBox kernel: [    0.000000] KERNEL supported cpus:
Jan 14 13:00:16 rakeshelk-VirtualBox kernel: [    0.000000]   Intel GenuineIntel
Jan 14 13:00:16 rakeshelk-VirtualBox kernel: [    0.000000]   AMD AuthenticAMD
Jan 14 13:00:16 rakeshelk-VirtualBox kernel: [    0.000000]   Centaur CentaurHauls
Jan 14 13:00:16 rakeshelk-VirtualBox kernel: [    0.000000] x86/fpu: Supporting XSAVE feature 0x001: 'x87 floating point registers'
Jan 14 13:00:16 rakeshelk-VirtualBox kernel: [    0.000000] x86/fpu: Supporting XSAVE feature 0x002: 'SSE registers'
Jan 14 13:00:16 rakeshelk-VirtualBox kernel: [    0.000000] x86/fpu: Supporting XSAVE feature 0x004: 'AVX registers'
Jan 14 13:00:16 rakeshelk-VirtualBox kernel: [    0.000000] x86/fpu: xstate_offset[2]:  576, xstate_sizes[2]:  256
Jan 14 13:00:16 rakeshelk-VirtualBox kernel: [    0.000000] x86/fpu: Enabled xstate features 0x7, context size is 832 bytes, using 'standard' format.
Jan 14 13:00:16 rakeshelk-VirtualBox kernel: [    0.000000] e820: BIOS-provided physical RAM map:
Jan 14 13:00:16 rakeshelk-VirtualBox kernel: [    0.000000] BIOS-e820: [mem 0x0000000000000000-0x000000000009fbff] usable
Jan 14 13:00:16 rakeshelk-VirtualBox kernel: [    0.000000] BIOS-e820: [mem 0x000000000009fc00-0x000000000009ffff] reserved
Jan 14 13:00:16 rakeshelk-VirtualBox kernel: [    0.000000] BIOS-e820: [mem 0x00000000000f0000-0x00000000000fffff] reserved
Jan 14 13:00:16 rakeshelk-VirtualBox kernel: [    0.000000] BIOS-e820: [mem 0x0000000000100000-0x00000000dffeffff] usable
Jan 14 13:00:16 rakeshelk-VirtualBox kernel: [    0.000000] BIOS-e820: [mem 0x00000000dfff0000-0x00000000dfffffff] ACPI data
Jan 14 13:00:16 rakeshelk-VirtualBox kernel: [    0.000000] BIOS-e820: [mem 0x00000000fec00000-0x00000000fec00fff] reserved
Jan 14 13:00:16 rakeshelk-VirtualBox kernel: [    0.000000] BIOS-e820: [mem 0x00000000fee00000-0x00000000fee00fff] reserved
Jan 14 13:00:16 rakeshelk-VirtualBox kernel: [    0.000000] BIOS-e820: [mem 0x00000000fffc0000-0x00000000ffffffff] reserved
Jan 14 13:00:16 rakeshelk-VirtualBox kernel: [    0.000000] BIOS-e820: [mem 0x0000000100000000-0x000000011fffffff] usable
Jan 14 13:00:16 rakeshelk-VirtualBox kernel: [    0.000000] NX (Execute Disable) protection: active
Jan 14 13:00:16 rakeshelk-VirtualBox kernel: [    0.000000] SMBIOS 2.5 present.
Jan 14 13:00:16 rakeshelk-VirtualBox kernel: [    0.000000] DMI: innotek GmbH VirtualBox/VirtualBox, BIOS VirtualBox 12/01/2006
Jan 14 13:00:16 rakeshelk-VirtualBox kernel: [    0.000000] Hypervisor detected: KVM
Jan 14 13:00:16 rakeshelk-VirtualBox kernel: [    0.000000] e820: update [mem 0x00000000-0x00000fff] usable ==> reserved
Jan 14 13:00:16 rakeshelk-VirtualBox kernel: [    0.000000] e820: remove [mem 0x000a0000-0x000fffff] usable
Jan 14 13:00:16 rakeshelk-VirtualBox kernel: [    0.000000] e820: last_pfn = 0x120000 max_arch_pfn = 0x400000000
Jan 14 13:00:16 rakeshelk-VirtualBox kernel: [    0.000000] MTRR default type: uncachable
Jan 14 13:00:16 rakeshelk-VirtualBox kernel: [    0.000000] MTRR variable ranges disabled:
Jan 14 13:00:16 rakeshelk-VirtualBox kernel: [    0.000000] MTRR: Disabled
Jan 14 13:00:16 rakeshelk-VirtualBox kernel: [    0.000000] x86/PAT: MTRRs disabled, skipping PAT initialization too.
Jan 14 13:00:16 rakeshelk-VirtualBox kernel: [    0.000000] CPU MTRRs all blank - virtualized system.
Jan 14 13:00:16 rakeshelk-VirtualBox kernel: [    0.000000] x86/PAT: Configuration [0-7]: WB  WT  UC- UC  WB  WT  UC- UC  
Jan 14 13:00:16 rakeshelk-VirtualBox kernel: [    0.000000] e820: last_pfn = 0xdfff0 max_arch_pfn = 0x400000000
Jan 14 13:00:16 rakeshelk-VirtualBox kernel: [    0.000000] Scanning 1 areas for low memory corruption
Jan 14 13:00:16 rakeshelk-VirtualBox kernel: [    0.000000] Base memory trampoline at [        (ptrval)] 99000 size 24576
Jan 14 13:00:16 rakeshelk-VirtualBox kernel: [    0.000000] BRK [0x6c53f000, 0x6c53ffff] PGTABLE
Jan 14 13:00:16 rakeshelk-VirtualBox kernel: [    0.000000] BRK [0x6c540000, 0x6c540fff] PGTABLE
Jan 14 13:00:16 rakeshelk-VirtualBox kernel: [    0.000000] BRK [0x6c541000, 0x6c541fff] PGTABLE
Jan 14 13:00:16 rakeshelk-VirtualBox kernel: [    0.000000] BRK [0x6c542000, 0x6c542fff] PGTABLE
Jan 14 13:00:16 rakeshelk-VirtualBox kernel: [    0.000000] BRK [0x6c543000, 0x6c543fff] PGTABLE
Jan 14 13:00:16 rakeshelk-VirtualBox kernel: [    0.000000] RAMDISK: [mem 0x31615000-0x34b01fff]
Jan 14 13:00:16 rakeshelk-VirtualBox kernel: [    0.000000] ACPI: Early table checksum verification disabled
Jan 14 13:00:16 rakeshelk-VirtualBox kernel: [    0.000000] ACPI: RSDP 0x00000000000E0000 000024 (v02 VBOX  )
Jan 14 13:00:16 rakeshelk-VirtualBox kernel: [    0.000000] ACPI: XSDT 0x00000000DFFF0030 00003C (v01 VBOX   VBOXXSDT 00000001 ASL  00000061)
Jan 14 13:00:16 rakeshelk-VirtualBox kernel: [    0.000000] ACPI: FACP 0x00000000DFFF00F0 0000F4 (v04 VBOX   VBOXFACP 00000001 ASL  00000061)
Jan 14 13:00:16 rakeshelk-VirtualBox kernel: [    0.000000] ACPI: DSDT 0x00000000DFFF0470 0022EA (v02 VBOX   VBOXBIOS 00000002 INTL 20100528)
Jan 14 13:00:16 rakeshelk-VirtualBox kernel: [    0.000000] ACPI: FACS 0x00000000DFFF0200 000040
Jan 14 13:00:16 rakeshelk-VirtualBox kernel: [    0.000000] ACPI: FACS 0x00000000DFFF0200 000040
Jan 14 13:00:16 rakeshelk-VirtualBox kernel: [    0.000000] ACPI: APIC 0x00000000DFFF0240 000054 (v02 VBOX   VBOXAPIC 00000001 ASL  00000061)
Jan 14 13:00:16 rakeshelk-VirtualBox kernel: [    0.000000] ACPI: SSDT 0x00000000DFFF02A0 0001CC (v01 VBOX   VBOXCPUT 00000002 INTL 20100528)
Jan 14 13:00:16 rakeshelk-VirtualBox kernel: [    0.000000] ACPI: Local APIC address 0xfee00000
Jan 14 13:00:16 rakeshelk-VirtualBox kernel: [    0.000000] No NUMA configuration found
Jan 14 13:00:16 rakeshelk-VirtualBox kernel: [    0.000000] Faking a node at [mem 0x0000000000000000-0x000000011fffffff]
Jan 14 13:00:16 rakeshelk-VirtualBox kernel: [    0.000000] NODE_DATA(0) allocated [mem 0x11ffd1000-0x11fffbfff]
Jan 14 13:00:16 rakeshelk-VirtualBox kernel: [    0.000000] kvm-clock: cpu 0, msr 1:1ff50001, primary cpu clock
Jan 14 13:00:16 rakeshelk-VirtualBox kernel: [    0.000000] kvm-clock: Using msrs 4b564d01 and 4b564d00
Jan 14 13:00:16 rakeshelk-VirtualBox kernel: [    0.000000] kvm-clock: using sched offset of 341727202958308 cycles
Jan 14 13:00:16 rakeshelk-VirtualBox kernel: [    0.000000] clocksource: kvm-clock: mask: 0xffffffffffffffff max_cycles: 0x1cd42e4dffb, max_idle_ns: 881590591483 ns
Jan 14 13:00:16 rakeshelk-VirtualBox kernel: [    0.000000] Zone ranges:
Jan 14 13:00:16 rakeshelk-VirtualBox kernel: [    0.000000]   DMA      [mem 0x0000000000001000-0x0000000000ffffff]
Jan 14 13:00:16 rakeshelk-VirtualBox kernel: [    0.000000]   DMA32    [mem 0x0000000001000000-0x00000000ffffffff]
Jan 14 13:00:16 rakeshelk-VirtualBox kernel: [    0.000000]   Normal   [mem 0x0000000100000000-0x000000011fffffff]
Jan 14 13:00:16 rakeshelk-VirtualBox kernel: [    0.000000]   Device   empty
Jan 14 13:00:16 rakeshelk-VirtualBox kernel: [    0.000000] Movable zone start for each node
Jan 14 13:00:16 rakeshelk-VirtualBox kernel: [    0.000000] Early memory node ranges
Jan 14 13:00:16 rakeshelk-VirtualBox kernel: [    0.000000]   node   0: [mem 0x0000000000001000-0x000000000009efff]
Jan 14 13:00:16 rakeshelk-VirtualBox kernel: [    0.000000]   node   0: [mem 0x0000000000100000-0x00000000dffeffff]
Jan 14 13:00:16 rakeshelk-VirtualBox kernel: [    0.000000]   node   0: [mem 0x0000000100000000-0x000000011fffffff]
Jan 14 13:00:16 rakeshelk-VirtualBox kernel: [    0.000000] Initmem setup node 0 [mem 0x0000000000001000-0x000000011fffffff]
Jan 14 13:00:16 rakeshelk-VirtualBox kernel: [    0.000000] On node 0 totalpages: 1048462
Jan 14 13:00:16 rakeshelk-VirtualBox kernel: [    0.000000]   DMA zone: 64 pages used for memmap
Jan 14 13:00:16 rakeshelk-VirtualBox kernel: [    0.000000]   DMA zone: 21 pages reserved
Jan 14 13:00:16 rakeshelk-VirtualBox kernel: [    0.000000]   DMA zone: 3998 pages, LIFO batch:0
Jan 14 13:00:16 rakeshelk-VirtualBox kernel: [    0.000000]   DMA32 zone: 14272 pages used for memmap
Jan 14 13:00:16 rakeshelk-VirtualBox kernel: [    0.000000]   DMA32 zone: 913392 pages, LIFO batch:31
Jan 14 13:00:16 rakeshelk-VirtualBox kernel: [    0.000000]   Normal zone: 2048 pages used for memmap
Jan 14 13:00:16 rakeshelk-VirtualBox kernel: [    0.000000]   Normal zone: 131072 pages, LIFO batch:31
Jan 14 13:00:16 rakeshelk-VirtualBox kernel: [    0.000000] Reserved but unavailable: 98 pages
Jan 14 13:00:16 rakeshelk-VirtualBox kernel: [    0.000000] ACPI: PM-Timer IO Port: 0x4008
Jan 14 13:00:16 rakeshelk-VirtualBox kernel: [    0.000000] ACPI: Local APIC address 0xfee00000
Jan 14 13:00:16 rakeshelk-VirtualBox kernel: [    0.000000] IOAPIC[0]: apic_id 1, version 32, address 0xfec00000, GSI 0-23
Jan 14 13:00:16 rakeshelk-VirtualBox kernel: [    0.000000] ACPI: INT_SRC_OVR (bus 0 bus_irq 0 global_irq 2 dfl dfl)
Jan 14 13:00:16 rakeshelk-VirtualBox kernel: [    0.000000] ACPI: INT_SRC_OVR (bus 0 bus_irq 9 global_irq 9 low level)
Jan 14 13:00:16 rakeshelk-VirtualBox kernel: [    0.000000] ACPI: IRQ0 used by override.
Jan 14 13:00:16 rakeshelk-VirtualBox kernel: [    0.000000] ACPI: IRQ9 used by override.
Jan 14 13:00:16 rakeshelk-VirtualBox kernel: [    0.000000] Using ACPI (MADT) for SMP configuration information
Jan 14 13:00:16 rakeshelk-VirtualBox kernel: [    0.000000] smpboot: Allowing 1 CPUs, 0 hotplug CPUs
Jan 14 13:00:16 rakeshelk-VirtualBox kernel: [    0.000000] PM: Registered nosave memory: [mem 0x00000000-0x00000fff]
Jan 14 13:00:16 rakeshelk-VirtualBox kernel: [    0.000000] PM: Registered nosave memory: [mem 0x0009f000-0x0009ffff]
Jan 14 13:00:16 rakeshelk-VirtualBox kernel: [    0.000000] PM: Registered nosave memory: [mem 0x000a0000-0x000effff]
Jan 14 13:00:16 rakeshelk-VirtualBox kernel: [    0.000000] PM: Registered nosave memory: [mem 0x000f0000-0x000fffff]
Jan 14 13:00:16 rakeshelk-VirtualBox kernel: [    0.000000] PM: Registered nosave memory: [mem 0xdfff0000-0xdfffffff]
Jan 14 13:00:16 rakeshelk-VirtualBox kernel: [    0.000000] PM: Registered nosave memory: [mem 0xe0000000-0xfebfffff]
Jan 14 13:00:16 rakeshelk-VirtualBox kernel: [    0.000000] PM: Registered nosave memory: [mem 0xfec00000-0xfec00fff]
Jan 14 13:00:16 rakeshelk-VirtualBox kernel: [    0.000000] PM: Registered nosave memory: [mem 0xfec01000-0xfedfffff]
Jan 14 13:00:16 rakeshelk-VirtualBox kernel: [    0.000000] PM: Registered nosave memory: [mem 0xfee00000-0xfee00fff]
Jan 14 13:00:16 rakeshelk-VirtualBox kernel: [    0.000000] PM: Registered nosave memory: [mem 0xfee01000-0xfffbffff]
Jan 14 13:00:16 rakeshelk-VirtualBox kernel: [    0.000000] PM: Registered nosave memory: [mem 0xfffc0000-0xffffffff]
Jan 14 13:00:16 rakeshelk-VirtualBox kernel: [    0.000000] e820: [mem 0xe0000000-0xfebfffff] available for PCI devices
Jan 14 13:00:16 rakeshelk-VirtualBox kernel: [    0.000000] Booting paravirtualized kernel on KVM
Jan 14 13:00:16 rakeshelk-VirtualBox kernel: [    0.000000] clocksource: refined-jiffies: mask: 0xffffffff max_cycles: 0xffffffff, max_idle_ns: 7645519600211568 ns
Jan 14 13:00:16 rakeshelk-VirtualBox kernel: [    0.000000] random: get_random_bytes called from start_kernel+0x99/0x4fd with crng_init=0
Jan 14 13:00:16 rakeshelk-VirtualBox kernel: [    0.000000] setup_percpu: NR_CPUS:8192 nr_cpumask_bits:1 nr_cpu_ids:1 nr_node_ids:1
Jan 14 13:00:16 rakeshelk-VirtualBox kernel: [    0.000000] percpu: Embedded 46 pages/cpu @        (ptrval) s151552 r8192 d28672 u2097152
Jan 14 13:00:16 rakeshelk-VirtualBox kernel: [    0.000000] pcpu-alloc: s151552 r8192 d28672 u2097152 alloc=1*2097152
Jan 14 13:00:16 rakeshelk-VirtualBox kernel: [    0.000000] pcpu-alloc: [0] 0 
Jan 14 13:00:16 rakeshelk-VirtualBox kernel: [    0.000000] PV qspinlock hash table entries: 256 (order: 0, 4096 bytes)
Jan 14 13:00:16 rakeshelk-VirtualBox kernel: [    0.000000] Built 1 zonelists, mobility grouping on.  Total pages: 1032057
Jan 14 13:00:16 rakeshelk-VirtualBox kernel: [    0.000000] Policy zone: Normal
Jan 14 13:00:16 rakeshelk-VirtualBox kernel: [    0.000000] Kernel command line: BOOT_IMAGE=/boot/vmlinuz-4.15.0-43-generic root=UUID=9e48d3ab-8a41-48f1-83b7-adef1e5ecf51 ro quiet splash
Jan 14 13:00:16 rakeshelk-VirtualBox kernel: [    0.000000] Calgary: detecting Calgary via BIOS EBDA area
Jan 14 13:00:16 rakeshelk-VirtualBox kernel: [    0.000000] Calgary: Unable to locate Rio Grande table in EBDA - bailing!
Jan 14 13:00:16 rakeshelk-VirtualBox kernel: [    0.000000] Memory: 3979180K/4193848K available (12300K kernel code, 2472K rwdata, 4252K rodata, 2408K init, 2416K bss, 214668K reserved, 0K cma-reserved)
Jan 14 13:00:16 rakeshelk-VirtualBox kernel: [    0.000000] SLUB: HWalign=64, Order=0-3, MinObjects=0, CPUs=1, Nodes=1
Jan 14 13:00:16 rakeshelk-VirtualBox kernel: [    0.000000] Kernel/User page tables isolation: enabled
Jan 14 13:00:16 rakeshelk-VirtualBox kernel: [    0.000000] ftrace: allocating 39186 entries in 154 pages
Jan 14 13:00:16 rakeshelk-VirtualBox kernel: [    0.004000] Hierarchical RCU implementation.
Jan 14 13:00:16 rakeshelk-VirtualBox kernel: [    0.004000] 	RCU restricting CPUs from NR_CPUS=8192 to nr_cpu_ids=1.
Jan 14 13:00:16 rakeshelk-VirtualBox kernel: [    0.004000] 	Tasks RCU enabled.
Jan 14 13:00:16 rakeshelk-VirtualBox kernel: [    0.004000] RCU: Adjusting geometry for rcu_fanout_leaf=16, nr_cpu_ids=1
Jan 14 13:00:16 rakeshelk-VirtualBox kernel: [    0.004000] NR_IRQS: 524544, nr_irqs: 256, preallocated irqs: 16
Jan 14 13:00:16 rakeshelk-VirtualBox kernel: [    0.004000] Console: colour VGA+ 80x25
Jan 14 13:00:16 rakeshelk-VirtualBox kernel: [    0.004000] console [tty0] enabled
Jan 14 13:00:16 rakeshelk-VirtualBox kernel: [    0.004000] ACPI: Core revision 20170831
Jan 14 13:00:16 rakeshelk-VirtualBox kernel: [    0.004000] ACPI: 2 ACPI AML tables successfully acquired and loaded
Jan 14 13:00:16 rakeshelk-VirtualBox kernel: [    0.004000] APIC: Switch to symmetric I/O mode setup
Jan 14 13:00:16 rakeshelk-VirtualBox kernel: [    0.004000] x2apic enabled
Jan 14 13:00:16 rakeshelk-VirtualBox kernel: [    0.004000] Switched APIC routing to physical x2apic.
Jan 14 13:00:16 rakeshelk-VirtualBox kernel: [    0.004000] ..TIMER: vector=0x30 apic1=0 pin1=2 apic2=-1 pin2=-1
Jan 14 13:00:16 rakeshelk-VirtualBox kernel: [    0.004000] tsc: Detected 3000.002 MHz processor
Jan 14 13:00:16 rakeshelk-VirtualBox kernel: [    0.004000] Calibrating delay loop (skipped) preset value.. 6000.00 BogoMIPS (lpj=12000008)
Jan 14 13:00:16 rakeshelk-VirtualBox kernel: [    0.004000] pid_max: default: 32768 minimum: 301
Jan 14 13:00:16 rakeshelk-VirtualBox kernel: [    0.004000] Security Framework initialized
Jan 14 13:00:16 rakeshelk-VirtualBox kernel: [    0.004000] Yama: becoming mindful.
Jan 14 13:00:16 rakeshelk-VirtualBox kernel: [    0.004000] AppArmor: AppArmor initialized
Jan 14 13:00:16 rakeshelk-VirtualBox kernel: [    0.004000] Dentry cache hash table entries: 524288 (order: 10, 4194304 bytes)
Jan 14 13:00:16 rakeshelk-VirtualBox kernel: [    0.004000] Inode-cache hash table entries: 262144 (order: 9, 2097152 bytes)
Jan 14 13:00:16 rakeshelk-VirtualBox kernel: [    0.004000] Mount-cache hash table entries: 8192 (order: 4, 65536 bytes)
Jan 14 13:00:16 rakeshelk-VirtualBox kernel: [    0.004000] Mountpoint-cache hash table entries: 8192 (order: 4, 65536 bytes)
Jan 14 13:00:16 rakeshelk-VirtualBox kernel: [    0.004000] mce: CPU supports 0 MCE banks
Jan 14 13:00:16 rakeshelk-VirtualBox kernel: [    0.004000] process: using mwait in idle threads
Jan 14 13:00:16 rakeshelk-VirtualBox kernel: [    0.004000] Last level iTLB entries: 4KB 128, 2MB 8, 4MB 8
Jan 14 13:00:16 rakeshelk-VirtualBox kernel: [    0.004000] Last level dTLB entries: 4KB 64, 2MB 0, 4MB 0, 1GB 4
Jan 14 13:00:16 rakeshelk-VirtualBox kernel: [    0.004000] Spectre V2 : Mitigation: Full generic retpoline
Jan 14 13:00:16 rakeshelk-VirtualBox kernel: [    0.004000] Spectre V2 : Spectre v2 / SpectreRSB mitigation: Filling RSB on context switch
Jan 14 13:00:16 rakeshelk-VirtualBox kernel: [    0.004000] Speculative Store Bypass: Vulnerable
Jan 14 13:00:16 rakeshelk-VirtualBox kernel: [    0.012574] Freeing SMP alternatives memory: 36K
Jan 14 13:00:16 rakeshelk-VirtualBox kernel: [    0.016000] smpboot: CPU0: Intel(R) Core(TM) i5-7400 CPU @ 3.00GHz (family: 0x6, model: 0x9e, stepping: 0x9)
Jan 14 13:00:16 rakeshelk-VirtualBox kernel: [    0.016000] Performance Events: unsupported p6 CPU model 158 no PMU driver, software events only.
Jan 14 13:00:16 rakeshelk-VirtualBox kernel: [    0.016000] Hierarchical SRCU implementation.
Jan 14 13:00:16 rakeshelk-VirtualBox kernel: [    0.016000] NMI watchdog: Perf event create on CPU 0 failed with -2
Jan 14 13:00:16 rakeshelk-VirtualBox kernel: [    0.016000] NMI watchdog: Perf NMI watchdog permanently disabled
Jan 14 13:00:16 rakeshelk-VirtualBox kernel: [    0.016000] smp: Bringing up secondary CPUs ...
Jan 14 13:00:16 rakeshelk-VirtualBox kernel: [    0.016000] smp: Brought up 1 node, 1 CPU
Jan 14 13:00:16 rakeshelk-VirtualBox kernel: [    0.016000] smpboot: Max logical packages: 1
Jan 14 13:00:16 rakeshelk-VirtualBox kernel: [    0.016000] smpboot: Total of 1 processors activated (6000.00 BogoMIPS)
Jan 14 13:00:16 rakeshelk-VirtualBox kernel: [    0.016000] devtmpfs: initialized
Jan 14 13:00:16 rakeshelk-VirtualBox kernel: [    0.016000] x86/mm: Memory block size: 128MB
Jan 14 13:00:16 rakeshelk-VirtualBox kernel: [    0.016000] evm: security.selinux
Jan 14 13:00:16 rakeshelk-VirtualBox kernel: [    0.016000] evm: security.SMACK64
Jan 14 13:00:16 rakeshelk-VirtualBox kernel: [    0.016000] evm: security.SMACK64EXEC
Jan 14 13:00:16 rakeshelk-VirtualBox kernel: [    0.016000] evm: security.SMACK64TRANSMUTE
Jan 14 13:00:16 rakeshelk-VirtualBox kernel: [    0.016000] evm: security.SMACK64MMAP
Jan 14 13:00:16 rakeshelk-VirtualBox kernel: [    0.016000] evm: security.apparmor
Jan 14 13:00:16 rakeshelk-VirtualBox kernel: [    0.016000] evm: security.ima
Jan 14 13:00:16 rakeshelk-VirtualBox kernel: [    0.016000] evm: security.capability
Jan 14 13:00:16 rakeshelk-VirtualBox kernel: [    0.016000] clocksource: jiffies: mask: 0xffffffff max_cycles: 0xffffffff, max_idle_ns: 7645041785100000 ns
Jan 14 13:00:16 rakeshelk-VirtualBox kernel: [    0.016000] futex hash table entries: 256 (order: 2, 16384 bytes)
Jan 14 13:00:16 rakeshelk-VirtualBox kernel: [    0.016000] pinctrl core: initialized pinctrl subsystem
Jan 14 13:00:16 rakeshelk-VirtualBox kernel: [    0.016000] RTC time:  7:29:55, date: 01/14/19
Jan 14 13:00:16 rakeshelk-VirtualBox kernel: [    0.016000] NET: Registered protocol family 16
Jan 14 13:00:16 rakeshelk-VirtualBox kernel: [    0.016000] audit: initializing netlink subsys (disabled)
Jan 14 13:00:16 rakeshelk-VirtualBox kernel: [    0.016000] cpuidle: using governor ladder
Jan 14 13:00:16 rakeshelk-VirtualBox kernel: [    0.016000] cpuidle: using governor menu
Jan 14 13:00:16 rakeshelk-VirtualBox kernel: [    0.016000] ACPI: bus type PCI registered
Jan 14 13:00:16 rakeshelk-VirtualBox kernel: [    0.016000] acpiphp: ACPI Hot Plug PCI Controller Driver version: 0.5
Jan 14 13:00:16 rakeshelk-VirtualBox kernel: [    0.016000] PCI: Using configuration type 1 for base access
Jan 14 13:00:16 rakeshelk-VirtualBox kernel: [    0.016000] audit: type=2000 audit(1547792723.113:1): state=initialized audit_enabled=0 res=1
Jan 14 13:00:16 rakeshelk-VirtualBox kernel: [    0.016631] HugeTLB registered 2.00 MiB page size, pre-allocated 0 pages
Jan 14 13:00:16 rakeshelk-VirtualBox kernel: [    0.016778] ACPI: Added _OSI(Module Device)
Jan 14 13:00:16 rakeshelk-VirtualBox kernel: [    0.016779] ACPI: Added _OSI(Processor Device)
Jan 14 13:00:16 rakeshelk-VirtualBox kernel: [    0.016780] ACPI: Added _OSI(3.0 _SCP Extensions)
Jan 14 13:00:16 rakeshelk-VirtualBox kernel: [    0.016780] ACPI: Added _OSI(Processor Aggregator Device)
Jan 14 13:00:16 rakeshelk-VirtualBox kernel: [    0.016781] ACPI: Added _OSI(Linux-Dell-Video)
Jan 14 13:00:16 rakeshelk-VirtualBox kernel: [    0.016782] ACPI: Added _OSI(Linux-Lenovo-NV-HDMI-Audio)
Jan 14 13:00:16 rakeshelk-VirtualBox kernel: [    0.017417] ACPI: Executed 1 blocks of module-level executable AML code
Jan 14 13:00:16 rakeshelk-VirtualBox kernel: [    0.022078] ACPI: Interpreter enabled
Jan 14 13:00:16 rakeshelk-VirtualBox kernel: [    0.022089] ACPI: (supports S0 S5)
Jan 14 13:00:16 rakeshelk-VirtualBox kernel: [    0.022091] ACPI: Using IOAPIC for interrupt routing
Jan 14 13:00:16 rakeshelk-VirtualBox kernel: [    0.022582] PCI: Using host bridge windows from ACPI; if necessary, use "pci=nocrs" and report a bug
Jan 14 13:00:16 rakeshelk-VirtualBox kernel: [    0.022795] ACPI: Enabled 2 GPEs in block 00 to 07
Jan 14 13:00:16 rakeshelk-VirtualBox kernel: [    0.033826] ACPI: PCI Root Bridge [PCI0] (domain 0000 [bus 00-ff])
Jan 14 13:00:16 rakeshelk-VirtualBox kernel: [    0.033830] acpi PNP0A03:00: _OSC: OS supports [ASPM ClockPM Segments MSI]
Jan 14 13:00:16 rakeshelk-VirtualBox kernel: [    0.034482] acpi PNP0A03:00: _OSC: not requesting OS control; OS requires [ExtendedConfig ASPM ClockPM MSI]
Jan 14 13:00:16 rakeshelk-VirtualBox kernel: [    0.034491] acpi PNP0A03:00: fail to add MMCONFIG information, can't access extended PCI configuration space under this bridge.
Jan 14 13:00:16 rakeshelk-VirtualBox kernel: [    0.034817] PCI host bridge to bus 0000:00
Jan 14 13:00:16 rakeshelk-VirtualBox kernel: [    0.034819] pci_bus 0000:00: root bus resource [io  0x0000-0x0cf7 window]
Jan 14 13:00:16 rakeshelk-VirtualBox kernel: [    0.034820] pci_bus 0000:00: root bus resource [io  0x0d00-0xffff window]
Jan 14 13:00:16 rakeshelk-VirtualBox kernel: [    0.034821] pci_bus 0000:00: root bus resource [mem 0x000a0000-0x000bffff window]
Jan 14 13:00:16 rakeshelk-VirtualBox kernel: [    0.034823] pci_bus 0000:00: root bus resource [mem 0xe0000000-0xfdffffff window]
Jan 14 13:00:16 rakeshelk-VirtualBox kernel: [    0.034824] pci_bus 0000:00: root bus resource [bus 00-ff]
Jan 14 13:00:16 rakeshelk-VirtualBox kernel: [    0.034861] pci 0000:00:00.0: [8086:1237] type 00 class 0x060000
Jan 14 13:00:16 rakeshelk-VirtualBox kernel: [    0.036535] pci 0000:00:01.0: [8086:7000] type 00 class 0x060100
Jan 14 13:00:16 rakeshelk-VirtualBox kernel: [    0.037301] pci 0000:00:01.1: [8086:7111] type 00 class 0x01018a
Jan 14 13:00:16 rakeshelk-VirtualBox kernel: [    0.037685] pci 0000:00:01.1: reg 0x20: [io  0xd000-0xd00f]
Jan 14 13:00:16 rakeshelk-VirtualBox kernel: [    0.037861] pci 0000:00:01.1: legacy IDE quirk: reg 0x10: [io  0x01f0-0x01f7]
Jan 14 13:00:16 rakeshelk-VirtualBox kernel: [    0.037862] pci 0000:00:01.1: legacy IDE quirk: reg 0x14: [io  0x03f6]
Jan 14 13:00:16 rakeshelk-VirtualBox kernel: [    0.037863] pci 0000:00:01.1: legacy IDE quirk: reg 0x18: [io  0x0170-0x0177]
Jan 14 13:00:16 rakeshelk-VirtualBox kernel: [    0.037864] pci 0000:00:01.1: legacy IDE quirk: reg 0x1c: [io  0x0376]
Jan 14 13:00:16 rakeshelk-VirtualBox kernel: [    0.038093] pci 0000:00:02.0: [15ad:0405] type 00 class 0x030000
Jan 14 13:00:16 rakeshelk-VirtualBox kernel: [    0.040314] pci 0000:00:02.0: reg 0x10: [io  0xd010-0xd01f]
Jan 14 13:00:16 rakeshelk-VirtualBox kernel: [    0.042249] pci 0000:00:02.0: reg 0x14: [mem 0xf0000000-0xf0ffffff]
Jan 14 13:00:16 rakeshelk-VirtualBox kernel: [    0.044312] pci 0000:00:02.0: reg 0x18: [mem 0xf1000000-0xf11fffff]
Jan 14 13:00:16 rakeshelk-VirtualBox kernel: [    0.056630] pci 0000:00:03.0: [8086:100e] type 00 class 0x020000
Jan 14 13:00:16 rakeshelk-VirtualBox kernel: [    0.058288] pci 0000:00:03.0: reg 0x10: [mem 0xf1200000-0xf121ffff]
Jan 14 13:00:16 rakeshelk-VirtualBox kernel: [    0.060111] pci 0000:00:03.0: reg 0x18: [io  0xd020-0xd027]
Jan 14 13:00:16 rakeshelk-VirtualBox kernel: [    0.070961] pci 0000:00:04.0: [80ee:cafe] type 00 class 0x088000
Jan 14 13:00:16 rakeshelk-VirtualBox kernel: [    0.072085] pci 0000:00:04.0: reg 0x10: [io  0xd040-0xd05f]
Jan 14 13:00:16 rakeshelk-VirtualBox kernel: [    0.073516] pci 0000:00:04.0: reg 0x14: [mem 0xf1400000-0xf17fffff]
Jan 14 13:00:16 rakeshelk-VirtualBox kernel: [    0.075119] pci 0000:00:04.0: reg 0x18: [mem 0xf1800000-0xf1803fff pref]
Jan 14 13:00:16 rakeshelk-VirtualBox kernel: [    0.084391] pci 0000:00:05.0: [8086:2415] type 00 class 0x040100
Jan 14 13:00:16 rakeshelk-VirtualBox kernel: [    0.084537] pci 0000:00:05.0: reg 0x10: [io  0xd100-0xd1ff]
Jan 14 13:00:16 rakeshelk-VirtualBox kernel: [    0.084614] pci 0000:00:05.0: reg 0x14: [io  0xd200-0xd23f]
Jan 14 13:00:16 rakeshelk-VirtualBox kernel: [    0.085771] pci 0000:00:06.0: [106b:003f] type 00 class 0x0c0310
Jan 14 13:00:16 rakeshelk-VirtualBox kernel: [    0.087372] pci 0000:00:06.0: reg 0x10: [mem 0xf1804000-0xf1804fff]
Jan 14 13:00:16 rakeshelk-VirtualBox kernel: [    0.096732] pci 0000:00:07.0: [8086:7113] type 00 class 0x068000
Jan 14 13:00:16 rakeshelk-VirtualBox kernel: [    0.097363] pci 0000:00:07.0: quirk: [io  0x4000-0x403f] claimed by PIIX4 ACPI
Jan 14 13:00:16 rakeshelk-VirtualBox kernel: [    0.097373] pci 0000:00:07.0: quirk: [io  0x4100-0x410f] claimed by PIIX4 SMB
Jan 14 13:00:16 rakeshelk-VirtualBox kernel: [    0.097687] pci 0000:00:0d.0: [8086:2829] type 00 class 0x010601
Jan 14 13:00:16 rakeshelk-VirtualBox kernel: [    0.100168] pci 0000:00:0d.0: reg 0x10: [io  0xd240-0xd247]
Jan 14 13:00:16 rakeshelk-VirtualBox kernel: [    0.101762] pci 0000:00:0d.0: reg 0x14: [io  0xd248-0xd24b]
Jan 14 13:00:16 rakeshelk-VirtualBox kernel: [    0.104077] pci 0000:00:0d.0: reg 0x18: [io  0xd250-0xd257]
Jan 14 13:00:16 rakeshelk-VirtualBox kernel: [    0.105643] pci 0000:00:0d.0: reg 0x1c: [io  0xd258-0xd25b]
Jan 14 13:00:16 rakeshelk-VirtualBox kernel: [    0.108082] pci 0000:00:0d.0: reg 0x20: [io  0xd260-0xd26f]
Jan 14 13:00:16 rakeshelk-VirtualBox kernel: [    0.109724] pci 0000:00:0d.0: reg 0x24: [mem 0xf1806000-0xf1807fff]
Jan 14 13:00:16 rakeshelk-VirtualBox kernel: [    0.113749] ACPI: PCI Interrupt Link [LNKA] (IRQs 5 9 10 *11)
Jan 14 13:00:16 rakeshelk-VirtualBox kernel: [    0.114235] ACPI: PCI Interrupt Link [LNKB] (IRQs 5 9 *10 11)
Jan 14 13:00:16 rakeshelk-VirtualBox kernel: [    0.114575] ACPI: PCI Interrupt Link [LNKC] (IRQs 5 *9 10 11)
Jan 14 13:00:16 rakeshelk-VirtualBox kernel: [    0.114694] ACPI: PCI Interrupt Link [LNKD] (IRQs 5 9 10 *11)
Jan 14 13:00:16 rakeshelk-VirtualBox kernel: [    0.114988] SCSI subsystem initialized
Jan 14 13:00:16 rakeshelk-VirtualBox kernel: [    0.115020] libata version 3.00 loaded.
Jan 14 13:00:16 rakeshelk-VirtualBox kernel: [    0.115059] pci 0000:00:02.0: vgaarb: setting as boot VGA device
Jan 14 13:00:16 rakeshelk-VirtualBox kernel: [    0.115061] pci 0000:00:02.0: vgaarb: VGA device added: decodes=io+mem,owns=io+mem,locks=none
Jan 14 13:00:16 rakeshelk-VirtualBox kernel: [    0.115063] pci 0000:00:02.0: vgaarb: bridge control possible
Jan 14 13:00:16 rakeshelk-VirtualBox kernel: [    0.115064] vgaarb: loaded
Jan 14 13:00:16 rakeshelk-VirtualBox kernel: [    0.115079] ACPI: bus type USB registered
Jan 14 13:00:16 rakeshelk-VirtualBox kernel: [    0.115091] usbcore: registered new interface driver usbfs
Jan 14 13:00:16 rakeshelk-VirtualBox kernel: [    0.115096] usbcore: registered new interface driver hub
Jan 14 13:00:16 rakeshelk-VirtualBox kernel: [    0.115104] usbcore: registered new device driver usb
Jan 14 13:00:16 rakeshelk-VirtualBox kernel: [    0.115140] EDAC MC: Ver: 3.0.0
Jan 14 13:00:16 rakeshelk-VirtualBox kernel: [    0.115419] PCI: Using ACPI for IRQ routing
Jan 14 13:00:16 rakeshelk-VirtualBox kernel: [    0.115420] PCI: pci_cache_line_size set to 64 bytes
Jan 14 13:00:16 rakeshelk-VirtualBox kernel: [    0.116075] e820: reserve RAM buffer [mem 0x0009fc00-0x0009ffff]
Jan 14 13:00:16 rakeshelk-VirtualBox kernel: [    0.116078] e820: reserve RAM buffer [mem 0xdfff0000-0xdfffffff]
Jan 14 13:00:16 rakeshelk-VirtualBox kernel: [    0.116175] NetLabel: Initializing
Jan 14 13:00:16 rakeshelk-VirtualBox kernel: [    0.116175] NetLabel:  domain hash size = 128
Jan 14 13:00:16 rakeshelk-VirtualBox kernel: [    0.116176] NetLabel:  protocols = UNLABELED CIPSOv4 CALIPSO
Jan 14 13:00:16 rakeshelk-VirtualBox kernel: [    0.116191] NetLabel:  unlabeled traffic allowed by default
Jan 14 13:00:16 rakeshelk-VirtualBox kernel: [    0.116574] clocksource: Switched to clocksource kvm-clock
Jan 14 13:00:16 rakeshelk-VirtualBox kernel: [    0.131092] VFS: Disk quotas dquot_6.6.0
Jan 14 13:00:16 rakeshelk-VirtualBox kernel: [    0.131111] VFS: Dquot-cache hash table entries: 512 (order 0, 4096 bytes)
Jan 14 13:00:16 rakeshelk-VirtualBox kernel: [    0.131211] AppArmor: AppArmor Filesystem Enabled
Jan 14 13:00:16 rakeshelk-VirtualBox kernel: [    0.131233] pnp: PnP ACPI init
Jan 14 13:00:16 rakeshelk-VirtualBox kernel: [    0.131301] pnp 00:00: Plug and Play ACPI device, IDs PNP0303 (active)
Jan 14 13:00:16 rakeshelk-VirtualBox kernel: [    0.131371] pnp 00:01: Plug and Play ACPI device, IDs PNP0f03 (active)
Jan 14 13:00:16 rakeshelk-VirtualBox kernel: [    0.132316] pnp: PnP ACPI: found 2 devices
Jan 14 13:00:16 rakeshelk-VirtualBox kernel: [    0.138049] clocksource: acpi_pm: mask: 0xffffff max_cycles: 0xffffff, max_idle_ns: 2085701024 ns
Jan 14 13:00:16 rakeshelk-VirtualBox kernel: [    0.138060] pci_bus 0000:00: resource 4 [io  0x0000-0x0cf7 window]
Jan 14 13:00:16 rakeshelk-VirtualBox kernel: [    0.138061] pci_bus 0000:00: resource 5 [io  0x0d00-0xffff window]
Jan 14 13:00:16 rakeshelk-VirtualBox kernel: [    0.138063] pci_bus 0000:00: resource 6 [mem 0x000a0000-0x000bffff window]
Jan 14 13:00:16 rakeshelk-VirtualBox kernel: [    0.138064] pci_bus 0000:00: resource 7 [mem 0xe0000000-0xfdffffff window]
Jan 14 13:00:16 rakeshelk-VirtualBox kernel: [    0.138135] NET: Registered protocol family 2
Jan 14 13:00:16 rakeshelk-VirtualBox kernel: [    0.138363] TCP established hash table entries: 32768 (order: 6, 262144 bytes)
Jan 14 13:00:16 rakeshelk-VirtualBox kernel: [    0.138402] TCP bind hash table entries: 32768 (order: 7, 524288 bytes)
Jan 14 13:00:16 rakeshelk-VirtualBox kernel: [    0.138440] TCP: Hash tables configured (established 32768 bind 32768)
Jan 14 13:00:16 rakeshelk-VirtualBox kernel: [    0.138458] UDP hash table entries: 2048 (order: 4, 65536 bytes)
Jan 14 13:00:16 rakeshelk-VirtualBox kernel: [    0.138466] UDP-Lite hash table entries: 2048 (order: 4, 65536 bytes)
Jan 14 13:00:16 rakeshelk-VirtualBox kernel: [    0.138493] NET: Registered protocol family 1
Jan 14 13:00:16 rakeshelk-VirtualBox kernel: [    0.138500] pci 0000:00:00.0: Limiting direct PCI/PCI transfers
Jan 14 13:00:16 rakeshelk-VirtualBox kernel: [    0.138530] pci 0000:00:01.0: Activating ISA DMA hang workarounds
Jan 14 13:00:16 rakeshelk-VirtualBox kernel: [    0.138576] pci 0000:00:02.0: Video device with shadowed ROM at [mem 0x000c0000-0x000dffff]
Jan 14 13:00:16 rakeshelk-VirtualBox kernel: [    0.141520] PCI: CLS 0 bytes, default 64
Jan 14 13:00:16 rakeshelk-VirtualBox kernel: [    0.141560] Unpacking initramfs...
Jan 14 13:00:16 rakeshelk-VirtualBox kernel: [    0.765536] Freeing initrd memory: 54196K
Jan 14 13:00:16 rakeshelk-VirtualBox kernel: [    0.765562] PCI-DMA: Using software bounce buffering for IO (SWIOTLB)
Jan 14 13:00:16 rakeshelk-VirtualBox kernel: [    0.765564] software IO TLB [mem 0xdbff0000-0xdfff0000] (64MB) mapped at [        (ptrval)-        (ptrval)]
Jan 14 13:00:16 rakeshelk-VirtualBox kernel: [    0.765646] platform rtc_cmos: registered platform RTC device (no PNP device found)
Jan 14 13:00:16 rakeshelk-VirtualBox kernel: [    0.765659] Scanning for low memory corruption every 60 seconds
Jan 14 13:00:16 rakeshelk-VirtualBox kernel: [    0.766073] Initialise system trusted keyrings
Jan 14 13:00:16 rakeshelk-VirtualBox kernel: [    0.766080] Key type blacklist registered
Jan 14 13:00:16 rakeshelk-VirtualBox kernel: [    0.766107] workingset: timestamp_bits=36 max_order=20 bucket_order=0
Jan 14 13:00:16 rakeshelk-VirtualBox kernel: [    0.767182] zbud: loaded
Jan 14 13:00:16 rakeshelk-VirtualBox kernel: [    0.767806] squashfs: version 4.0 (2009/01/31) Phillip Lougher
Jan 14 13:00:16 rakeshelk-VirtualBox kernel: [    0.767937] fuse init (API version 7.26)
Jan 14 13:00:16 rakeshelk-VirtualBox kernel: [    0.768786] Key type asymmetric registered
Jan 14 13:00:16 rakeshelk-VirtualBox kernel: [    0.768787] Asymmetric key parser 'x509' registered
Jan 14 13:00:16 rakeshelk-VirtualBox kernel: [    0.768823] Block layer SCSI generic (bsg) driver version 0.4 loaded (major 246)
Jan 14 13:00:16 rakeshelk-VirtualBox kernel: [    0.768858] io scheduler noop registered
Jan 14 13:00:16 rakeshelk-VirtualBox kernel: [    0.768859] io scheduler deadline registered
Jan 14 13:00:16 rakeshelk-VirtualBox kernel: [    0.768883] io scheduler cfq registered (default)
Jan 14 13:00:16 rakeshelk-VirtualBox kernel: [    0.769163] ACPI: AC Adapter [AC] (on-line)
Jan 14 13:00:16 rakeshelk-VirtualBox kernel: [    0.769203] input: Power Button as /devices/LNXSYSTM:00/LNXPWRBN:00/input/input0
Jan 14 13:00:16 rakeshelk-VirtualBox kernel: [    0.769215] ACPI: Power Button [PWRF]
Jan 14 13:00:16 rakeshelk-VirtualBox kernel: [    0.769275] input: Sleep Button as /devices/LNXSYSTM:00/LNXSLPBN:00/input/input1
Jan 14 13:00:16 rakeshelk-VirtualBox kernel: [    0.769280] ACPI: Sleep Button [SLPF]
Jan 14 13:00:16 rakeshelk-VirtualBox kernel: [    0.769513] Serial: 8250/16550 driver, 32 ports, IRQ sharing enabled
Jan 14 13:00:16 rakeshelk-VirtualBox kernel: [    0.770875] Linux agpgart interface v0.103
Jan 14 13:00:16 rakeshelk-VirtualBox kernel: [    0.778227] loop: module loaded
Jan 14 13:00:16 rakeshelk-VirtualBox kernel: [    0.778320] ata_piix 0000:00:01.1: version 2.13
Jan 14 13:00:16 rakeshelk-VirtualBox kernel: [    0.778650] scsi host0: ata_piix
Jan 14 13:00:16 rakeshelk-VirtualBox kernel: [    0.778697] scsi host1: ata_piix
Jan 14 13:00:16 rakeshelk-VirtualBox kernel: [    0.778720] ata1: PATA max UDMA/33 cmd 0x1f0 ctl 0x3f6 bmdma 0xd000 irq 14
Jan 14 13:00:16 rakeshelk-VirtualBox kernel: [    0.778721] ata2: PATA max UDMA/33 cmd 0x170 ctl 0x376 bmdma 0xd008 irq 15
Jan 14 13:00:16 rakeshelk-VirtualBox kernel: [    0.778781] libphy: Fixed MDIO Bus: probed
Jan 14 13:00:16 rakeshelk-VirtualBox kernel: [    0.778782] tun: Universal TUN/TAP device driver, 1.6
Jan 14 13:00:16 rakeshelk-VirtualBox kernel: [    0.779040] PPP generic driver version 2.4.2
Jan 14 13:00:16 rakeshelk-VirtualBox kernel: [    0.779071] ehci_hcd: USB 2.0 'Enhanced' Host Controller (EHCI) Driver
Jan 14 13:00:16 rakeshelk-VirtualBox kernel: [    0.779073] ehci-pci: EHCI PCI platform driver
Jan 14 13:00:16 rakeshelk-VirtualBox kernel: [    0.779094] ehci-platform: EHCI generic platform driver
Jan 14 13:00:16 rakeshelk-VirtualBox kernel: [    0.779100] ohci_hcd: USB 1.1 'Open' Host Controller (OHCI) Driver
Jan 14 13:00:16 rakeshelk-VirtualBox kernel: [    0.779102] ohci-pci: OHCI PCI platform driver
Jan 14 13:00:16 rakeshelk-VirtualBox kernel: [    0.779775] ohci-pci 0000:00:06.0: OHCI PCI host controller
Jan 14 13:00:16 rakeshelk-VirtualBox kernel: [    0.779779] ohci-pci 0000:00:06.0: new USB bus registered, assigned bus number 1
Jan 14 13:00:16 rakeshelk-VirtualBox kernel: [    0.779833] ohci-pci 0000:00:06.0: irq 22, io mem 0xf1804000
Jan 14 13:00:16 rakeshelk-VirtualBox kernel: [    0.836423] usb usb1: New USB device found, idVendor=1d6b, idProduct=0001
Jan 14 13:00:16 rakeshelk-VirtualBox kernel: [    0.836425] usb usb1: New USB device strings: Mfr=3, Product=2, SerialNumber=1
Jan 14 13:00:16 rakeshelk-VirtualBox kernel: [    0.836426] usb usb1: Product: OHCI PCI host controller
Jan 14 13:00:16 rakeshelk-VirtualBox kernel: [    0.836427] usb usb1: Manufacturer: Linux 4.15.0-43-generic ohci_hcd
Jan 14 13:00:16 rakeshelk-VirtualBox kernel: [    0.836429] usb usb1: SerialNumber: 0000:00:06.0
Jan 14 13:00:16 rakeshelk-VirtualBox kernel: [    0.836521] hub 1-0:1.0: USB hub found
Jan 14 13:00:16 rakeshelk-VirtualBox kernel: [    0.836532] hub 1-0:1.0: 12 ports detected
Jan 14 13:00:16 rakeshelk-VirtualBox kernel: [    0.836849] ohci-platform: OHCI generic platform driver
Jan 14 13:00:16 rakeshelk-VirtualBox kernel: [    0.836858] uhci_hcd: USB Universal Host Controller Interface driver
Jan 14 13:00:16 rakeshelk-VirtualBox kernel: [    0.836901] i8042: PNP: PS/2 Controller [PNP0303:PS2K,PNP0f03:PS2M] at 0x60,0x64 irq 1,12
Jan 14 13:00:16 rakeshelk-VirtualBox kernel: [    0.837322] serio: i8042 KBD port at 0x60,0x64 irq 1
Jan 14 13:00:16 rakeshelk-VirtualBox kernel: [    0.837347] serio: i8042 AUX port at 0x60,0x64 irq 12
Jan 14 13:00:16 rakeshelk-VirtualBox kernel: [    0.837404] mousedev: PS/2 mouse device common for all mice
Jan 14 13:00:16 rakeshelk-VirtualBox kernel: [    0.837697] input: AT Translated Set 2 keyboard as /devices/platform/i8042/serio0/input/input2
Jan 14 13:00:16 rakeshelk-VirtualBox kernel: [    0.838118] rtc_cmos rtc_cmos: rtc core: registered rtc_cmos as rtc0
Jan 14 13:00:16 rakeshelk-VirtualBox kernel: [    0.838172] rtc_cmos rtc_cmos: alarms up to one day, 114 bytes nvram
Jan 14 13:00:16 rakeshelk-VirtualBox kernel: [    0.838178] i2c /dev entries driver
Jan 14 13:00:16 rakeshelk-VirtualBox kernel: [    0.838182] pcie_mp2_amd: AMD(R) PCI-E MP2 Communication Driver Version: 1.0
Jan 14 13:00:16 rakeshelk-VirtualBox kernel: [    0.838245] device-mapper: uevent: version 1.0.3
Jan 14 13:00:16 rakeshelk-VirtualBox kernel: [    0.838322] device-mapper: ioctl: 4.37.0-ioctl (2017-09-20) initialised: dm-devel@redhat.com
Jan 14 13:00:16 rakeshelk-VirtualBox kernel: [    0.838331] ledtrig-cpu: registered to indicate activity on CPUs
Jan 14 13:00:16 rakeshelk-VirtualBox kernel: [    0.838481] intel_pmc_core:  initialized
Jan 14 13:00:16 rakeshelk-VirtualBox kernel: [    0.838722] NET: Registered protocol family 10
Jan 14 13:00:16 rakeshelk-VirtualBox kernel: [    0.842067] Segment Routing with IPv6
Jan 14 13:00:16 rakeshelk-VirtualBox kernel: [    0.842085] NET: Registered protocol family 17
Jan 14 13:00:16 rakeshelk-VirtualBox kernel: [    0.842110] Key type dns_resolver registered
Jan 14 13:00:16 rakeshelk-VirtualBox kernel: [    0.842202] RAS: Correctable Errors collector initialized.
Jan 14 13:00:16 rakeshelk-VirtualBox kernel: [    0.842208] sched_clock: Marking stable (840440351, 0)->(1045826917, -205386566)
Jan 14 13:00:16 rakeshelk-VirtualBox kernel: [    0.842300] registered taskstats version 1
Jan 14 13:00:16 rakeshelk-VirtualBox kernel: [    0.842306] Loading compiled-in X.509 certificates
Jan 14 13:00:16 rakeshelk-VirtualBox kernel: [    0.844094] Loaded X.509 cert 'Build time autogenerated kernel key: 6afcca3ddc80072aeae87585a7fdb65d40603f58'
Jan 14 13:00:16 rakeshelk-VirtualBox kernel: [    0.844106] zswap: loaded using pool lzo/zbud
Jan 14 13:00:16 rakeshelk-VirtualBox kernel: [    0.846915] Key type big_key registered
Jan 14 13:00:16 rakeshelk-VirtualBox kernel: [    0.846918] Key type trusted registered
Jan 14 13:00:16 rakeshelk-VirtualBox kernel: [    0.848217] Key type encrypted registered
Jan 14 13:00:16 rakeshelk-VirtualBox kernel: [    0.848219] AppArmor: AppArmor sha1 policy hashing enabled
Jan 14 13:00:16 rakeshelk-VirtualBox kernel: [    0.848221] ima: No TPM chip found, activating TPM-bypass! (rc=-19)
Jan 14 13:00:16 rakeshelk-VirtualBox kernel: [    0.848225] ima: Allocated hash algorithm: sha1
Jan 14 13:00:16 rakeshelk-VirtualBox kernel: [    0.848236] evm: HMAC attrs: 0x1
Jan 14 13:00:16 rakeshelk-VirtualBox kernel: [    0.848500]   Magic number: 3:686:470
Jan 14 13:00:16 rakeshelk-VirtualBox kernel: [    0.848560] rtc_cmos rtc_cmos: setting system clock to 2019-01-14 07:29:56 UTC (1547450996)
Jan 14 13:00:16 rakeshelk-VirtualBox kernel: [    0.848617] BIOS EDD facility v0.16 2004-Jun-25, 0 devices found
Jan 14 13:00:16 rakeshelk-VirtualBox kernel: [    0.848617] EDD information not available.
Jan 14 13:00:16 rakeshelk-VirtualBox kernel: [    0.941034] ata2.00: ATAPI: VBOX CD-ROM, 1.0, max UDMA/133
Jan 14 13:00:16 rakeshelk-VirtualBox kernel: [    0.941377] ata2.00: configured for UDMA/33
Jan 14 13:00:16 rakeshelk-VirtualBox kernel: [    0.941794] scsi 1:0:0:0: CD-ROM            VBOX     CD-ROM           1.0  PQ: 0 ANSI: 5
Jan 14 13:00:16 rakeshelk-VirtualBox kernel: [    0.942251] sr 1:0:0:0: [sr0] scsi3-mmc drive: 32x/32x xa/form2 tray
Jan 14 13:00:16 rakeshelk-VirtualBox kernel: [    0.942252] cdrom: Uniform CD-ROM driver Revision: 3.20
Jan 14 13:00:16 rakeshelk-VirtualBox kernel: [    0.942352] sr 1:0:0:0: Attached scsi CD-ROM sr0
Jan 14 13:00:16 rakeshelk-VirtualBox kernel: [    0.942494] sr 1:0:0:0: Attached scsi generic sg0 type 5
Jan 14 13:00:16 rakeshelk-VirtualBox kernel: [    0.953252] Freeing unused kernel memory: 2408K
Jan 14 13:00:16 rakeshelk-VirtualBox kernel: [    0.960221] Write protecting the kernel read-only data: 20480k
Jan 14 13:00:16 rakeshelk-VirtualBox kernel: [    0.960549] Freeing unused kernel memory: 2008K
Jan 14 13:00:16 rakeshelk-VirtualBox kernel: [    0.963845] Freeing unused kernel memory: 1892K
Jan 14 13:00:16 rakeshelk-VirtualBox kernel: [    0.972267] x86/mm: Checked W+X mappings: passed, no W+X pages found.
Jan 14 13:00:16 rakeshelk-VirtualBox kernel: [    0.972267] x86/mm: Checking user space page tables
Jan 14 13:00:16 rakeshelk-VirtualBox kernel: [    0.980761] x86/mm: Checked W+X mappings: passed, no W+X pages found.
Jan 14 13:00:16 rakeshelk-VirtualBox kernel: [    1.087089] ACPI: Video Device [GFX0] (multi-head: yes  rom: no  post: no)
Jan 14 13:00:16 rakeshelk-VirtualBox kernel: [    1.087153] input: Video Bus as /devices/LNXSYSTM:00/LNXSYBUS:00/PNP0A03:00/LNXVIDEO:00/input/input4
Jan 14 13:00:16 rakeshelk-VirtualBox kernel: [    1.108443] e1000: Intel(R) PRO/1000 Network Driver - version 7.3.21-k8-NAPI
Jan 14 13:00:16 rakeshelk-VirtualBox kernel: [    1.108444] e1000: Copyright (c) 1999-2006 Intel Corporation.
Jan 14 13:00:16 rakeshelk-VirtualBox kernel: [    1.275858] usb 1-1: new full-speed USB device number 2 using ohci-pci
Jan 14 13:00:16 rakeshelk-VirtualBox kernel: [    1.326225] input: ImExPS/2 Generic Explorer Mouse as /devices/platform/i8042/serio1/input/input5
Jan 14 13:00:16 rakeshelk-VirtualBox kernel: [    1.553682] e1000 0000:00:03.0 eth0: (PCI:33MHz:32-bit) 08:00:27:12:25:cf
Jan 14 13:00:16 rakeshelk-VirtualBox kernel: [    1.553686] e1000 0000:00:03.0 eth0: Intel(R) PRO/1000 Network Connection
Jan 14 13:00:16 rakeshelk-VirtualBox kernel: [    1.553801] piix4_smbus 0000:00:07.0: SMBus Host Controller at 0x4100, revision 0
Jan 14 13:00:16 rakeshelk-VirtualBox kernel: [    1.553990] ahci 0000:00:0d.0: version 3.0
Jan 14 13:00:16 rakeshelk-VirtualBox kernel: [    1.554800] ahci 0000:00:0d.0: SSS flag set, parallel bus scan disabled
Jan 14 13:00:16 rakeshelk-VirtualBox kernel: [    1.554921] ahci 0000:00:0d.0: AHCI 0001.0100 32 slots 1 ports 3 Gbps 0x1 impl SATA mode
Jan 14 13:00:16 rakeshelk-VirtualBox kernel: [    1.554923] ahci 0000:00:0d.0: flags: 64bit ncq stag only ccc 
Jan 14 13:00:16 rakeshelk-VirtualBox kernel: [    1.556810] e1000 0000:00:03.0 enp0s3: renamed from eth0
Jan 14 13:00:16 rakeshelk-VirtualBox kernel: [    1.558166] scsi host2: ahci
Jan 14 13:00:16 rakeshelk-VirtualBox kernel: [    1.558215] ata3: SATA max UDMA/133 abar m8192@0xf1806000 port 0xf1806100 irq 21
Jan 14 13:00:16 rakeshelk-VirtualBox kernel: [    1.559247] [drm] DMA map mode: Using physical TTM page addresses.
Jan 14 13:00:16 rakeshelk-VirtualBox kernel: [    1.559282] [drm] Capabilities:
Jan 14 13:00:16 rakeshelk-VirtualBox kernel: [    1.559282] [drm]   Cursor.
Jan 14 13:00:16 rakeshelk-VirtualBox kernel: [    1.559282] [drm]   Cursor bypass 2.
Jan 14 13:00:16 rakeshelk-VirtualBox kernel: [    1.559283] [drm]   Alpha cursor.
Jan 14 13:00:16 rakeshelk-VirtualBox kernel: [    1.559283] [drm]   3D.
Jan 14 13:00:16 rakeshelk-VirtualBox kernel: [    1.559284] [drm]   Extended Fifo.
Jan 14 13:00:16 rakeshelk-VirtualBox kernel: [    1.559284] [drm]   Pitchlock.
Jan 14 13:00:16 rakeshelk-VirtualBox kernel: [    1.559284] [drm]   Irq mask.
Jan 14 13:00:16 rakeshelk-VirtualBox kernel: [    1.559285] [drm]   GMR.
Jan 14 13:00:16 rakeshelk-VirtualBox kernel: [    1.559285] [drm]   Traces.
Jan 14 13:00:16 rakeshelk-VirtualBox kernel: [    1.559285] [drm]   GMR2.
Jan 14 13:00:16 rakeshelk-VirtualBox kernel: [    1.559286] [drm]   Screen Object 2.
Jan 14 13:00:16 rakeshelk-VirtualBox kernel: [    1.559286] [drm] Max GMR ids is 8192
Jan 14 13:00:16 rakeshelk-VirtualBox kernel: [    1.559287] [drm] Max number of GMR pages is 1048576
Jan 14 13:00:16 rakeshelk-VirtualBox kernel: [    1.559287] [drm] Max dedicated hypervisor surface memory is 507904 kiB
Jan 14 13:00:16 rakeshelk-VirtualBox kernel: [    1.559288] [drm] Maximum display memory size is 16384 kiB
Jan 14 13:00:16 rakeshelk-VirtualBox kernel: [    1.559288] [drm] VRAM at 0xf0000000 size is 16384 kiB
Jan 14 13:00:16 rakeshelk-VirtualBox kernel: [    1.559289] [drm] MMIO at 0xf1000000 size is 2048 kiB
Jan 14 13:00:16 rakeshelk-VirtualBox kernel: [    1.559290] [drm] global init.
Jan 14 13:00:16 rakeshelk-VirtualBox kernel: [    1.559677] [TTM] Zone  kernel: Available graphics memory: 2019860 kiB
Jan 14 13:00:16 rakeshelk-VirtualBox kernel: [    1.559677] [TTM] Initializing pool allocator
Jan 14 13:00:16 rakeshelk-VirtualBox kernel: [    1.559680] [TTM] Initializing DMA pool allocator
Jan 14 13:00:16 rakeshelk-VirtualBox kernel: [    1.559772] [drm] Supports vblank timestamp caching Rev 2 (21.10.2013).
Jan 14 13:00:16 rakeshelk-VirtualBox kernel: [    1.559773] [drm] No driver support for vblank timestamp query.
Jan 14 13:00:16 rakeshelk-VirtualBox kernel: [    1.559972] [drm] Screen Objects Display Unit initialized
Jan 14 13:00:16 rakeshelk-VirtualBox kernel: [    1.560026] [drm] width 720
Jan 14 13:00:16 rakeshelk-VirtualBox kernel: [    1.560036] [drm] height 400
Jan 14 13:00:16 rakeshelk-VirtualBox kernel: [    1.560044] [drm] bpp 32
Jan 14 13:00:16 rakeshelk-VirtualBox kernel: [    1.560200] [drm] Fifo max 0x00200000 min 0x00001000 cap 0x00000311
Jan 14 13:00:16 rakeshelk-VirtualBox kernel: [    1.560206] [drm] DX: no.
Jan 14 13:00:16 rakeshelk-VirtualBox kernel: [    1.560206] [drm] Atomic: yes
Jan 14 13:00:16 rakeshelk-VirtualBox kernel: [    1.560220] [drm:vmw_host_log [vmwgfx]] *ERROR* Failed to send log
Jan 14 13:00:16 rakeshelk-VirtualBox kernel: [    1.560914] [drm:vmw_host_log [vmwgfx]] *ERROR* Failed to send log
Jan 14 13:00:16 rakeshelk-VirtualBox kernel: [    1.563351] fbcon: svgadrmfb (fb0) is primary device
Jan 14 13:00:16 rakeshelk-VirtualBox kernel: [    1.565069] Console: switching to colour frame buffer device 100x37
Jan 14 13:00:16 rakeshelk-VirtualBox kernel: [    1.566049] [drm] Initialized vmwgfx 2.14.0 20170612 for 0000:00:02.0 on minor 0
Jan 14 13:00:16 rakeshelk-VirtualBox kernel: [    1.593800] usb 1-1: New USB device found, idVendor=80ee, idProduct=0021
Jan 14 13:00:16 rakeshelk-VirtualBox kernel: [    1.593802] usb 1-1: New USB device strings: Mfr=1, Product=3, SerialNumber=0
Jan 14 13:00:16 rakeshelk-VirtualBox kernel: [    1.593803] usb 1-1: Product: USB Tablet
Jan 14 13:00:16 rakeshelk-VirtualBox kernel: [    1.593805] usb 1-1: Manufacturer: VirtualBox
Jan 14 13:00:16 rakeshelk-VirtualBox kernel: [    1.603081] hidraw: raw HID events driver (C) Jiri Kosina
Jan 14 13:00:16 rakeshelk-VirtualBox kernel: [    1.609553] random: fast init done
Jan 14 13:00:16 rakeshelk-VirtualBox kernel: [    1.616572] random: systemd-udevd: uninitialized urandom read (16 bytes read)
Jan 14 13:00:16 rakeshelk-VirtualBox kernel: [    1.616580] random: systemd-udevd: uninitialized urandom read (16 bytes read)
Jan 14 13:00:16 rakeshelk-VirtualBox kernel: [    1.616596] random: systemd-udevd: uninitialized urandom read (16 bytes read)
Jan 14 13:00:16 rakeshelk-VirtualBox kernel: [    1.616888] usbcore: registered new interface driver usbhid
Jan 14 13:00:16 rakeshelk-VirtualBox kernel: [    1.616889] usbhid: USB HID core driver
Jan 14 13:00:16 rakeshelk-VirtualBox kernel: [    1.618786] input: VirtualBox USB Tablet as /devices/pci0000:00/0000:00:06.0/usb1/1-1/1-1:1.0/0003:80EE:0021.0001/input/input6
Jan 14 13:00:16 rakeshelk-VirtualBox kernel: [    1.618962] hid-generic 0003:80EE:0021.0001: input,hidraw0: USB HID v1.10 Mouse [VirtualBox USB Tablet] on usb-0000:00:06.0-1/input0
Jan 14 13:00:16 rakeshelk-VirtualBox kernel: [    1.792048] tsc: Refined TSC clocksource calibration: 2998.686 MHz
Jan 14 13:00:16 rakeshelk-VirtualBox kernel: [    1.792050] clocksource: tsc: mask: 0xffffffffffffffff max_cycles: 0x2b396bea0c9, max_idle_ns: 440795227646 ns
Jan 14 13:00:16 rakeshelk-VirtualBox kernel: [    1.871885] ata3: SATA link up 3.0 Gbps (SStatus 123 SControl 300)
Jan 14 13:00:16 rakeshelk-VirtualBox kernel: [    1.871989] ata3.00: ATA-6: VBOX HARDDISK, 1.0, max UDMA/133
Jan 14 13:00:16 rakeshelk-VirtualBox kernel: [    1.871991] ata3.00: 125558464 sectors, multi 128: LBA48 NCQ (depth 31/32)
Jan 14 13:00:16 rakeshelk-VirtualBox kernel: [    1.872199] ata3.00: configured for UDMA/133
Jan 14 13:00:16 rakeshelk-VirtualBox kernel: [    1.872320] scsi 2:0:0:0: Direct-Access     ATA      VBOX HARDDISK    1.0  PQ: 0 ANSI: 5
Jan 14 13:00:16 rakeshelk-VirtualBox kernel: [    1.872477] sd 2:0:0:0: [sda] 125558464 512-byte logical blocks: (64.3 GB/59.9 GiB)
Jan 14 13:00:16 rakeshelk-VirtualBox kernel: [    1.872483] sd 2:0:0:0: [sda] Write Protect is off
Jan 14 13:00:16 rakeshelk-VirtualBox kernel: [    1.872484] sd 2:0:0:0: [sda] Mode Sense: 00 3a 00 00
Jan 14 13:00:16 rakeshelk-VirtualBox kernel: [    1.872493] sd 2:0:0:0: [sda] Write cache: enabled, read cache: enabled, doesn't support DPO or FUA
Jan 14 13:00:16 rakeshelk-VirtualBox kernel: [    1.872627] sd 2:0:0:0: Attached scsi generic sg1 type 0
Jan 14 13:00:16 rakeshelk-VirtualBox kernel: [    1.880977]  sda: sda1
Jan 14 13:00:16 rakeshelk-VirtualBox kernel: [    1.881148] sd 2:0:0:0: [sda] Attached SCSI disk
Jan 14 13:00:16 rakeshelk-VirtualBox kernel: [    2.046593] EXT4-fs (sda1): mounted filesystem with ordered data mode. Opts: (null)
Jan 14 13:00:16 rakeshelk-VirtualBox kernel: [    3.404848] ip_tables: (C) 2000-2006 Netfilter Core Team
Jan 14 13:00:16 rakeshelk-VirtualBox kernel: [    4.153222] random: crng init done
Jan 14 13:00:16 rakeshelk-VirtualBox kernel: [    4.153223] random: 7 urandom warning(s) missed due to ratelimiting
Jan 14 13:00:16 rakeshelk-VirtualBox kernel: [    6.062167] lp: driver loaded but no devices found
Jan 14 13:00:16 rakeshelk-VirtualBox kernel: [    6.125093] ppdev: user-space parallel port driver
Jan 14 13:00:16 rakeshelk-VirtualBox kernel: [    6.211826] EXT4-fs (sda1): re-mounted. Opts: errors=remount-ro
Jan 14 13:00:16 rakeshelk-VirtualBox kernel: [    7.014764] Adding 2097148k swap on /swapfile.  Priority:-2 extents:6 across:2260988k FS
Jan 14 13:00:16 rakeshelk-VirtualBox kernel: [   11.265568] vgdrvHeartbeatInit: Setting up heartbeat to trigger every 2000 milliseconds
Jan 14 13:00:16 rakeshelk-VirtualBox kernel: [   11.265629] input: Unspecified device as /devices/pci0000:00/0000:00:04.0/input/input7
Jan 14 13:00:16 rakeshelk-VirtualBox kernel: [   11.265778] vboxguest: misc device minor 55, IRQ 20, I/O port d040, MMIO at 00000000f1400000 (size 0x400000)
Jan 14 13:00:16 rakeshelk-VirtualBox kernel: [   11.265779] vboxguest: Successfully loaded version 5.2.8_KernelUbuntu (interface 0x00010004)
Jan 14 13:00:16 rakeshelk-VirtualBox kernel: [   12.837925] audit: type=1400 audit(1547451008.484:2): apparmor="STATUS" operation="profile_load" profile="unconfined" name="/sbin/dhclient" pid=391 comm="apparmor_parser"
Jan 14 13:00:16 rakeshelk-VirtualBox kernel: [   12.837928] audit: type=1400 audit(1547451008.484:3): apparmor="STATUS" operation="profile_load" profile="unconfined" name="/usr/lib/NetworkManager/nm-dhcp-client.action" pid=391 comm="apparmor_parser"
Jan 14 13:00:16 rakeshelk-VirtualBox kernel: [   12.837929] audit: type=1400 audit(1547451008.484:4): apparmor="STATUS" operation="profile_load" profile="unconfined" name="/usr/lib/NetworkManager/nm-dhcp-helper" pid=391 comm="apparmor_parser"
Jan 14 13:00:16 rakeshelk-VirtualBox kernel: [   12.837931] audit: type=1400 audit(1547451008.484:5): apparmor="STATUS" operation="profile_load" profile="unconfined" name="/usr/lib/connman/scripts/dhclient-script" pid=391 comm="apparmor_parser"
Jan 14 13:00:16 rakeshelk-VirtualBox kernel: [   13.435463] audit: type=1400 audit(1547451009.080:6): apparmor="STATUS" operation="profile_load" profile="unconfined" name="/usr/bin/evince" pid=396 comm="apparmor_parser"
Jan 14 13:00:16 rakeshelk-VirtualBox kernel: [   13.435466] audit: type=1400 audit(1547451009.080:7): apparmor="STATUS" operation="profile_load" profile="unconfined" name="/usr/bin/evince//sanitized_helper" pid=396 comm="apparmor_parser"
Jan 14 13:00:16 rakeshelk-VirtualBox kernel: [   13.435468] audit: type=1400 audit(1547451009.080:8): apparmor="STATUS" operation="profile_load" profile="unconfined" name="/usr/bin/evince-previewer" pid=396 comm="apparmor_parser"
Jan 14 13:00:16 rakeshelk-VirtualBox kernel: [   13.435485] audit: type=1400 audit(1547451009.080:9): apparmor="STATUS" operation="profile_load" profile="unconfined" name="/usr/bin/evince-previewer//sanitized_helper" pid=396 comm="apparmor_parser"
Jan 14 13:00:16 rakeshelk-VirtualBox kernel: [   13.435486] audit: type=1400 audit(1547451009.080:10): apparmor="STATUS" operation="profile_load" profile="unconfined" name="/usr/bin/evince-thumbnailer" pid=396 comm="apparmor_parser"
Jan 14 13:00:16 rakeshelk-VirtualBox kernel: [   13.435488] audit: type=1400 audit(1547451009.080:11): apparmor="STATUS" operation="profile_load" profile="unconfined" name="/usr/bin/evince-thumbnailer//sanitized_helper" pid=396 comm="apparmor_parser"
Jan 14 13:00:16 rakeshelk-VirtualBox kernel: [   13.520614] RAPL PMU: API unit is 2^-32 Joules, 5 fixed counters, 10737418240 ms ovfl timer
Jan 14 13:00:16 rakeshelk-VirtualBox kernel: [   13.520615] RAPL PMU: hw unit of domain pp0-core 2^-0 Joules
Jan 14 13:00:16 rakeshelk-VirtualBox kernel: [   13.520616] RAPL PMU: hw unit of domain package 2^-0 Joules
Jan 14 13:00:16 rakeshelk-VirtualBox kernel: [   13.520617] RAPL PMU: hw unit of domain dram 2^-0 Joules
Jan 14 13:00:16 rakeshelk-VirtualBox kernel: [   13.520617] RAPL PMU: hw unit of domain pp1-gpu 2^-0 Joules
Jan 14 13:00:16 rakeshelk-VirtualBox kernel: [   13.520618] RAPL PMU: hw unit of domain psys 2^-0 Joules
Jan 14 13:00:16 rakeshelk-VirtualBox kernel: [   14.663257] AVX2 version of gcm_enc/dec engaged.
Jan 14 13:00:16 rakeshelk-VirtualBox kernel: [   14.663258] AES CTR mode by8 optimization enabled
Jan 14 13:00:16 rakeshelk-VirtualBox kernel: [   16.453526] snd_intel8x0 0000:00:05.0: white list rate for 1028:0177 is 48000
Jan 14 13:00:16 rakeshelk-VirtualBox kernel: [   17.987769] kauditd_printk_skb: 16 callbacks suppressed
Jan 14 13:00:16 rakeshelk-VirtualBox kernel: [   17.987770] audit: type=1400 audit(1547451013.632:28): apparmor="STATUS" operation="profile_load" profile="unconfined" name="/snap/core/6130/usr/lib/snapd/snap-confine" pid=528 comm="apparmor_parser"
Jan 14 13:00:16 rakeshelk-VirtualBox kernel: [   17.987773] audit: type=1400 audit(1547451013.632:29): apparmor="STATUS" operation="profile_load" profile="unconfined" name="/snap/core/6130/usr/lib/snapd/snap-confine//mount-namespace-capture-helper" pid=528 comm="apparmor_parser"
Jan 14 13:00:16 rakeshelk-VirtualBox kernel: [   18.084294] audit: type=1400 audit(1547451013.728:30): apparmor="STATUS" operation="profile_load" profile="unconfined" name="snap.core.hook.configure" pid=529 comm="apparmor_parser"
Jan 14 13:00:16 rakeshelk-VirtualBox kernel: [   18.234168] audit: type=1400 audit(1547451013.880:31): apparmor="STATUS" operation="profile_load" profile="unconfined" name="snap.gnome-calculator.gnome-calculator" pid=530 comm="apparmor_parser"
Jan 14 13:00:16 rakeshelk-VirtualBox kernel: [   18.311520] audit: type=1400 audit(1547451013.956:32): apparmor="STATUS" operation="profile_load" profile="unconfined" name="snap.gnome-characters.gnome-characters" pid=535 comm="apparmor_parser"
Jan 14 13:00:16 rakeshelk-VirtualBox kernel: [   18.335859] audit: type=1400 audit(1547451013.980:33): apparmor="STATUS" operation="profile_load" profile="unconfined" name="snap.gnome-logs.gnome-logs" pid=536 comm="apparmor_parser"
Jan 14 13:00:16 rakeshelk-VirtualBox kernel: [   18.389322] audit: type=1400 audit(1547451014.036:34): apparmor="STATUS" operation="profile_load" profile="unconfined" name="snap.gnome-system-monitor.gnome-system-monitor" pid=537 comm="apparmor_parser"
Jan 14 13:00:16 rakeshelk-VirtualBox kernel: [   18.421766] audit: type=1400 audit(1547451014.072:35): apparmor="STATUS" operation="profile_load" profile="unconfined" name="snap-update-ns.core" pid=538 comm="apparmor_parser"
Jan 14 13:00:16 rakeshelk-VirtualBox kernel: [   18.550214] audit: type=1400 audit(1547451014.196:36): apparmor="STATUS" operation="profile_load" profile="unconfined" name="snap-update-ns.gnome-calculator" pid=540 comm="apparmor_parser"
Jan 14 13:00:16 rakeshelk-VirtualBox kernel: [   18.635040] audit: type=1400 audit(1547451014.284:37): apparmor="STATUS" operation="profile_load" profile="unconfined" name="snap-update-ns.gnome-characters" pid=543 comm="apparmor_parser"
Jan 14 13:00:24 rakeshelk-VirtualBox kernel: [   28.854467] IPv6: ADDRCONF(NETDEV_UP): enp0s3: link is not ready
Jan 14 13:00:24 rakeshelk-VirtualBox kernel: [   28.857372] IPv6: ADDRCONF(NETDEV_UP): enp0s3: link is not ready
Jan 14 13:00:24 rakeshelk-VirtualBox kernel: [   28.860094] e1000: enp0s3 NIC Link is Up 1000 Mbps Full Duplex, Flow Control: RX
Jan 14 13:00:24 rakeshelk-VirtualBox kernel: [   28.860400] IPv6: ADDRCONF(NETDEV_CHANGE): enp0s3: link becomes ready
Jan 14 13:00:53 rakeshelk-VirtualBox kernel: [   58.144537] vboxsf: Successfully loaded version 5.2.8_KernelUbuntu (interface 0x00010004)
Jan 14 13:00:54 rakeshelk-VirtualBox kernel: [   58.924817] vboxvideo: module is from the staging directory, the quality is unknown, you have been warned.
Jan 14 13:00:54 rakeshelk-VirtualBox kernel: [   58.924851] vboxvideo: module verification failed: signature and/or required key missing - tainting kernel
Jan 14 13:00:55 rakeshelk-VirtualBox kernel: [   60.009153] 07:30:55.660548 main     VBoxService 6.0.0 r127566 (verbosity: 0) linux.amd64 (Dec 18 2018 12:44:47) release log
Jan 14 13:00:55 rakeshelk-VirtualBox kernel: [   60.009153] 07:30:55.660551 main     Log opened 2019-01-14T07:30:55.660543000Z
Jan 14 13:00:55 rakeshelk-VirtualBox kernel: [   60.009189] 07:30:55.660614 main     OS Product: Linux
Jan 14 13:00:55 rakeshelk-VirtualBox kernel: [   60.009212] 07:30:55.660640 main     OS Release: 4.15.0-43-generic
Jan 14 13:00:55 rakeshelk-VirtualBox kernel: [   60.009277] 07:30:55.660662 main     OS Version: #46-Ubuntu SMP Thu Dec 6 14:45:28 UTC 2018
Jan 14 13:00:55 rakeshelk-VirtualBox kernel: [   60.009315] 07:30:55.660727 main     Executable: /opt/VBoxGuestAdditions-6.0.0/sbin/VBoxService
Jan 14 13:00:55 rakeshelk-VirtualBox kernel: [   60.009315] 07:30:55.660728 main     Process ID: 1693
Jan 14 13:00:55 rakeshelk-VirtualBox kernel: [   60.009315] 07:30:55.660729 main     Package type: LINUX_64BITS_GENERIC
Jan 14 13:00:55 rakeshelk-VirtualBox kernel: [   60.010788] 07:30:55.662207 main     6.0.0 r127566 started. Verbose level = 0
Jan 14 13:00:55 rakeshelk-VirtualBox kernel: [   60.014875] 07:30:55.666282 main     vbglR3GuestCtrlDetectPeekGetCancelSupport: Supported (#1)
Jan 14 13:00:55 rakeshelk-VirtualBox kernel: [   60.087787] 07:30:55.739185 main     Error: Failed to become guest control master: VERR_VERSION_MISMATCH
Jan 14 13:00:55 rakeshelk-VirtualBox kernel: [   60.087946] 07:30:55.739367 main     Error: Service 'control' failed to initialize: VERR_VERSION_MISMATCH
Jan 14 13:00:55 rakeshelk-VirtualBox kernel: [   60.088256] 07:30:55.739673 main     Session 0 is about to close ...
Jan 14 13:00:55 rakeshelk-VirtualBox kernel: [   60.088282] 07:30:55.739707 main     Stopping all guest processes ...
Jan 14 13:00:55 rakeshelk-VirtualBox kernel: [   60.088350] 07:30:55.739775 main     Closing all guest files ...
Jan 14 13:00:55 rakeshelk-VirtualBox kernel: [   60.088376] 07:30:55.739804 main     Ended.
Jan 14 13:02:13 rakeshelk-VirtualBox kernel: [  137.598305] rfkill: input handler disabled
Jan 14 13:02:16 rakeshelk-VirtualBox kernel: [  141.295555] ISO 9660 Extensions: Microsoft Joliet Level 3
Jan 14 13:02:16 rakeshelk-VirtualBox kernel: [  141.305905] ISO 9660 Extensions: RRIP_1991A
Jan 14 13:05:54 rakeshelk-VirtualBox kernel: [  359.069510] aufs 4.15-20180219
Jan 14 13:05:54 rakeshelk-VirtualBox kernel: [  359.251223] kauditd_printk_skb: 2 callbacks suppressed
Jan 14 13:05:54 rakeshelk-VirtualBox kernel: [  359.251224] audit: type=1400 audit(1547451354.896:40): apparmor="STATUS" operation="profile_load" profile="unconfined" name="docker-default" pid=3050 comm="apparmor_parser"
Jan 14 13:05:56 rakeshelk-VirtualBox kernel: [  360.529192] bridge: filtering via arp/ip/ip6tables is no longer available by default. Update your scripts to load br_netfilter if you need this.
Jan 14 13:05:56 rakeshelk-VirtualBox kernel: [  360.531484] Bridge firewalling registered
Jan 14 13:05:56 rakeshelk-VirtualBox kernel: [  360.540273] nf_conntrack version 0.5.0 (16384 buckets, 65536 max)
Jan 14 13:05:56 rakeshelk-VirtualBox kernel: [  360.737833] Initializing XFRM netlink socket
Jan 14 13:05:56 rakeshelk-VirtualBox kernel: [  360.743321] Netfilter messages via NETLINK v0.30.
Jan 14 13:05:56 rakeshelk-VirtualBox kernel: [  360.746228] ctnetlink v0.93: registering with nfnetlink.
Jan 14 13:05:56 rakeshelk-VirtualBox kernel: [  361.026389] IPv6: ADDRCONF(NETDEV_UP): docker0: link is not ready
Jan 14 13:15:48 rakeshelk-VirtualBox kernel: [  952.497996] IPv6: ADDRCONF(NETDEV_UP): br-b3d4942747c1: link is not ready
Jan 14 13:15:50 rakeshelk-VirtualBox kernel: [  954.443906] br-b3d4942747c1: port 1(veth50e3fc6) entered blocking state
Jan 14 13:15:50 rakeshelk-VirtualBox kernel: [  954.443907] br-b3d4942747c1: port 1(veth50e3fc6) entered disabled state
Jan 14 13:15:50 rakeshelk-VirtualBox kernel: [  954.448444] device veth50e3fc6 entered promiscuous mode
Jan 14 13:15:50 rakeshelk-VirtualBox kernel: [  954.448939] IPv6: ADDRCONF(NETDEV_UP): veth50e3fc6: link is not ready
Jan 14 13:15:50 rakeshelk-VirtualBox kernel: [  954.661152] br-b3d4942747c1: port 1(veth50e3fc6) entered disabled state
Jan 14 13:15:50 rakeshelk-VirtualBox kernel: [  954.664445] device veth50e3fc6 left promiscuous mode
Jan 14 13:15:50 rakeshelk-VirtualBox kernel: [  954.664449] br-b3d4942747c1: port 1(veth50e3fc6) entered disabled state
Jan 14 14:25:01 rakeshelk-VirtualBox kernel: [ 5105.515922] br-b3d4942747c1: port 1(vetha01dcf3) entered blocking state
Jan 14 14:25:01 rakeshelk-VirtualBox kernel: [ 5105.515923] br-b3d4942747c1: port 1(vetha01dcf3) entered disabled state
Jan 14 14:25:01 rakeshelk-VirtualBox kernel: [ 5105.517125] device vetha01dcf3 entered promiscuous mode
Jan 14 14:25:01 rakeshelk-VirtualBox kernel: [ 5105.517368] IPv6: ADDRCONF(NETDEV_UP): vetha01dcf3: link is not ready
Jan 14 14:25:01 rakeshelk-VirtualBox kernel: [ 5105.657663] br-b3d4942747c1: port 1(vetha01dcf3) entered disabled state
Jan 14 14:25:01 rakeshelk-VirtualBox kernel: [ 5105.661347] device vetha01dcf3 left promiscuous mode
Jan 14 14:25:01 rakeshelk-VirtualBox kernel: [ 5105.661351] br-b3d4942747c1: port 1(vetha01dcf3) entered disabled state
Jan 14 14:31:34 rakeshelk-VirtualBox kernel: [ 5498.666867] audit: type=1400 audit(1547456494.316:41): apparmor="DENIED" operation="open" profile="/usr/sbin/cups-browsed" name="/usr/share/cups/locale/" pid=821 comm="cups-browsed" requested_mask="r" denied_mask="r" fsuid=0 ouid=0
Jan 14 14:31:34 rakeshelk-VirtualBox kernel: [ 5498.667106] audit: type=1400 audit(1547456494.316:42): apparmor="DENIED" operation="open" profile="/usr/sbin/cups-browsed" name="/usr/share/locale/" pid=821 comm="cups-browsed" requested_mask="r" denied_mask="r" fsuid=0 ouid=0
Jan 14 14:37:46 rakeshelk-VirtualBox kernel: [ 5871.242796] br-b3d4942747c1: port 1(veth54bc0e8) entered blocking state
Jan 14 14:37:46 rakeshelk-VirtualBox kernel: [ 5871.242798] br-b3d4942747c1: port 1(veth54bc0e8) entered disabled state
Jan 14 14:37:46 rakeshelk-VirtualBox kernel: [ 5871.242877] device veth54bc0e8 entered promiscuous mode
Jan 14 14:37:46 rakeshelk-VirtualBox kernel: [ 5871.243107] IPv6: ADDRCONF(NETDEV_UP): veth54bc0e8: link is not ready
Jan 14 14:37:47 rakeshelk-VirtualBox kernel: [ 5871.914129] eth0: renamed from veth575b9cb
Jan 14 14:37:47 rakeshelk-VirtualBox kernel: [ 5871.914487] IPv6: ADDRCONF(NETDEV_CHANGE): veth54bc0e8: link becomes ready
Jan 14 14:37:47 rakeshelk-VirtualBox kernel: [ 5871.914522] br-b3d4942747c1: port 1(veth54bc0e8) entered blocking state
Jan 14 14:37:47 rakeshelk-VirtualBox kernel: [ 5871.914523] br-b3d4942747c1: port 1(veth54bc0e8) entered forwarding state
Jan 14 14:37:47 rakeshelk-VirtualBox kernel: [ 5871.914557] IPv6: ADDRCONF(NETDEV_CHANGE): br-b3d4942747c1: link becomes ready
Jan 14 14:37:52 rakeshelk-VirtualBox kernel: [ 5876.674788] br-b3d4942747c1: port 2(vethd709a5a) entered blocking state
Jan 14 14:37:52 rakeshelk-VirtualBox kernel: [ 5876.674790] br-b3d4942747c1: port 2(vethd709a5a) entered disabled state
Jan 14 14:37:52 rakeshelk-VirtualBox kernel: [ 5876.683588] device vethd709a5a entered promiscuous mode
Jan 14 14:37:52 rakeshelk-VirtualBox kernel: [ 5876.684408] IPv6: ADDRCONF(NETDEV_UP): vethd709a5a: link is not ready
Jan 14 14:37:52 rakeshelk-VirtualBox kernel: [ 5877.242101] br-b3d4942747c1: port 3(vethb0b235f) entered blocking state
Jan 14 14:37:52 rakeshelk-VirtualBox kernel: [ 5877.242103] br-b3d4942747c1: port 3(vethb0b235f) entered disabled state
Jan 14 14:37:52 rakeshelk-VirtualBox kernel: [ 5877.245146] device vethb0b235f entered promiscuous mode
Jan 14 14:37:52 rakeshelk-VirtualBox kernel: [ 5877.245685] IPv6: ADDRCONF(NETDEV_UP): vethb0b235f: link is not ready
Jan 14 14:37:52 rakeshelk-VirtualBox kernel: [ 5877.245688] br-b3d4942747c1: port 3(vethb0b235f) entered blocking state
Jan 14 14:37:52 rakeshelk-VirtualBox kernel: [ 5877.245689] br-b3d4942747c1: port 3(vethb0b235f) entered forwarding state
Jan 14 14:37:53 rakeshelk-VirtualBox kernel: [ 5877.664136] br-b3d4942747c1: port 3(vethb0b235f) entered disabled state
Jan 14 14:37:53 rakeshelk-VirtualBox kernel: [ 5878.196739] eth0: renamed from vethef3d787
Jan 14 14:37:53 rakeshelk-VirtualBox kernel: [ 5878.198813] IPv6: ADDRCONF(NETDEV_CHANGE): vethd709a5a: link becomes ready
