Jan 10 14:58:56 rakeshelk-VirtualBox kernel: [    0.000000] Linux version 4.15.0-29-generic (buildd@lgw01-amd64-057) (gcc version 7.3.0 (Ubuntu 7.3.0-16ubuntu3)) #31-Ubuntu SMP Tue Jul 17 15:39:52 UTC 2018 (Ubuntu 4.15.0-29.31-generic 4.15.18)
Jan 10 14:58:56 rakeshelk-VirtualBox kernel: [    0.000000] Command line: BOOT_IMAGE=/boot/vmlinuz-4.15.0-29-generic root=UUID=9e48d3ab-8a41-48f1-83b7-adef1e5ecf51 ro quiet splash
Jan 10 14:58:56 rakeshelk-VirtualBox kernel: [    0.000000] KERNEL supported cpus:
Jan 10 14:58:56 rakeshelk-VirtualBox kernel: [    0.000000]   Intel GenuineIntel
Jan 10 14:58:56 rakeshelk-VirtualBox kernel: [    0.000000]   AMD AuthenticAMD
Jan 10 14:58:56 rakeshelk-VirtualBox kernel: [    0.000000]   Centaur CentaurHauls
Jan 10 14:58:56 rakeshelk-VirtualBox kernel: [    0.000000] x86/fpu: Supporting XSAVE feature 0x001: 'x87 floating point registers'
Jan 10 14:58:56 rakeshelk-VirtualBox kernel: [    0.000000] x86/fpu: Supporting XSAVE feature 0x002: 'SSE registers'
Jan 10 14:58:56 rakeshelk-VirtualBox kernel: [    0.000000] x86/fpu: Supporting XSAVE feature 0x004: 'AVX registers'
Jan 10 14:58:56 rakeshelk-VirtualBox kernel: [    0.000000] x86/fpu: xstate_offset[2]:  576, xstate_sizes[2]:  256
Jan 10 14:58:56 rakeshelk-VirtualBox kernel: [    0.000000] x86/fpu: Enabled xstate features 0x7, context size is 832 bytes, using 'standard' format.
Jan 10 14:58:56 rakeshelk-VirtualBox kernel: [    0.000000] e820: BIOS-provided physical RAM map:
Jan 10 14:58:56 rakeshelk-VirtualBox kernel: [    0.000000] BIOS-e820: [mem 0x0000000000000000-0x000000000009fbff] usable
Jan 10 14:58:56 rakeshelk-VirtualBox kernel: [    0.000000] BIOS-e820: [mem 0x000000000009fc00-0x000000000009ffff] reserved
Jan 10 14:58:56 rakeshelk-VirtualBox kernel: [    0.000000] BIOS-e820: [mem 0x00000000000f0000-0x00000000000fffff] reserved
Jan 10 14:58:56 rakeshelk-VirtualBox kernel: [    0.000000] BIOS-e820: [mem 0x0000000000100000-0x00000000dffeffff] usable
Jan 10 14:58:56 rakeshelk-VirtualBox kernel: [    0.000000] BIOS-e820: [mem 0x00000000dfff0000-0x00000000dfffffff] ACPI data
Jan 10 14:58:56 rakeshelk-VirtualBox kernel: [    0.000000] BIOS-e820: [mem 0x00000000fec00000-0x00000000fec00fff] reserved
Jan 10 14:58:56 rakeshelk-VirtualBox kernel: [    0.000000] BIOS-e820: [mem 0x00000000fee00000-0x00000000fee00fff] reserved
Jan 10 14:58:56 rakeshelk-VirtualBox kernel: [    0.000000] BIOS-e820: [mem 0x00000000fffc0000-0x00000000ffffffff] reserved
Jan 10 14:58:56 rakeshelk-VirtualBox kernel: [    0.000000] BIOS-e820: [mem 0x0000000100000000-0x000000011fffffff] usable
Jan 10 14:58:56 rakeshelk-VirtualBox kernel: [    0.000000] NX (Execute Disable) protection: active
Jan 10 14:58:56 rakeshelk-VirtualBox kernel: [    0.000000] SMBIOS 2.5 present.
Jan 10 14:58:56 rakeshelk-VirtualBox kernel: [    0.000000] DMI: innotek GmbH VirtualBox/VirtualBox, BIOS VirtualBox 12/01/2006
Jan 10 14:58:56 rakeshelk-VirtualBox kernel: [    0.000000] Hypervisor detected: KVM
Jan 10 14:58:56 rakeshelk-VirtualBox kernel: [    0.000000] e820: update [mem 0x00000000-0x00000fff] usable ==> reserved
Jan 10 14:58:56 rakeshelk-VirtualBox kernel: [    0.000000] e820: remove [mem 0x000a0000-0x000fffff] usable
Jan 10 14:58:56 rakeshelk-VirtualBox kernel: [    0.000000] e820: last_pfn = 0x120000 max_arch_pfn = 0x400000000
Jan 10 14:58:56 rakeshelk-VirtualBox kernel: [    0.000000] MTRR default type: uncachable
Jan 10 14:58:56 rakeshelk-VirtualBox kernel: [    0.000000] MTRR variable ranges disabled:
Jan 10 14:58:56 rakeshelk-VirtualBox kernel: [    0.000000] MTRR: Disabled
Jan 10 14:58:56 rakeshelk-VirtualBox kernel: [    0.000000] x86/PAT: MTRRs disabled, skipping PAT initialization too.
Jan 10 14:58:56 rakeshelk-VirtualBox kernel: [    0.000000] CPU MTRRs all blank - virtualized system.
Jan 10 14:58:56 rakeshelk-VirtualBox kernel: [    0.000000] x86/PAT: Configuration [0-7]: WB  WT  UC- UC  WB  WT  UC- UC  
Jan 10 14:58:56 rakeshelk-VirtualBox kernel: [    0.000000] e820: last_pfn = 0xdfff0 max_arch_pfn = 0x400000000
Jan 10 14:58:56 rakeshelk-VirtualBox kernel: [    0.000000] Scanning 1 areas for low memory corruption
Jan 10 14:58:56 rakeshelk-VirtualBox kernel: [    0.000000] Base memory trampoline at [        (ptrval)] 99000 size 24576
Jan 10 14:58:56 rakeshelk-VirtualBox kernel: [    0.000000] BRK [0xd6d3f000, 0xd6d3ffff] PGTABLE
Jan 10 14:58:56 rakeshelk-VirtualBox kernel: [    0.000000] BRK [0xd6d40000, 0xd6d40fff] PGTABLE
Jan 10 14:58:56 rakeshelk-VirtualBox kernel: [    0.000000] BRK [0xd6d41000, 0xd6d41fff] PGTABLE
Jan 10 14:58:56 rakeshelk-VirtualBox kernel: [    0.000000] BRK [0xd6d42000, 0xd6d42fff] PGTABLE
Jan 10 14:58:56 rakeshelk-VirtualBox kernel: [    0.000000] BRK [0xd6d43000, 0xd6d43fff] PGTABLE
Jan 10 14:58:56 rakeshelk-VirtualBox kernel: [    0.000000] RAMDISK: [mem 0x3189f000-0x34c46fff]
Jan 10 14:58:56 rakeshelk-VirtualBox kernel: [    0.000000] ACPI: Early table checksum verification disabled
Jan 10 14:58:56 rakeshelk-VirtualBox kernel: [    0.000000] ACPI: RSDP 0x00000000000E0000 000024 (v02 VBOX  )
Jan 10 14:58:56 rakeshelk-VirtualBox kernel: [    0.000000] ACPI: XSDT 0x00000000DFFF0030 00003C (v01 VBOX   VBOXXSDT 00000001 ASL  00000061)
Jan 10 14:58:56 rakeshelk-VirtualBox kernel: [    0.000000] ACPI: FACP 0x00000000DFFF00F0 0000F4 (v04 VBOX   VBOXFACP 00000001 ASL  00000061)
Jan 10 14:58:56 rakeshelk-VirtualBox kernel: [    0.000000] ACPI: DSDT 0x00000000DFFF0470 0022EA (v02 VBOX   VBOXBIOS 00000002 INTL 20100528)
Jan 10 14:58:56 rakeshelk-VirtualBox kernel: [    0.000000] ACPI: FACS 0x00000000DFFF0200 000040
Jan 10 14:58:56 rakeshelk-VirtualBox kernel: [    0.000000] ACPI: FACS 0x00000000DFFF0200 000040
Jan 10 14:58:56 rakeshelk-VirtualBox kernel: [    0.000000] ACPI: APIC 0x00000000DFFF0240 000054 (v02 VBOX   VBOXAPIC 00000001 ASL  00000061)
Jan 10 14:58:56 rakeshelk-VirtualBox kernel: [    0.000000] ACPI: SSDT 0x00000000DFFF02A0 0001CC (v01 VBOX   VBOXCPUT 00000002 INTL 20100528)
Jan 10 14:58:56 rakeshelk-VirtualBox kernel: [    0.000000] ACPI: Local APIC address 0xfee00000
Jan 10 14:58:56 rakeshelk-VirtualBox kernel: [    0.000000] No NUMA configuration found
Jan 10 14:58:56 rakeshelk-VirtualBox kernel: [    0.000000] Faking a node at [mem 0x0000000000000000-0x000000011fffffff]
Jan 10 14:58:56 rakeshelk-VirtualBox kernel: [    0.000000] NODE_DATA(0) allocated [mem 0x11ffd1000-0x11fffbfff]
Jan 10 14:58:56 rakeshelk-VirtualBox kernel: [    0.000000] kvm-clock: cpu 0, msr 1:1ff50001, primary cpu clock
Jan 10 14:58:56 rakeshelk-VirtualBox kernel: [    0.000000] kvm-clock: Using msrs 4b564d01 and 4b564d00
Jan 10 14:58:56 rakeshelk-VirtualBox kernel: [    0.000000] kvm-clock: using sched offset of 3253154198346 cycles
Jan 10 14:58:56 rakeshelk-VirtualBox kernel: [    0.000000] clocksource: kvm-clock: mask: 0xffffffffffffffff max_cycles: 0x1cd42e4dffb, max_idle_ns: 881590591483 ns
Jan 10 14:58:56 rakeshelk-VirtualBox kernel: [    0.000000] Zone ranges:
Jan 10 14:58:56 rakeshelk-VirtualBox kernel: [    0.000000]   DMA      [mem 0x0000000000001000-0x0000000000ffffff]
Jan 10 14:58:56 rakeshelk-VirtualBox kernel: [    0.000000]   DMA32    [mem 0x0000000001000000-0x00000000ffffffff]
Jan 10 14:58:56 rakeshelk-VirtualBox kernel: [    0.000000]   Normal   [mem 0x0000000100000000-0x000000011fffffff]
Jan 10 14:58:56 rakeshelk-VirtualBox kernel: [    0.000000]   Device   empty
Jan 10 14:58:56 rakeshelk-VirtualBox kernel: [    0.000000] Movable zone start for each node
Jan 10 14:58:56 rakeshelk-VirtualBox kernel: [    0.000000] Early memory node ranges
Jan 10 14:58:56 rakeshelk-VirtualBox kernel: [    0.000000]   node   0: [mem 0x0000000000001000-0x000000000009efff]
Jan 10 14:58:56 rakeshelk-VirtualBox kernel: [    0.000000]   node   0: [mem 0x0000000000100000-0x00000000dffeffff]
Jan 10 14:58:56 rakeshelk-VirtualBox kernel: [    0.000000]   node   0: [mem 0x0000000100000000-0x000000011fffffff]
Jan 10 14:58:56 rakeshelk-VirtualBox kernel: [    0.000000] Initmem setup node 0 [mem 0x0000000000001000-0x000000011fffffff]
Jan 10 14:58:56 rakeshelk-VirtualBox kernel: [    0.000000] On node 0 totalpages: 1048462
Jan 10 14:58:56 rakeshelk-VirtualBox kernel: [    0.000000]   DMA zone: 64 pages used for memmap
Jan 10 14:58:56 rakeshelk-VirtualBox kernel: [    0.000000]   DMA zone: 21 pages reserved
Jan 10 14:58:56 rakeshelk-VirtualBox kernel: [    0.000000]   DMA zone: 3998 pages, LIFO batch:0
Jan 10 14:58:56 rakeshelk-VirtualBox kernel: [    0.000000]   DMA32 zone: 14272 pages used for memmap
Jan 10 14:58:56 rakeshelk-VirtualBox kernel: [    0.000000]   DMA32 zone: 913392 pages, LIFO batch:31
Jan 10 14:58:56 rakeshelk-VirtualBox kernel: [    0.000000]   Normal zone: 2048 pages used for memmap
Jan 10 14:58:56 rakeshelk-VirtualBox kernel: [    0.000000]   Normal zone: 131072 pages, LIFO batch:31
Jan 10 14:58:56 rakeshelk-VirtualBox kernel: [    0.000000] Reserved but unavailable: 98 pages
Jan 10 14:58:56 rakeshelk-VirtualBox kernel: [    0.000000] ACPI: PM-Timer IO Port: 0x4008
Jan 10 14:58:56 rakeshelk-VirtualBox kernel: [    0.000000] ACPI: Local APIC address 0xfee00000
Jan 10 14:58:56 rakeshelk-VirtualBox kernel: [    0.000000] IOAPIC[0]: apic_id 1, version 32, address 0xfec00000, GSI 0-23
Jan 10 14:58:56 rakeshelk-VirtualBox kernel: [    0.000000] ACPI: INT_SRC_OVR (bus 0 bus_irq 0 global_irq 2 dfl dfl)
Jan 10 14:58:56 rakeshelk-VirtualBox kernel: [    0.000000] ACPI: INT_SRC_OVR (bus 0 bus_irq 9 global_irq 9 low level)
Jan 10 14:58:56 rakeshelk-VirtualBox kernel: [    0.000000] ACPI: IRQ0 used by override.
Jan 10 14:58:56 rakeshelk-VirtualBox kernel: [    0.000000] ACPI: IRQ9 used by override.
Jan 10 14:58:56 rakeshelk-VirtualBox kernel: [    0.000000] Using ACPI (MADT) for SMP configuration information
Jan 10 14:58:56 rakeshelk-VirtualBox kernel: [    0.000000] smpboot: Allowing 1 CPUs, 0 hotplug CPUs
Jan 10 14:58:56 rakeshelk-VirtualBox kernel: [    0.000000] PM: Registered nosave memory: [mem 0x00000000-0x00000fff]
Jan 10 14:58:56 rakeshelk-VirtualBox kernel: [    0.000000] PM: Registered nosave memory: [mem 0x0009f000-0x0009ffff]
Jan 10 14:58:56 rakeshelk-VirtualBox kernel: [    0.000000] PM: Registered nosave memory: [mem 0x000a0000-0x000effff]
Jan 10 14:58:56 rakeshelk-VirtualBox kernel: [    0.000000] PM: Registered nosave memory: [mem 0x000f0000-0x000fffff]
Jan 10 14:58:56 rakeshelk-VirtualBox kernel: [    0.000000] PM: Registered nosave memory: [mem 0xdfff0000-0xdfffffff]
Jan 10 14:58:56 rakeshelk-VirtualBox kernel: [    0.000000] PM: Registered nosave memory: [mem 0xe0000000-0xfebfffff]
Jan 10 14:58:56 rakeshelk-VirtualBox kernel: [    0.000000] PM: Registered nosave memory: [mem 0xfec00000-0xfec00fff]
Jan 10 14:58:56 rakeshelk-VirtualBox kernel: [    0.000000] PM: Registered nosave memory: [mem 0xfec01000-0xfedfffff]
Jan 10 14:58:56 rakeshelk-VirtualBox kernel: [    0.000000] PM: Registered nosave memory: [mem 0xfee00000-0xfee00fff]
Jan 10 14:58:56 rakeshelk-VirtualBox kernel: [    0.000000] PM: Registered nosave memory: [mem 0xfee01000-0xfffbffff]
Jan 10 14:58:56 rakeshelk-VirtualBox kernel: [    0.000000] PM: Registered nosave memory: [mem 0xfffc0000-0xffffffff]
Jan 10 14:58:56 rakeshelk-VirtualBox kernel: [    0.000000] e820: [mem 0xe0000000-0xfebfffff] available for PCI devices
Jan 10 14:58:56 rakeshelk-VirtualBox kernel: [    0.000000] Booting paravirtualized kernel on KVM
Jan 10 14:58:56 rakeshelk-VirtualBox kernel: [    0.000000] clocksource: refined-jiffies: mask: 0xffffffff max_cycles: 0xffffffff, max_idle_ns: 7645519600211568 ns
Jan 10 14:58:56 rakeshelk-VirtualBox kernel: [    0.000000] random: get_random_bytes called from start_kernel+0x99/0x4fd with crng_init=0
Jan 10 14:58:56 rakeshelk-VirtualBox kernel: [    0.000000] setup_percpu: NR_CPUS:8192 nr_cpumask_bits:1 nr_cpu_ids:1 nr_node_ids:1
Jan 10 14:58:56 rakeshelk-VirtualBox kernel: [    0.000000] percpu: Embedded 46 pages/cpu @        (ptrval) s151552 r8192 d28672 u2097152
Jan 10 14:58:56 rakeshelk-VirtualBox kernel: [    0.000000] pcpu-alloc: s151552 r8192 d28672 u2097152 alloc=1*2097152
Jan 10 14:58:56 rakeshelk-VirtualBox kernel: [    0.000000] pcpu-alloc: [0] 0 
Jan 10 14:58:56 rakeshelk-VirtualBox kernel: [    0.000000] PV qspinlock hash table entries: 256 (order: 0, 4096 bytes)
Jan 10 14:58:56 rakeshelk-VirtualBox kernel: [    0.000000] Built 1 zonelists, mobility grouping on.  Total pages: 1032057
Jan 10 14:58:56 rakeshelk-VirtualBox kernel: [    0.000000] Policy zone: Normal
Jan 10 14:58:56 rakeshelk-VirtualBox kernel: [    0.000000] Kernel command line: BOOT_IMAGE=/boot/vmlinuz-4.15.0-29-generic root=UUID=9e48d3ab-8a41-48f1-83b7-adef1e5ecf51 ro quiet splash
Jan 10 14:58:56 rakeshelk-VirtualBox kernel: [    0.000000] Calgary: detecting Calgary via BIOS EBDA area
Jan 10 14:58:56 rakeshelk-VirtualBox kernel: [    0.000000] Calgary: Unable to locate Rio Grande table in EBDA - bailing!
Jan 10 14:58:56 rakeshelk-VirtualBox kernel: [    0.000000] Memory: 3980480K/4193848K available (12300K kernel code, 2470K rwdata, 4240K rodata, 2408K init, 2416K bss, 213368K reserved, 0K cma-reserved)
Jan 10 14:58:56 rakeshelk-VirtualBox kernel: [    0.000000] SLUB: HWalign=64, Order=0-3, MinObjects=0, CPUs=1, Nodes=1
Jan 10 14:58:56 rakeshelk-VirtualBox kernel: [    0.000000] Kernel/User page tables isolation: enabled
Jan 10 14:58:56 rakeshelk-VirtualBox kernel: [    0.000000] ftrace: allocating 39092 entries in 153 pages
Jan 10 14:58:56 rakeshelk-VirtualBox kernel: [    0.004000] Hierarchical RCU implementation.
Jan 10 14:58:56 rakeshelk-VirtualBox kernel: [    0.004000] 	RCU restricting CPUs from NR_CPUS=8192 to nr_cpu_ids=1.
Jan 10 14:58:56 rakeshelk-VirtualBox kernel: [    0.004000] 	Tasks RCU enabled.
Jan 10 14:58:56 rakeshelk-VirtualBox kernel: [    0.004000] RCU: Adjusting geometry for rcu_fanout_leaf=16, nr_cpu_ids=1
Jan 10 14:58:56 rakeshelk-VirtualBox kernel: [    0.004000] NR_IRQS: 524544, nr_irqs: 256, preallocated irqs: 16
Jan 10 14:58:56 rakeshelk-VirtualBox kernel: [    0.004000] Console: colour VGA+ 80x25
Jan 10 14:58:56 rakeshelk-VirtualBox kernel: [    0.004000] console [tty0] enabled
Jan 10 14:58:56 rakeshelk-VirtualBox kernel: [    0.004000] ACPI: Core revision 20170831
Jan 10 14:58:56 rakeshelk-VirtualBox kernel: [    0.004000] ACPI: 2 ACPI AML tables successfully acquired and loaded
Jan 10 14:58:56 rakeshelk-VirtualBox kernel: [    0.004000] APIC: Switch to symmetric I/O mode setup
Jan 10 14:58:56 rakeshelk-VirtualBox kernel: [    0.004000] x2apic enabled
Jan 10 14:58:56 rakeshelk-VirtualBox kernel: [    0.004000] Switched APIC routing to physical x2apic.
Jan 10 14:58:56 rakeshelk-VirtualBox kernel: [    0.004000] ..TIMER: vector=0x30 apic1=0 pin1=2 apic2=-1 pin2=-1
Jan 10 14:58:56 rakeshelk-VirtualBox kernel: [    0.004000] tsc: Detected 3000.002 MHz processor
Jan 10 14:58:56 rakeshelk-VirtualBox kernel: [    0.004000] Calibrating delay loop (skipped) preset value.. 6000.00 BogoMIPS (lpj=12000008)
Jan 10 14:58:56 rakeshelk-VirtualBox kernel: [    0.004000] pid_max: default: 32768 minimum: 301
Jan 10 14:58:56 rakeshelk-VirtualBox kernel: [    0.004000] Security Framework initialized
Jan 10 14:58:56 rakeshelk-VirtualBox kernel: [    0.004000] Yama: becoming mindful.
Jan 10 14:58:56 rakeshelk-VirtualBox kernel: [    0.004000] AppArmor: AppArmor initialized
Jan 10 14:58:56 rakeshelk-VirtualBox kernel: [    0.004000] Dentry cache hash table entries: 524288 (order: 10, 4194304 bytes)
Jan 10 14:58:56 rakeshelk-VirtualBox kernel: [    0.004000] Inode-cache hash table entries: 262144 (order: 9, 2097152 bytes)
Jan 10 14:58:56 rakeshelk-VirtualBox kernel: [    0.004000] Mount-cache hash table entries: 8192 (order: 4, 65536 bytes)
Jan 10 14:58:56 rakeshelk-VirtualBox kernel: [    0.004000] Mountpoint-cache hash table entries: 8192 (order: 4, 65536 bytes)
Jan 10 14:58:56 rakeshelk-VirtualBox kernel: [    0.004000] CPU: Physical Processor ID: 0
Jan 10 14:58:56 rakeshelk-VirtualBox kernel: [    0.004000] mce: CPU supports 0 MCE banks
Jan 10 14:58:56 rakeshelk-VirtualBox kernel: [    0.004000] process: using mwait in idle threads
Jan 10 14:58:56 rakeshelk-VirtualBox kernel: [    0.004000] Last level iTLB entries: 4KB 128, 2MB 8, 4MB 8
Jan 10 14:58:56 rakeshelk-VirtualBox kernel: [    0.004000] Last level dTLB entries: 4KB 64, 2MB 0, 4MB 0, 1GB 4
Jan 10 14:58:56 rakeshelk-VirtualBox kernel: [    0.004000] Spectre V2 : Mitigation: Full generic retpoline
Jan 10 14:58:56 rakeshelk-VirtualBox kernel: [    0.004000] Spectre V2 : Spectre v2 mitigation: Filling RSB on context switch
Jan 10 14:58:56 rakeshelk-VirtualBox kernel: [    0.004000] Speculative Store Bypass: Vulnerable
Jan 10 14:58:56 rakeshelk-VirtualBox kernel: [    0.011896] Freeing SMP alternatives memory: 36K
Jan 10 14:58:56 rakeshelk-VirtualBox kernel: [    0.016000] smpboot: CPU0: Intel(R) Core(TM) i5-7400 CPU @ 3.00GHz (family: 0x6, model: 0x9e, stepping: 0x9)
Jan 10 14:58:56 rakeshelk-VirtualBox kernel: [    0.016000] Performance Events: unsupported p6 CPU model 158 no PMU driver, software events only.
Jan 10 14:58:56 rakeshelk-VirtualBox kernel: [    0.016000] Hierarchical SRCU implementation.
Jan 10 14:58:56 rakeshelk-VirtualBox kernel: [    0.016000] NMI watchdog: Perf event create on CPU 0 failed with -2
Jan 10 14:58:56 rakeshelk-VirtualBox kernel: [    0.016000] NMI watchdog: Perf NMI watchdog permanently disabled
Jan 10 14:58:56 rakeshelk-VirtualBox kernel: [    0.016000] smp: Bringing up secondary CPUs ...
Jan 10 14:58:56 rakeshelk-VirtualBox kernel: [    0.016000] smp: Brought up 1 node, 1 CPU
Jan 10 14:58:56 rakeshelk-VirtualBox kernel: [    0.016000] smpboot: Max logical packages: 1
Jan 10 14:58:56 rakeshelk-VirtualBox kernel: [    0.016000] smpboot: Total of 1 processors activated (6000.00 BogoMIPS)
Jan 10 14:58:56 rakeshelk-VirtualBox kernel: [    0.016000] devtmpfs: initialized
Jan 10 14:58:56 rakeshelk-VirtualBox kernel: [    0.016000] x86/mm: Memory block size: 128MB
Jan 10 14:58:56 rakeshelk-VirtualBox kernel: [    0.016000] evm: security.selinux
Jan 10 14:58:56 rakeshelk-VirtualBox kernel: [    0.016000] evm: security.SMACK64
Jan 10 14:58:56 rakeshelk-VirtualBox kernel: [    0.016000] evm: security.SMACK64EXEC
Jan 10 14:58:56 rakeshelk-VirtualBox kernel: [    0.016000] evm: security.SMACK64TRANSMUTE
Jan 10 14:58:56 rakeshelk-VirtualBox kernel: [    0.016000] evm: security.SMACK64MMAP
Jan 10 14:58:56 rakeshelk-VirtualBox kernel: [    0.016000] evm: security.apparmor
Jan 10 14:58:56 rakeshelk-VirtualBox kernel: [    0.016000] evm: security.ima
Jan 10 14:58:56 rakeshelk-VirtualBox kernel: [    0.016000] evm: security.capability
Jan 10 14:58:56 rakeshelk-VirtualBox kernel: [    0.016000] clocksource: jiffies: mask: 0xffffffff max_cycles: 0xffffffff, max_idle_ns: 7645041785100000 ns
Jan 10 14:58:56 rakeshelk-VirtualBox kernel: [    0.016000] futex hash table entries: 256 (order: 2, 16384 bytes)
Jan 10 14:58:56 rakeshelk-VirtualBox kernel: [    0.016000] pinctrl core: initialized pinctrl subsystem
Jan 10 14:58:56 rakeshelk-VirtualBox kernel: [    0.016000] RTC time:  9:28:41, date: 01/10/19
Jan 10 14:58:56 rakeshelk-VirtualBox kernel: [    0.016000] NET: Registered protocol family 16
Jan 10 14:58:56 rakeshelk-VirtualBox kernel: [    0.016000] audit: initializing netlink subsys (disabled)
Jan 10 14:58:56 rakeshelk-VirtualBox kernel: [    0.016000] cpuidle: using governor ladder
Jan 10 14:58:56 rakeshelk-VirtualBox kernel: [    0.016000] cpuidle: using governor menu
Jan 10 14:58:56 rakeshelk-VirtualBox kernel: [    0.016000] ACPI: bus type PCI registered
Jan 10 14:58:56 rakeshelk-VirtualBox kernel: [    0.016000] acpiphp: ACPI Hot Plug PCI Controller Driver version: 0.5
Jan 10 14:58:56 rakeshelk-VirtualBox kernel: [    0.016000] PCI: Using configuration type 1 for base access
Jan 10 14:58:56 rakeshelk-VirtualBox kernel: [    0.016000] audit: type=2000 audit(1547115772.555:1): state=initialized audit_enabled=0 res=1
Jan 10 14:58:56 rakeshelk-VirtualBox kernel: [    0.016000] HugeTLB registered 2.00 MiB page size, pre-allocated 0 pages
Jan 10 14:58:56 rakeshelk-VirtualBox kernel: [    0.016000] ACPI: Added _OSI(Module Device)
Jan 10 14:58:56 rakeshelk-VirtualBox kernel: [    0.016000] ACPI: Added _OSI(Processor Device)
Jan 10 14:58:56 rakeshelk-VirtualBox kernel: [    0.016000] ACPI: Added _OSI(3.0 _SCP Extensions)
Jan 10 14:58:56 rakeshelk-VirtualBox kernel: [    0.016000] ACPI: Added _OSI(Processor Aggregator Device)
Jan 10 14:58:56 rakeshelk-VirtualBox kernel: [    0.016000] ACPI: Added _OSI(Linux-Dell-Video)
Jan 10 14:58:56 rakeshelk-VirtualBox kernel: [    0.016000] ACPI: Executed 1 blocks of module-level executable AML code
Jan 10 14:58:56 rakeshelk-VirtualBox kernel: [    0.019569] ACPI: Interpreter enabled
Jan 10 14:58:56 rakeshelk-VirtualBox kernel: [    0.019578] ACPI: (supports S0 S5)
Jan 10 14:58:56 rakeshelk-VirtualBox kernel: [    0.019579] ACPI: Using IOAPIC for interrupt routing
Jan 10 14:58:56 rakeshelk-VirtualBox kernel: [    0.019855] PCI: Using host bridge windows from ACPI; if necessary, use "pci=nocrs" and report a bug
Jan 10 14:58:56 rakeshelk-VirtualBox kernel: [    0.020000] ACPI: Enabled 2 GPEs in block 00 to 07
Jan 10 14:58:56 rakeshelk-VirtualBox kernel: [    0.026376] ACPI: PCI Root Bridge [PCI0] (domain 0000 [bus 00-ff])
Jan 10 14:58:56 rakeshelk-VirtualBox kernel: [    0.026381] acpi PNP0A03:00: _OSC: OS supports [ASPM ClockPM Segments MSI]
Jan 10 14:58:56 rakeshelk-VirtualBox kernel: [    0.027024] acpi PNP0A03:00: _OSC: not requesting OS control; OS requires [ExtendedConfig ASPM ClockPM MSI]
Jan 10 14:58:56 rakeshelk-VirtualBox kernel: [    0.027033] acpi PNP0A03:00: fail to add MMCONFIG information, can't access extended PCI configuration space under this bridge.
Jan 10 14:58:56 rakeshelk-VirtualBox kernel: [    0.027365] PCI host bridge to bus 0000:00
Jan 10 14:58:56 rakeshelk-VirtualBox kernel: [    0.027367] pci_bus 0000:00: root bus resource [io  0x0000-0x0cf7 window]
Jan 10 14:58:56 rakeshelk-VirtualBox kernel: [    0.027368] pci_bus 0000:00: root bus resource [io  0x0d00-0xffff window]
Jan 10 14:58:56 rakeshelk-VirtualBox kernel: [    0.027370] pci_bus 0000:00: root bus resource [mem 0x000a0000-0x000bffff window]
Jan 10 14:58:56 rakeshelk-VirtualBox kernel: [    0.027371] pci_bus 0000:00: root bus resource [mem 0xe0000000-0xfdffffff window]
Jan 10 14:58:56 rakeshelk-VirtualBox kernel: [    0.027372] pci_bus 0000:00: root bus resource [bus 00-ff]
Jan 10 14:58:56 rakeshelk-VirtualBox kernel: [    0.027425] pci 0000:00:00.0: [8086:1237] type 00 class 0x060000
Jan 10 14:58:56 rakeshelk-VirtualBox kernel: [    0.028113] pci 0000:00:01.0: [8086:7000] type 00 class 0x060100
Jan 10 14:58:56 rakeshelk-VirtualBox kernel: [    0.028793] pci 0000:00:01.1: [8086:7111] type 00 class 0x01018a
Jan 10 14:58:56 rakeshelk-VirtualBox kernel: [    0.029172] pci 0000:00:01.1: reg 0x20: [io  0xd000-0xd00f]
Jan 10 14:58:56 rakeshelk-VirtualBox kernel: [    0.029343] pci 0000:00:01.1: legacy IDE quirk: reg 0x10: [io  0x01f0-0x01f7]
Jan 10 14:58:56 rakeshelk-VirtualBox kernel: [    0.029344] pci 0000:00:01.1: legacy IDE quirk: reg 0x14: [io  0x03f6]
Jan 10 14:58:56 rakeshelk-VirtualBox kernel: [    0.029345] pci 0000:00:01.1: legacy IDE quirk: reg 0x18: [io  0x0170-0x0177]
Jan 10 14:58:56 rakeshelk-VirtualBox kernel: [    0.029346] pci 0000:00:01.1: legacy IDE quirk: reg 0x1c: [io  0x0376]
Jan 10 14:58:56 rakeshelk-VirtualBox kernel: [    0.029575] pci 0000:00:02.0: [15ad:0405] type 00 class 0x030000
Jan 10 14:58:56 rakeshelk-VirtualBox kernel: [    0.031343] pci 0000:00:02.0: reg 0x10: [io  0xd010-0xd01f]
Jan 10 14:58:56 rakeshelk-VirtualBox kernel: [    0.032275] pci 0000:00:02.0: reg 0x14: [mem 0xf0000000-0xf0ffffff]
Jan 10 14:58:56 rakeshelk-VirtualBox kernel: [    0.034050] pci 0000:00:02.0: reg 0x18: [mem 0xf1000000-0xf11fffff]
Jan 10 14:58:56 rakeshelk-VirtualBox kernel: [    0.041980] pci 0000:00:03.0: [8086:100e] type 00 class 0x020000
Jan 10 14:58:56 rakeshelk-VirtualBox kernel: [    0.043470] pci 0000:00:03.0: reg 0x10: [mem 0xf1200000-0xf121ffff]
Jan 10 14:58:56 rakeshelk-VirtualBox kernel: [    0.045430] pci 0000:00:03.0: reg 0x18: [io  0xd020-0xd027]
Jan 10 14:58:56 rakeshelk-VirtualBox kernel: [    0.052745] pci 0000:00:04.0: [80ee:cafe] type 00 class 0x088000
Jan 10 14:58:56 rakeshelk-VirtualBox kernel: [    0.054830] pci 0000:00:04.0: reg 0x10: [io  0xd040-0xd05f]
Jan 10 14:58:56 rakeshelk-VirtualBox kernel: [    0.056117] pci 0000:00:04.0: reg 0x14: [mem 0xf1400000-0xf17fffff]
Jan 10 14:58:56 rakeshelk-VirtualBox kernel: [    0.057854] pci 0000:00:04.0: reg 0x18: [mem 0xf1800000-0xf1803fff pref]
Jan 10 14:58:56 rakeshelk-VirtualBox kernel: [    0.064358] pci 0000:00:05.0: [8086:2415] type 00 class 0x040100
Jan 10 14:58:56 rakeshelk-VirtualBox kernel: [    0.064497] pci 0000:00:05.0: reg 0x10: [io  0xd100-0xd1ff]
Jan 10 14:58:56 rakeshelk-VirtualBox kernel: [    0.064574] pci 0000:00:05.0: reg 0x14: [io  0xd200-0xd23f]
Jan 10 14:58:56 rakeshelk-VirtualBox kernel: [    0.065201] pci 0000:00:06.0: [106b:003f] type 00 class 0x0c0310
Jan 10 14:58:56 rakeshelk-VirtualBox kernel: [    0.066609] pci 0000:00:06.0: reg 0x10: [mem 0xf1804000-0xf1804fff]
Jan 10 14:58:56 rakeshelk-VirtualBox kernel: [    0.076033] pci 0000:00:07.0: [8086:7113] type 00 class 0x068000
Jan 10 14:58:56 rakeshelk-VirtualBox kernel: [    0.076395] pci 0000:00:07.0: quirk: [io  0x4000-0x403f] claimed by PIIX4 ACPI
Jan 10 14:58:56 rakeshelk-VirtualBox kernel: [    0.076405] pci 0000:00:07.0: quirk: [io  0x4100-0x410f] claimed by PIIX4 SMB
Jan 10 14:58:56 rakeshelk-VirtualBox kernel: [    0.076703] pci 0000:00:0d.0: [8086:2829] type 00 class 0x010601
Jan 10 14:58:56 rakeshelk-VirtualBox kernel: [    0.078141] pci 0000:00:0d.0: reg 0x10: [io  0xd240-0xd247]
Jan 10 14:58:56 rakeshelk-VirtualBox kernel: [    0.079466] pci 0000:00:0d.0: reg 0x14: [io  0xd248-0xd24b]
Jan 10 14:58:56 rakeshelk-VirtualBox kernel: [    0.080068] pci 0000:00:0d.0: reg 0x18: [io  0xd250-0xd257]
Jan 10 14:58:56 rakeshelk-VirtualBox kernel: [    0.081415] pci 0000:00:0d.0: reg 0x1c: [io  0xd258-0xd25b]
Jan 10 14:58:56 rakeshelk-VirtualBox kernel: [    0.082763] pci 0000:00:0d.0: reg 0x20: [io  0xd260-0xd26f]
Jan 10 14:58:56 rakeshelk-VirtualBox kernel: [    0.084073] pci 0000:00:0d.0: reg 0x24: [mem 0xf1806000-0xf1807fff]
Jan 10 14:58:56 rakeshelk-VirtualBox kernel: [    0.087196] ACPI: PCI Interrupt Link [LNKA] (IRQs 5 9 10 *11)
Jan 10 14:58:56 rakeshelk-VirtualBox kernel: [    0.087549] ACPI: PCI Interrupt Link [LNKB] (IRQs 5 9 *10 11)
Jan 10 14:58:56 rakeshelk-VirtualBox kernel: [    0.087664] ACPI: PCI Interrupt Link [LNKC] (IRQs 5 *9 10 11)
Jan 10 14:58:56 rakeshelk-VirtualBox kernel: [    0.087787] ACPI: PCI Interrupt Link [LNKD] (IRQs 5 9 10 *11)
Jan 10 14:58:56 rakeshelk-VirtualBox kernel: [    0.088000] SCSI subsystem initialized
Jan 10 14:58:56 rakeshelk-VirtualBox kernel: [    0.088000] libata version 3.00 loaded.
Jan 10 14:58:56 rakeshelk-VirtualBox kernel: [    0.088000] pci 0000:00:02.0: vgaarb: setting as boot VGA device
Jan 10 14:58:56 rakeshelk-VirtualBox kernel: [    0.088000] pci 0000:00:02.0: vgaarb: VGA device added: decodes=io+mem,owns=io+mem,locks=none
Jan 10 14:58:56 rakeshelk-VirtualBox kernel: [    0.088002] pci 0000:00:02.0: vgaarb: bridge control possible
Jan 10 14:58:56 rakeshelk-VirtualBox kernel: [    0.088003] vgaarb: loaded
Jan 10 14:58:56 rakeshelk-VirtualBox kernel: [    0.088017] ACPI: bus type USB registered
Jan 10 14:58:56 rakeshelk-VirtualBox kernel: [    0.088030] usbcore: registered new interface driver usbfs
Jan 10 14:58:56 rakeshelk-VirtualBox kernel: [    0.088036] usbcore: registered new interface driver hub
Jan 10 14:58:56 rakeshelk-VirtualBox kernel: [    0.088043] usbcore: registered new device driver usb
Jan 10 14:58:56 rakeshelk-VirtualBox kernel: [    0.088077] EDAC MC: Ver: 3.0.0
Jan 10 14:58:56 rakeshelk-VirtualBox kernel: [    0.088322] PCI: Using ACPI for IRQ routing
Jan 10 14:58:56 rakeshelk-VirtualBox kernel: [    0.088323] PCI: pci_cache_line_size set to 64 bytes
Jan 10 14:58:56 rakeshelk-VirtualBox kernel: [    0.088490] e820: reserve RAM buffer [mem 0x0009fc00-0x0009ffff]
Jan 10 14:58:56 rakeshelk-VirtualBox kernel: [    0.088491] e820: reserve RAM buffer [mem 0xdfff0000-0xdfffffff]
Jan 10 14:58:56 rakeshelk-VirtualBox kernel: [    0.088603] NetLabel: Initializing
Jan 10 14:58:56 rakeshelk-VirtualBox kernel: [    0.088603] NetLabel:  domain hash size = 128
Jan 10 14:58:56 rakeshelk-VirtualBox kernel: [    0.088604] NetLabel:  protocols = UNLABELED CIPSOv4 CALIPSO
Jan 10 14:58:56 rakeshelk-VirtualBox kernel: [    0.088618] NetLabel:  unlabeled traffic allowed by default
Jan 10 14:58:56 rakeshelk-VirtualBox kernel: [    0.088794] clocksource: Switched to clocksource kvm-clock
Jan 10 14:58:56 rakeshelk-VirtualBox kernel: [    0.098166] VFS: Disk quotas dquot_6.6.0
Jan 10 14:58:56 rakeshelk-VirtualBox kernel: [    0.098180] VFS: Dquot-cache hash table entries: 512 (order 0, 4096 bytes)
Jan 10 14:58:56 rakeshelk-VirtualBox kernel: [    0.098259] AppArmor: AppArmor Filesystem Enabled
Jan 10 14:58:56 rakeshelk-VirtualBox kernel: [    0.098278] pnp: PnP ACPI init
Jan 10 14:58:56 rakeshelk-VirtualBox kernel: [    0.098362] pnp 00:00: Plug and Play ACPI device, IDs PNP0303 (active)
Jan 10 14:58:56 rakeshelk-VirtualBox kernel: [    0.098429] pnp 00:01: Plug and Play ACPI device, IDs PNP0f03 (active)
Jan 10 14:58:56 rakeshelk-VirtualBox kernel: [    0.099242] pnp: PnP ACPI: found 2 devices
Jan 10 14:58:56 rakeshelk-VirtualBox kernel: [    0.104725] clocksource: acpi_pm: mask: 0xffffff max_cycles: 0xffffff, max_idle_ns: 2085701024 ns
Jan 10 14:58:56 rakeshelk-VirtualBox kernel: [    0.104732] pci_bus 0000:00: resource 4 [io  0x0000-0x0cf7 window]
Jan 10 14:58:56 rakeshelk-VirtualBox kernel: [    0.104733] pci_bus 0000:00: resource 5 [io  0x0d00-0xffff window]
Jan 10 14:58:56 rakeshelk-VirtualBox kernel: [    0.104735] pci_bus 0000:00: resource 6 [mem 0x000a0000-0x000bffff window]
Jan 10 14:58:56 rakeshelk-VirtualBox kernel: [    0.104736] pci_bus 0000:00: resource 7 [mem 0xe0000000-0xfdffffff window]
Jan 10 14:58:56 rakeshelk-VirtualBox kernel: [    0.104779] NET: Registered protocol family 2
Jan 10 14:58:56 rakeshelk-VirtualBox kernel: [    0.104918] TCP established hash table entries: 32768 (order: 6, 262144 bytes)
Jan 10 14:58:56 rakeshelk-VirtualBox kernel: [    0.104956] TCP bind hash table entries: 32768 (order: 7, 524288 bytes)
Jan 10 14:58:56 rakeshelk-VirtualBox kernel: [    0.104990] TCP: Hash tables configured (established 32768 bind 32768)
Jan 10 14:58:56 rakeshelk-VirtualBox kernel: [    0.105007] UDP hash table entries: 2048 (order: 4, 65536 bytes)
Jan 10 14:58:56 rakeshelk-VirtualBox kernel: [    0.105016] UDP-Lite hash table entries: 2048 (order: 4, 65536 bytes)
Jan 10 14:58:56 rakeshelk-VirtualBox kernel: [    0.105041] NET: Registered protocol family 1
Jan 10 14:58:56 rakeshelk-VirtualBox kernel: [    0.105047] pci 0000:00:00.0: Limiting direct PCI/PCI transfers
Jan 10 14:58:56 rakeshelk-VirtualBox kernel: [    0.105073] pci 0000:00:01.0: Activating ISA DMA hang workarounds
Jan 10 14:58:56 rakeshelk-VirtualBox kernel: [    0.105118] pci 0000:00:02.0: Video device with shadowed ROM at [mem 0x000c0000-0x000dffff]
Jan 10 14:58:56 rakeshelk-VirtualBox kernel: [    0.106773] PCI: CLS 0 bytes, default 64
Jan 10 14:58:56 rakeshelk-VirtualBox kernel: [    0.106804] Unpacking initramfs...
Jan 10 14:58:56 rakeshelk-VirtualBox kernel: [    0.689117] Freeing initrd memory: 52896K
Jan 10 14:58:56 rakeshelk-VirtualBox kernel: [    0.689143] PCI-DMA: Using software bounce buffering for IO (SWIOTLB)
Jan 10 14:58:56 rakeshelk-VirtualBox kernel: [    0.689146] software IO TLB [mem 0xdbff0000-0xdfff0000] (64MB) mapped at [        (ptrval)-        (ptrval)]
Jan 10 14:58:56 rakeshelk-VirtualBox kernel: [    0.689237] platform rtc_cmos: registered platform RTC device (no PNP device found)
Jan 10 14:58:56 rakeshelk-VirtualBox kernel: [    0.689254] Scanning for low memory corruption every 60 seconds
Jan 10 14:58:56 rakeshelk-VirtualBox kernel: [    0.689673] Initialise system trusted keyrings
Jan 10 14:58:56 rakeshelk-VirtualBox kernel: [    0.689680] Key type blacklist registered
Jan 10 14:58:56 rakeshelk-VirtualBox kernel: [    0.689706] workingset: timestamp_bits=36 max_order=20 bucket_order=0
Jan 10 14:58:56 rakeshelk-VirtualBox kernel: [    0.690778] zbud: loaded
Jan 10 14:58:56 rakeshelk-VirtualBox kernel: [    0.691239] squashfs: version 4.0 (2009/01/31) Phillip Lougher
Jan 10 14:58:56 rakeshelk-VirtualBox kernel: [    0.691361] fuse init (API version 7.26)
Jan 10 14:58:56 rakeshelk-VirtualBox kernel: [    0.692053] Key type asymmetric registered
Jan 10 14:58:56 rakeshelk-VirtualBox kernel: [    0.692054] Asymmetric key parser 'x509' registered
Jan 10 14:58:56 rakeshelk-VirtualBox kernel: [    0.692078] Block layer SCSI generic (bsg) driver version 0.4 loaded (major 246)
Jan 10 14:58:56 rakeshelk-VirtualBox kernel: [    0.692094] io scheduler noop registered
Jan 10 14:58:56 rakeshelk-VirtualBox kernel: [    0.692095] io scheduler deadline registered
Jan 10 14:58:56 rakeshelk-VirtualBox kernel: [    0.692131] io scheduler cfq registered (default)
Jan 10 14:58:56 rakeshelk-VirtualBox kernel: [    0.692376] ACPI: AC Adapter [AC] (on-line)
Jan 10 14:58:56 rakeshelk-VirtualBox kernel: [    0.692416] input: Power Button as /devices/LNXSYSTM:00/LNXPWRBN:00/input/input0
Jan 10 14:58:56 rakeshelk-VirtualBox kernel: [    0.692450] ACPI: Power Button [PWRF]
Jan 10 14:58:56 rakeshelk-VirtualBox kernel: [    0.692511] input: Sleep Button as /devices/LNXSYSTM:00/LNXSLPBN:00/input/input1
Jan 10 14:58:56 rakeshelk-VirtualBox kernel: [    0.692517] ACPI: Sleep Button [SLPF]
Jan 10 14:58:56 rakeshelk-VirtualBox kernel: [    0.692700] Serial: 8250/16550 driver, 32 ports, IRQ sharing enabled
Jan 10 14:58:56 rakeshelk-VirtualBox kernel: [    0.694000] Linux agpgart interface v0.103
Jan 10 14:58:56 rakeshelk-VirtualBox kernel: [    0.694919] loop: module loaded
Jan 10 14:58:56 rakeshelk-VirtualBox kernel: [    0.695002] ata_piix 0000:00:01.1: version 2.13
Jan 10 14:58:56 rakeshelk-VirtualBox kernel: [    0.695337] scsi host0: ata_piix
Jan 10 14:58:56 rakeshelk-VirtualBox kernel: [    0.695384] scsi host1: ata_piix
Jan 10 14:58:56 rakeshelk-VirtualBox kernel: [    0.695407] ata1: PATA max UDMA/33 cmd 0x1f0 ctl 0x3f6 bmdma 0xd000 irq 14
Jan 10 14:58:56 rakeshelk-VirtualBox kernel: [    0.695408] ata2: PATA max UDMA/33 cmd 0x170 ctl 0x376 bmdma 0xd008 irq 15
Jan 10 14:58:56 rakeshelk-VirtualBox kernel: [    0.695465] libphy: Fixed MDIO Bus: probed
Jan 10 14:58:56 rakeshelk-VirtualBox kernel: [    0.695465] tun: Universal TUN/TAP device driver, 1.6
Jan 10 14:58:56 rakeshelk-VirtualBox kernel: [    0.695729] PPP generic driver version 2.4.2
Jan 10 14:58:56 rakeshelk-VirtualBox kernel: [    0.695758] ehci_hcd: USB 2.0 'Enhanced' Host Controller (EHCI) Driver
Jan 10 14:58:56 rakeshelk-VirtualBox kernel: [    0.695759] ehci-pci: EHCI PCI platform driver
Jan 10 14:58:56 rakeshelk-VirtualBox kernel: [    0.695766] ehci-platform: EHCI generic platform driver
Jan 10 14:58:56 rakeshelk-VirtualBox kernel: [    0.695771] ohci_hcd: USB 1.1 'Open' Host Controller (OHCI) Driver
Jan 10 14:58:56 rakeshelk-VirtualBox kernel: [    0.695772] ohci-pci: OHCI PCI platform driver
Jan 10 14:58:56 rakeshelk-VirtualBox kernel: [    0.696555] ohci-pci 0000:00:06.0: OHCI PCI host controller
Jan 10 14:58:56 rakeshelk-VirtualBox kernel: [    0.696560] ohci-pci 0000:00:06.0: new USB bus registered, assigned bus number 1
Jan 10 14:58:56 rakeshelk-VirtualBox kernel: [    0.696613] ohci-pci 0000:00:06.0: irq 22, io mem 0xf1804000
Jan 10 14:58:56 rakeshelk-VirtualBox kernel: [    0.756752] usb usb1: New USB device found, idVendor=1d6b, idProduct=0001
Jan 10 14:58:56 rakeshelk-VirtualBox kernel: [    0.756753] usb usb1: New USB device strings: Mfr=3, Product=2, SerialNumber=1
Jan 10 14:58:56 rakeshelk-VirtualBox kernel: [    0.756755] usb usb1: Product: OHCI PCI host controller
Jan 10 14:58:56 rakeshelk-VirtualBox kernel: [    0.756756] usb usb1: Manufacturer: Linux 4.15.0-29-generic ohci_hcd
Jan 10 14:58:56 rakeshelk-VirtualBox kernel: [    0.756757] usb usb1: SerialNumber: 0000:00:06.0
Jan 10 14:58:56 rakeshelk-VirtualBox kernel: [    0.756850] hub 1-0:1.0: USB hub found
Jan 10 14:58:56 rakeshelk-VirtualBox kernel: [    0.756862] hub 1-0:1.0: 12 ports detected
Jan 10 14:58:56 rakeshelk-VirtualBox kernel: [    0.757179] ohci-platform: OHCI generic platform driver
Jan 10 14:58:56 rakeshelk-VirtualBox kernel: [    0.757188] uhci_hcd: USB Universal Host Controller Interface driver
Jan 10 14:58:56 rakeshelk-VirtualBox kernel: [    0.757230] i8042: PNP: PS/2 Controller [PNP0303:PS2K,PNP0f03:PS2M] at 0x60,0x64 irq 1,12
Jan 10 14:58:56 rakeshelk-VirtualBox kernel: [    0.757657] serio: i8042 KBD port at 0x60,0x64 irq 1
Jan 10 14:58:56 rakeshelk-VirtualBox kernel: [    0.757661] serio: i8042 AUX port at 0x60,0x64 irq 12
Jan 10 14:58:56 rakeshelk-VirtualBox kernel: [    0.757740] mousedev: PS/2 mouse device common for all mice
Jan 10 14:58:56 rakeshelk-VirtualBox kernel: [    0.757970] input: AT Translated Set 2 keyboard as /devices/platform/i8042/serio0/input/input2
Jan 10 14:58:56 rakeshelk-VirtualBox kernel: [    0.758309] rtc_cmos rtc_cmos: rtc core: registered rtc_cmos as rtc0
Jan 10 14:58:56 rakeshelk-VirtualBox kernel: [    0.758368] rtc_cmos rtc_cmos: alarms up to one day, 114 bytes nvram
Jan 10 14:58:56 rakeshelk-VirtualBox kernel: [    0.758373] i2c /dev entries driver
Jan 10 14:58:56 rakeshelk-VirtualBox kernel: [    0.758413] device-mapper: uevent: version 1.0.3
Jan 10 14:58:56 rakeshelk-VirtualBox kernel: [    0.758456] device-mapper: ioctl: 4.37.0-ioctl (2017-09-20) initialised: dm-devel@redhat.com
Jan 10 14:58:56 rakeshelk-VirtualBox kernel: [    0.758463] ledtrig-cpu: registered to indicate activity on CPUs
Jan 10 14:58:56 rakeshelk-VirtualBox kernel: [    0.758562] intel_pmc_core:  initialized
Jan 10 14:58:56 rakeshelk-VirtualBox kernel: [    0.758729] NET: Registered protocol family 10
Jan 10 14:58:56 rakeshelk-VirtualBox kernel: [    0.761732] Segment Routing with IPv6
Jan 10 14:58:56 rakeshelk-VirtualBox kernel: [    0.761752] NET: Registered protocol family 17
Jan 10 14:58:56 rakeshelk-VirtualBox kernel: [    0.761777] Key type dns_resolver registered
Jan 10 14:58:56 rakeshelk-VirtualBox kernel: [    0.761866] RAS: Correctable Errors collector initialized.
Jan 10 14:58:56 rakeshelk-VirtualBox kernel: [    0.761874] sched_clock: Marking stable (760069592, 0)->(962965543, -202895951)
Jan 10 14:58:56 rakeshelk-VirtualBox kernel: [    0.761968] registered taskstats version 1
Jan 10 14:58:56 rakeshelk-VirtualBox kernel: [    0.761974] Loading compiled-in X.509 certificates
Jan 10 14:58:56 rakeshelk-VirtualBox kernel: [    0.763715] Loaded X.509 cert 'Build time autogenerated kernel key: 1cc37f41791529df57507d3747a6804ab53f482b'
Jan 10 14:58:56 rakeshelk-VirtualBox kernel: [    0.763729] zswap: loaded using pool lzo/zbud
Jan 10 14:58:56 rakeshelk-VirtualBox kernel: [    0.766514] Key type big_key registered
Jan 10 14:58:56 rakeshelk-VirtualBox kernel: [    0.766517] Key type trusted registered
Jan 10 14:58:56 rakeshelk-VirtualBox kernel: [    0.767805] Key type encrypted registered
Jan 10 14:58:56 rakeshelk-VirtualBox kernel: [    0.767807] AppArmor: AppArmor sha1 policy hashing enabled
Jan 10 14:58:56 rakeshelk-VirtualBox kernel: [    0.767809] ima: No TPM chip found, activating TPM-bypass! (rc=-19)
Jan 10 14:58:56 rakeshelk-VirtualBox kernel: [    0.767822] evm: HMAC attrs: 0x1
Jan 10 14:58:56 rakeshelk-VirtualBox kernel: [    0.768134]   Magic number: 3:598:474
Jan 10 14:58:56 rakeshelk-VirtualBox kernel: [    0.768197] rtc_cmos rtc_cmos: setting system clock to 2019-01-10 09:28:42 UTC (1547112522)
Jan 10 14:58:56 rakeshelk-VirtualBox kernel: [    0.768257] BIOS EDD facility v0.16 2004-Jun-25, 0 devices found
Jan 10 14:58:56 rakeshelk-VirtualBox kernel: [    0.768257] EDD information not available.
Jan 10 14:58:56 rakeshelk-VirtualBox kernel: [    0.857166] ata2.00: ATAPI: VBOX CD-ROM, 1.0, max UDMA/133
Jan 10 14:58:56 rakeshelk-VirtualBox kernel: [    0.857495] ata2.00: configured for UDMA/33
Jan 10 14:58:56 rakeshelk-VirtualBox kernel: [    0.857894] scsi 1:0:0:0: CD-ROM            VBOX     CD-ROM           1.0  PQ: 0 ANSI: 5
Jan 10 14:58:56 rakeshelk-VirtualBox kernel: [    0.880666] sr 1:0:0:0: [sr0] scsi3-mmc drive: 32x/32x xa/form2 tray
Jan 10 14:58:56 rakeshelk-VirtualBox kernel: [    0.880667] cdrom: Uniform CD-ROM driver Revision: 3.20
Jan 10 14:58:56 rakeshelk-VirtualBox kernel: [    0.880765] sr 1:0:0:0: Attached scsi CD-ROM sr0
Jan 10 14:58:56 rakeshelk-VirtualBox kernel: [    0.880907] sr 1:0:0:0: Attached scsi generic sg0 type 5
Jan 10 14:58:56 rakeshelk-VirtualBox kernel: [    0.883027] Freeing unused kernel memory: 2408K
Jan 10 14:58:56 rakeshelk-VirtualBox kernel: [    0.892030] Write protecting the kernel read-only data: 20480k
Jan 10 14:58:56 rakeshelk-VirtualBox kernel: [    0.892390] Freeing unused kernel memory: 2008K
Jan 10 14:58:56 rakeshelk-VirtualBox kernel: [    0.895367] Freeing unused kernel memory: 1904K
Jan 10 14:58:56 rakeshelk-VirtualBox kernel: [    0.903893] x86/mm: Checked W+X mappings: passed, no W+X pages found.
Jan 10 14:58:56 rakeshelk-VirtualBox kernel: [    0.903893] x86/mm: Checking user space page tables
Jan 10 14:58:56 rakeshelk-VirtualBox kernel: [    0.912389] x86/mm: Checked W+X mappings: passed, no W+X pages found.
Jan 10 14:58:56 rakeshelk-VirtualBox kernel: [    0.991951] ACPI: Video Device [GFX0] (multi-head: yes  rom: no  post: no)
Jan 10 14:58:56 rakeshelk-VirtualBox kernel: [    0.992012] input: Video Bus as /devices/LNXSYSTM:00/LNXSYBUS:00/PNP0A03:00/LNXVIDEO:00/input/input4
Jan 10 14:58:56 rakeshelk-VirtualBox kernel: [    1.007445] e1000: Intel(R) PRO/1000 Network Driver - version 7.3.21-k8-NAPI
Jan 10 14:58:56 rakeshelk-VirtualBox kernel: [    1.007446] e1000: Copyright (c) 1999-2006 Intel Corporation.
Jan 10 14:58:56 rakeshelk-VirtualBox kernel: [    1.194054] usb 1-1: new full-speed USB device number 2 using ohci-pci
Jan 10 14:58:56 rakeshelk-VirtualBox kernel: [    1.221441] input: ImExPS/2 Generic Explorer Mouse as /devices/platform/i8042/serio1/input/input5
Jan 10 14:58:56 rakeshelk-VirtualBox kernel: [    1.411247] e1000 0000:00:03.0 eth0: (PCI:33MHz:32-bit) 08:00:27:12:25:cf
Jan 10 14:58:56 rakeshelk-VirtualBox kernel: [    1.411256] e1000 0000:00:03.0 eth0: Intel(R) PRO/1000 Network Connection
Jan 10 14:58:56 rakeshelk-VirtualBox kernel: [    1.411557] piix4_smbus 0000:00:07.0: SMBus Host Controller at 0x4100, revision 0
Jan 10 14:58:56 rakeshelk-VirtualBox kernel: [    1.412053] ahci 0000:00:0d.0: version 3.0
Jan 10 14:58:56 rakeshelk-VirtualBox kernel: [    1.414098] ahci 0000:00:0d.0: SSS flag set, parallel bus scan disabled
Jan 10 14:58:56 rakeshelk-VirtualBox kernel: [    1.414403] ahci 0000:00:0d.0: AHCI 0001.0100 32 slots 1 ports 3 Gbps 0x1 impl SATA mode
Jan 10 14:58:56 rakeshelk-VirtualBox kernel: [    1.414410] ahci 0000:00:0d.0: flags: 64bit ncq stag only ccc 
Jan 10 14:58:56 rakeshelk-VirtualBox kernel: [    1.418642] e1000 0000:00:03.0 enp0s3: renamed from eth0
Jan 10 14:58:56 rakeshelk-VirtualBox kernel: [    1.419933] scsi host2: ahci
Jan 10 14:58:56 rakeshelk-VirtualBox kernel: [    1.420068] ata3: SATA max UDMA/133 abar m8192@0xf1806000 port 0xf1806100 irq 21
Jan 10 14:58:56 rakeshelk-VirtualBox kernel: [    1.421305] [drm] DMA map mode: Using physical TTM page addresses.
Jan 10 14:58:56 rakeshelk-VirtualBox kernel: [    1.421349] [drm] Capabilities:
Jan 10 14:58:56 rakeshelk-VirtualBox kernel: [    1.421350] [drm]   Cursor.
Jan 10 14:58:56 rakeshelk-VirtualBox kernel: [    1.421350] [drm]   Cursor bypass 2.
Jan 10 14:58:56 rakeshelk-VirtualBox kernel: [    1.421351] [drm]   Alpha cursor.
Jan 10 14:58:56 rakeshelk-VirtualBox kernel: [    1.421351] [drm]   3D.
Jan 10 14:58:56 rakeshelk-VirtualBox kernel: [    1.421352] [drm]   Extended Fifo.
Jan 10 14:58:56 rakeshelk-VirtualBox kernel: [    1.421352] [drm]   Pitchlock.
Jan 10 14:58:56 rakeshelk-VirtualBox kernel: [    1.421353] [drm]   Irq mask.
Jan 10 14:58:56 rakeshelk-VirtualBox kernel: [    1.421353] [drm]   GMR.
Jan 10 14:58:56 rakeshelk-VirtualBox kernel: [    1.421354] [drm]   Traces.
Jan 10 14:58:56 rakeshelk-VirtualBox kernel: [    1.421354] [drm]   GMR2.
Jan 10 14:58:56 rakeshelk-VirtualBox kernel: [    1.421355] [drm]   Screen Object 2.
Jan 10 14:58:56 rakeshelk-VirtualBox kernel: [    1.421355] [drm] Max GMR ids is 8192
Jan 10 14:58:56 rakeshelk-VirtualBox kernel: [    1.421356] [drm] Max number of GMR pages is 1048576
Jan 10 14:58:56 rakeshelk-VirtualBox kernel: [    1.421357] [drm] Max dedicated hypervisor surface memory is 507904 kiB
Jan 10 14:58:56 rakeshelk-VirtualBox kernel: [    1.421357] [drm] Maximum display memory size is 16384 kiB
Jan 10 14:58:56 rakeshelk-VirtualBox kernel: [    1.421358] [drm] VRAM at 0xf0000000 size is 16384 kiB
Jan 10 14:58:56 rakeshelk-VirtualBox kernel: [    1.421359] [drm] MMIO at 0xf1000000 size is 2048 kiB
Jan 10 14:58:56 rakeshelk-VirtualBox kernel: [    1.421449] [drm] global init.
Jan 10 14:58:56 rakeshelk-VirtualBox kernel: [    1.421649] [TTM] Zone  kernel: Available graphics memory: 2019866 kiB
Jan 10 14:58:56 rakeshelk-VirtualBox kernel: [    1.421650] [TTM] Initializing pool allocator
Jan 10 14:58:56 rakeshelk-VirtualBox kernel: [    1.421653] [TTM] Initializing DMA pool allocator
Jan 10 14:58:56 rakeshelk-VirtualBox kernel: [    1.421764] [drm] Supports vblank timestamp caching Rev 2 (21.10.2013).
Jan 10 14:58:56 rakeshelk-VirtualBox kernel: [    1.421765] [drm] No driver support for vblank timestamp query.
Jan 10 14:58:56 rakeshelk-VirtualBox kernel: [    1.422014] [drm] Screen Objects Display Unit initialized
Jan 10 14:58:56 rakeshelk-VirtualBox kernel: [    1.422075] [drm] width 720
Jan 10 14:58:56 rakeshelk-VirtualBox kernel: [    1.422087] [drm] height 400
Jan 10 14:58:56 rakeshelk-VirtualBox kernel: [    1.422098] [drm] bpp 32
Jan 10 14:58:56 rakeshelk-VirtualBox kernel: [    1.422342] [drm] Fifo max 0x00200000 min 0x00001000 cap 0x00000311
Jan 10 14:58:56 rakeshelk-VirtualBox kernel: [    1.422350] [drm] DX: no.
Jan 10 14:58:56 rakeshelk-VirtualBox kernel: [    1.422350] [drm] Atomic: yes
Jan 10 14:58:56 rakeshelk-VirtualBox kernel: [    1.422366] [drm:vmw_host_log [vmwgfx]] *ERROR* Failed to send log
Jan 10 14:58:56 rakeshelk-VirtualBox kernel: [    1.423121] [drm:vmw_host_log [vmwgfx]] *ERROR* Failed to send log
Jan 10 14:58:56 rakeshelk-VirtualBox kernel: [    1.426036] fbcon: svgadrmfb (fb0) is primary device
Jan 10 14:58:56 rakeshelk-VirtualBox kernel: [    1.427969] Console: switching to colour frame buffer device 100x37
Jan 10 14:58:56 rakeshelk-VirtualBox kernel: [    1.428899] [drm] Initialized vmwgfx 2.14.0 20170612 for 0000:00:02.0 on minor 0
Jan 10 14:58:56 rakeshelk-VirtualBox kernel: [    1.512476] usb 1-1: New USB device found, idVendor=80ee, idProduct=0021
Jan 10 14:58:56 rakeshelk-VirtualBox kernel: [    1.512478] usb 1-1: New USB device strings: Mfr=1, Product=3, SerialNumber=0
Jan 10 14:58:56 rakeshelk-VirtualBox kernel: [    1.512480] usb 1-1: Product: USB Tablet
Jan 10 14:58:56 rakeshelk-VirtualBox kernel: [    1.512481] usb 1-1: Manufacturer: VirtualBox
Jan 10 14:58:56 rakeshelk-VirtualBox kernel: [    1.521634] hidraw: raw HID events driver (C) Jiri Kosina
Jan 10 14:58:56 rakeshelk-VirtualBox kernel: [    1.536447] usbcore: registered new interface driver usbhid
Jan 10 14:58:56 rakeshelk-VirtualBox kernel: [    1.536448] usbhid: USB HID core driver
Jan 10 14:58:56 rakeshelk-VirtualBox kernel: [    1.537790] random: fast init done
Jan 10 14:58:56 rakeshelk-VirtualBox kernel: [    1.538012] random: systemd-udevd: uninitialized urandom read (16 bytes read)
Jan 10 14:58:56 rakeshelk-VirtualBox kernel: [    1.538025] random: systemd-udevd: uninitialized urandom read (16 bytes read)
Jan 10 14:58:56 rakeshelk-VirtualBox kernel: [    1.538028] random: systemd-udevd: uninitialized urandom read (16 bytes read)
Jan 10 14:58:56 rakeshelk-VirtualBox kernel: [    1.538156] random: systemd-udevd: uninitialized urandom read (16 bytes read)
Jan 10 14:58:56 rakeshelk-VirtualBox kernel: [    1.538163] random: systemd-udevd: uninitialized urandom read (16 bytes read)
Jan 10 14:58:56 rakeshelk-VirtualBox kernel: [    1.538186] random: systemd-udevd: uninitialized urandom read (16 bytes read)
Jan 10 14:58:56 rakeshelk-VirtualBox kernel: [    1.538189] random: systemd-udevd: uninitialized urandom read (16 bytes read)
Jan 10 14:58:56 rakeshelk-VirtualBox kernel: [    1.538198] random: systemd-udevd: uninitialized urandom read (16 bytes read)
Jan 10 14:58:56 rakeshelk-VirtualBox kernel: [    1.538203] random: systemd-udevd: uninitialized urandom read (16 bytes read)
Jan 10 14:58:56 rakeshelk-VirtualBox kernel: [    1.538224] input: VirtualBox USB Tablet as /devices/pci0000:00/0000:00:06.0/usb1/1-1/1-1:1.0/0003:80EE:0021.0001/input/input6
Jan 10 14:58:56 rakeshelk-VirtualBox kernel: [    1.538272] random: systemd-udevd: uninitialized urandom read (16 bytes read)
Jan 10 14:58:56 rakeshelk-VirtualBox kernel: [    1.538437] hid-generic 0003:80EE:0021.0001: input,hidraw0: USB HID v1.10 Mouse [VirtualBox USB Tablet] on usb-0000:00:06.0-1/input0
Jan 10 14:58:56 rakeshelk-VirtualBox kernel: [    1.697223] clocksource: tsc: mask: 0xffffffffffffffff max_cycles: 0x2b3e46fa93c, max_idle_ns: 440795237232 ns
Jan 10 14:58:56 rakeshelk-VirtualBox kernel: [    1.733514] ata3: SATA link up 3.0 Gbps (SStatus 123 SControl 300)
Jan 10 14:58:56 rakeshelk-VirtualBox kernel: [    1.733744] ata3.00: ATA-6: VBOX HARDDISK, 1.0, max UDMA/133
Jan 10 14:58:56 rakeshelk-VirtualBox kernel: [    1.733748] ata3.00: 125558464 sectors, multi 128: LBA48 NCQ (depth 31/32)
Jan 10 14:58:56 rakeshelk-VirtualBox kernel: [    1.734160] ata3.00: configured for UDMA/133
Jan 10 14:58:56 rakeshelk-VirtualBox kernel: [    1.734431] scsi 2:0:0:0: Direct-Access     ATA      VBOX HARDDISK    1.0  PQ: 0 ANSI: 5
Jan 10 14:58:56 rakeshelk-VirtualBox kernel: [    1.734743] sd 2:0:0:0: [sda] 125558464 512-byte logical blocks: (64.3 GB/59.9 GiB)
Jan 10 14:58:56 rakeshelk-VirtualBox kernel: [    1.734756] sd 2:0:0:0: [sda] Write Protect is off
Jan 10 14:58:56 rakeshelk-VirtualBox kernel: [    1.734760] sd 2:0:0:0: [sda] Mode Sense: 00 3a 00 00
Jan 10 14:58:56 rakeshelk-VirtualBox kernel: [    1.734780] sd 2:0:0:0: [sda] Write cache: enabled, read cache: enabled, doesn't support DPO or FUA
Jan 10 14:58:56 rakeshelk-VirtualBox kernel: [    1.735130] sd 2:0:0:0: Attached scsi generic sg1 type 0
Jan 10 14:58:56 rakeshelk-VirtualBox kernel: [    1.749559]  sda: sda1
Jan 10 14:58:56 rakeshelk-VirtualBox kernel: [    1.749963] sd 2:0:0:0: [sda] Attached SCSI disk
Jan 10 14:58:56 rakeshelk-VirtualBox kernel: [    1.932534] EXT4-fs (sda1): mounted filesystem with ordered data mode. Opts: (null)
Jan 10 14:58:56 rakeshelk-VirtualBox kernel: [    3.389354] ip_tables: (C) 2000-2006 Netfilter Core Team
Jan 10 14:58:56 rakeshelk-VirtualBox kernel: [    4.463619] random: crng init done
Jan 10 14:58:56 rakeshelk-VirtualBox kernel: [    5.595846] EXT4-fs (sda1): re-mounted. Opts: errors=remount-ro
Jan 10 14:58:56 rakeshelk-VirtualBox kernel: [    5.881720] lp: driver loaded but no devices found
Jan 10 14:58:56 rakeshelk-VirtualBox kernel: [    5.898458] Adding 2097148k swap on /swapfile.  Priority:-2 extents:6 across:2260988k FS
Jan 10 14:58:56 rakeshelk-VirtualBox kernel: [    5.989356] ppdev: user-space parallel port driver
Jan 10 14:58:56 rakeshelk-VirtualBox kernel: [    8.498199] vgdrvHeartbeatInit: Setting up heartbeat to trigger every 2000 milliseconds
Jan 10 14:58:56 rakeshelk-VirtualBox kernel: [    8.499273] input: Unspecified device as /devices/pci0000:00/0000:00:04.0/input/input7
Jan 10 14:58:56 rakeshelk-VirtualBox kernel: [    8.500276] vboxguest: misc device minor 55, IRQ 20, I/O port d040, MMIO at 00000000f1400000 (size 0x400000)
Jan 10 14:58:56 rakeshelk-VirtualBox kernel: [    8.500314] vboxguest: Successfully loaded version 5.2.8_KernelUbuntu (interface 0x00010004)
Jan 10 14:58:56 rakeshelk-VirtualBox kernel: [    8.944253] RAPL PMU: API unit is 2^-32 Joules, 5 fixed counters, 10737418240 ms ovfl timer
Jan 10 14:58:56 rakeshelk-VirtualBox kernel: [    8.944255] RAPL PMU: hw unit of domain pp0-core 2^-0 Joules
Jan 10 14:58:56 rakeshelk-VirtualBox kernel: [    8.944255] RAPL PMU: hw unit of domain package 2^-0 Joules
Jan 10 14:58:56 rakeshelk-VirtualBox kernel: [    8.944256] RAPL PMU: hw unit of domain dram 2^-0 Joules
Jan 10 14:58:56 rakeshelk-VirtualBox kernel: [    8.944256] RAPL PMU: hw unit of domain pp1-gpu 2^-0 Joules
Jan 10 14:58:56 rakeshelk-VirtualBox kernel: [    8.944257] RAPL PMU: hw unit of domain psys 2^-0 Joules
Jan 10 14:58:56 rakeshelk-VirtualBox kernel: [    9.089689] audit: type=1400 audit(1547112530.816:2): apparmor="STATUS" operation="profile_load" profile="unconfined" name="/sbin/dhclient" pid=359 comm="apparmor_parser"
Jan 10 14:58:56 rakeshelk-VirtualBox kernel: [    9.089691] audit: type=1400 audit(1547112530.816:3): apparmor="STATUS" operation="profile_load" profile="unconfined" name="/usr/lib/NetworkManager/nm-dhcp-client.action" pid=359 comm="apparmor_parser"
Jan 10 14:58:56 rakeshelk-VirtualBox kernel: [    9.089693] audit: type=1400 audit(1547112530.816:4): apparmor="STATUS" operation="profile_load" profile="unconfined" name="/usr/lib/NetworkManager/nm-dhcp-helper" pid=359 comm="apparmor_parser"
Jan 10 14:58:56 rakeshelk-VirtualBox kernel: [    9.089694] audit: type=1400 audit(1547112530.816:5): apparmor="STATUS" operation="profile_load" profile="unconfined" name="/usr/lib/connman/scripts/dhclient-script" pid=359 comm="apparmor_parser"
Jan 10 14:58:56 rakeshelk-VirtualBox kernel: [    9.387303] AVX2 version of gcm_enc/dec engaged.
Jan 10 14:58:56 rakeshelk-VirtualBox kernel: [    9.387306] AES CTR mode by8 optimization enabled
Jan 10 14:58:56 rakeshelk-VirtualBox kernel: [    9.465602] audit: type=1400 audit(1547112531.196:6): apparmor="STATUS" operation="profile_load" profile="unconfined" name="/usr/bin/evince" pid=371 comm="apparmor_parser"
Jan 10 14:58:56 rakeshelk-VirtualBox kernel: [    9.465607] audit: type=1400 audit(1547112531.196:7): apparmor="STATUS" operation="profile_load" profile="unconfined" name="/usr/bin/evince//sanitized_helper" pid=371 comm="apparmor_parser"
Jan 10 14:58:56 rakeshelk-VirtualBox kernel: [    9.465611] audit: type=1400 audit(1547112531.196:8): apparmor="STATUS" operation="profile_load" profile="unconfined" name="/usr/bin/evince-previewer" pid=371 comm="apparmor_parser"
Jan 10 14:58:56 rakeshelk-VirtualBox kernel: [    9.465614] audit: type=1400 audit(1547112531.196:9): apparmor="STATUS" operation="profile_load" profile="unconfined" name="/usr/bin/evince-previewer//sanitized_helper" pid=371 comm="apparmor_parser"
Jan 10 14:58:56 rakeshelk-VirtualBox kernel: [    9.465618] audit: type=1400 audit(1547112531.196:10): apparmor="STATUS" operation="profile_load" profile="unconfined" name="/usr/bin/evince-thumbnailer" pid=371 comm="apparmor_parser"
Jan 10 14:58:56 rakeshelk-VirtualBox kernel: [    9.465621] audit: type=1400 audit(1547112531.196:11): apparmor="STATUS" operation="profile_load" profile="unconfined" name="/usr/bin/evince-thumbnailer//sanitized_helper" pid=371 comm="apparmor_parser"
Jan 10 14:58:56 rakeshelk-VirtualBox kernel: [    9.478048] snd_intel8x0 0000:00:05.0: white list rate for 1028:0177 is 48000
Jan 10 14:59:00 rakeshelk-VirtualBox kernel: [   19.057485] IPv6: ADDRCONF(NETDEV_UP): enp0s3: link is not ready
Jan 10 14:59:00 rakeshelk-VirtualBox kernel: [   19.059261] IPv6: ADDRCONF(NETDEV_UP): enp0s3: link is not ready
Jan 10 14:59:00 rakeshelk-VirtualBox kernel: [   19.064210] e1000: enp0s3 NIC Link is Up 1000 Mbps Full Duplex, Flow Control: RX
Jan 10 14:59:00 rakeshelk-VirtualBox kernel: [   19.064501] IPv6: ADDRCONF(NETDEV_CHANGE): enp0s3: link becomes ready
Jan 10 14:59:15 rakeshelk-VirtualBox kernel: [   33.767975] kauditd_printk_skb: 16 callbacks suppressed
Jan 10 14:59:15 rakeshelk-VirtualBox kernel: [   33.767976] audit: type=1400 audit(1547112555.496:28): apparmor="STATUS" operation="profile_load" profile="unconfined" name="snap-update-ns.core" pid=957 comm="apparmor_parser"
Jan 10 14:59:15 rakeshelk-VirtualBox kernel: [   33.937292] audit: type=1400 audit(1547112555.668:29): apparmor="STATUS" operation="profile_load" profile="unconfined" name="snap.core.hook.configure" pid=959 comm="apparmor_parser"
Jan 10 14:59:25 rakeshelk-VirtualBox kernel: [   44.947324] audit: type=1400 audit(1547112565.091:30): apparmor="STATUS" operation="profile_load" profile="unconfined" name="/snap/core/4917/usr/lib/snapd/snap-confine" pid=1148 comm="apparmor_parser"
Jan 10 14:59:25 rakeshelk-VirtualBox kernel: [   44.947587] audit: type=1400 audit(1547112565.091:31): apparmor="STATUS" operation="profile_load" profile="unconfined" name="/snap/core/4917/usr/lib/snapd/snap-confine//mount-namespace-capture-helper" pid=1148 comm="apparmor_parser"
Jan 10 14:59:25 rakeshelk-VirtualBox kernel: [   44.975137] audit: type=1400 audit(1547112565.115:32): apparmor="STATUS" operation="profile_replace" info="same as current profile, skipping" profile="unconfined" name="snap-update-ns.core" pid=1150 comm="apparmor_parser"
Jan 10 14:59:25 rakeshelk-VirtualBox kernel: [   45.099022] audit: type=1400 audit(1547112565.243:33): apparmor="STATUS" operation="profile_replace" profile="unconfined" name="snap.core.hook.configure" pid=1152 comm="apparmor_parser"
Jan 10 14:59:25 rakeshelk-VirtualBox kernel: [   45.174069] audit: type=1400 audit(1547112565.319:34): apparmor="STATUS" operation="profile_replace" profile="unconfined" name="/snap/core/4917/usr/lib/snapd/snap-confine" pid=1158 comm="apparmor_parser"
Jan 10 14:59:25 rakeshelk-VirtualBox kernel: [   45.174152] audit: type=1400 audit(1547112565.319:35): apparmor="STATUS" operation="profile_replace" profile="unconfined" name="/snap/core/4917/usr/lib/snapd/snap-confine//mount-namespace-capture-helper" pid=1158 comm="apparmor_parser"
Jan 10 14:59:25 rakeshelk-VirtualBox kernel: [   45.176833] audit: type=1400 audit(1547112565.323:36): apparmor="STATUS" operation="profile_replace" info="same as current profile, skipping" profile="unconfined" name="snap-update-ns.core" pid=1160 comm="apparmor_parser"
Jan 10 14:59:25 rakeshelk-VirtualBox kernel: [   45.179782] audit: type=1400 audit(1547112565.323:37): apparmor="STATUS" operation="profile_replace" info="same as current profile, skipping" profile="unconfined" name="snap.core.hook.configure" pid=1162 comm="apparmor_parser"
Jan 10 14:59:28 rakeshelk-VirtualBox kernel: [   48.477033] audit: type=1400 audit(1547112568.619:38): apparmor="STATUS" operation="profile_load" profile="unconfined" name="snap-update-ns.gnome-calculator" pid=1325 comm="apparmor_parser"
Jan 10 14:59:28 rakeshelk-VirtualBox kernel: [   48.581889] audit: type=1400 audit(1547112568.727:39): apparmor="STATUS" operation="profile_load" profile="unconfined" name="snap.gnome-calculator.gnome-calculator" pid=1327 comm="apparmor_parser"
Jan 10 14:59:30 rakeshelk-VirtualBox kernel: [   50.049162] kauditd_printk_skb: 4 callbacks suppressed
Jan 10 14:59:30 rakeshelk-VirtualBox kernel: [   50.049163] audit: type=1400 audit(1547112570.195:44): apparmor="STATUS" operation="profile_replace" profile="unconfined" name="snap-update-ns.gnome-calculator" pid=1351 comm="apparmor_parser"
Jan 10 14:59:30 rakeshelk-VirtualBox kernel: [   50.164173] audit: type=1400 audit(1547112570.303:45): apparmor="STATUS" operation="profile_replace" profile="unconfined" name="snap.gnome-calculator.gnome-calculator" pid=1353 comm="apparmor_parser"
Jan 10 14:59:30 rakeshelk-VirtualBox kernel: [   50.237037] audit: type=1400 audit(1547112570.383:46): apparmor="STATUS" operation="profile_replace" info="same as current profile, skipping" profile="unconfined" name="/snap/core/4917/usr/lib/snapd/snap-confine" pid=1359 comm="apparmor_parser"
Jan 10 14:59:30 rakeshelk-VirtualBox kernel: [   50.237039] audit: type=1400 audit(1547112570.383:47): apparmor="STATUS" operation="profile_replace" info="same as current profile, skipping" profile="unconfined" name="/snap/core/4917/usr/lib/snapd/snap-confine//mount-namespace-capture-helper" pid=1359 comm="apparmor_parser"
Jan 10 14:59:30 rakeshelk-VirtualBox kernel: [   50.241537] audit: type=1400 audit(1547112570.387:48): apparmor="STATUS" operation="profile_replace" info="same as current profile, skipping" profile="unconfined" name="snap-update-ns.core" pid=1361 comm="apparmor_parser"
Jan 10 14:59:30 rakeshelk-VirtualBox kernel: [   50.244923] audit: type=1400 audit(1547112570.391:49): apparmor="STATUS" operation="profile_replace" info="same as current profile, skipping" profile="unconfined" name="snap.core.hook.configure" pid=1363 comm="apparmor_parser"
Jan 10 14:59:30 rakeshelk-VirtualBox kernel: [   50.301208] audit: type=1400 audit(1547112570.443:50): apparmor="STATUS" operation="profile_replace" info="same as current profile, skipping" profile="unconfined" name="snap-update-ns.gnome-calculator" pid=1369 comm="apparmor_parser"
Jan 10 14:59:30 rakeshelk-VirtualBox kernel: [   50.443943] audit: type=1400 audit(1547112570.587:51): apparmor="STATUS" operation="profile_replace" profile="unconfined" name="snap.gnome-calculator.gnome-calculator" pid=1371 comm="apparmor_parser"
Jan 10 14:59:30 rakeshelk-VirtualBox kernel: [   50.526193] audit: type=1400 audit(1547112570.667:52): apparmor="STATUS" operation="profile_replace" info="same as current profile, skipping" profile="unconfined" name="/snap/core/4917/usr/lib/snapd/snap-confine" pid=1377 comm="apparmor_parser"
Jan 10 14:59:30 rakeshelk-VirtualBox kernel: [   50.526196] audit: type=1400 audit(1547112570.667:53): apparmor="STATUS" operation="profile_replace" info="same as current profile, skipping" profile="unconfined" name="/snap/core/4917/usr/lib/snapd/snap-confine//mount-namespace-capture-helper" pid=1377 comm="apparmor_parser"
Jan 10 14:59:35 rakeshelk-VirtualBox kernel: [   55.588719] kauditd_printk_skb: 30 callbacks suppressed
Jan 10 14:59:35 rakeshelk-VirtualBox kernel: [   55.588719] audit: type=1400 audit(1547112575.735:84): apparmor="STATUS" operation="profile_load" profile="unconfined" name="snap-update-ns.gnome-characters" pid=1530 comm="apparmor_parser"
Jan 10 14:59:35 rakeshelk-VirtualBox kernel: [   55.694098] audit: type=1400 audit(1547112575.835:85): apparmor="STATUS" operation="profile_load" profile="unconfined" name="snap.gnome-characters.gnome-characters" pid=1532 comm="apparmor_parser"
Jan 10 14:59:36 rakeshelk-VirtualBox kernel: [   55.949696] audit: type=1400 audit(1547112576.095:86): apparmor="STATUS" operation="profile_replace" info="same as current profile, skipping" profile="unconfined" name="/snap/core/4917/usr/lib/snapd/snap-confine" pid=1539 comm="apparmor_parser"
Jan 10 14:59:36 rakeshelk-VirtualBox kernel: [   55.949699] audit: type=1400 audit(1547112576.095:87): apparmor="STATUS" operation="profile_replace" info="same as current profile, skipping" profile="unconfined" name="/snap/core/4917/usr/lib/snapd/snap-confine//mount-namespace-capture-helper" pid=1539 comm="apparmor_parser"
Jan 10 14:59:36 rakeshelk-VirtualBox kernel: [   55.960153] audit: type=1400 audit(1547112576.099:88): apparmor="STATUS" operation="profile_replace" info="same as current profile, skipping" profile="unconfined" name="snap-update-ns.core" pid=1541 comm="apparmor_parser"
Jan 10 14:59:36 rakeshelk-VirtualBox kernel: [   55.971755] audit: type=1400 audit(1547112576.115:89): apparmor="STATUS" operation="profile_replace" info="same as current profile, skipping" profile="unconfined" name="snap.core.hook.configure" pid=1543 comm="apparmor_parser"
Jan 10 14:59:36 rakeshelk-VirtualBox kernel: [   56.100286] audit: type=1400 audit(1547112576.239:90): apparmor="STATUS" operation="profile_replace" info="same as current profile, skipping" profile="unconfined" name="snap-update-ns.gnome-characters" pid=1549 comm="apparmor_parser"
Jan 10 14:59:36 rakeshelk-VirtualBox kernel: [   56.361483] audit: type=1400 audit(1547112576.503:91): apparmor="STATUS" operation="profile_replace" profile="unconfined" name="snap.gnome-characters.gnome-characters" pid=1551 comm="apparmor_parser"
Jan 10 14:59:36 rakeshelk-VirtualBox kernel: [   56.648184] audit: type=1400 audit(1547112576.791:92): apparmor="STATUS" operation="profile_replace" info="same as current profile, skipping" profile="unconfined" name="/snap/core/4917/usr/lib/snapd/snap-confine" pid=1557 comm="apparmor_parser"
Jan 10 14:59:36 rakeshelk-VirtualBox kernel: [   56.648187] audit: type=1400 audit(1547112576.791:93): apparmor="STATUS" operation="profile_replace" info="same as current profile, skipping" profile="unconfined" name="/snap/core/4917/usr/lib/snapd/snap-confine//mount-namespace-capture-helper" pid=1557 comm="apparmor_parser"
Jan 10 14:59:41 rakeshelk-VirtualBox kernel: [   60.881430] kauditd_printk_skb: 34 callbacks suppressed
Jan 10 14:59:41 rakeshelk-VirtualBox kernel: [   60.881432] audit: type=1400 audit(1547112581.023:128): apparmor="STATUS" operation="profile_replace" profile="unconfined" name="snap-update-ns.gnome-characters" pid=1671 comm="apparmor_parser"
Jan 10 14:59:41 rakeshelk-VirtualBox kernel: [   61.740144] audit: type=1400 audit(1547112581.879:129): apparmor="STATUS" operation="profile_replace" profile="unconfined" name="snap.gnome-characters.gnome-characters" pid=1673 comm="apparmor_parser"
Jan 10 14:59:42 rakeshelk-VirtualBox kernel: [   62.185768] audit: type=1400 audit(1547112582.331:130): apparmor="STATUS" operation="profile_replace" info="same as current profile, skipping" profile="unconfined" name="/snap/core/4917/usr/lib/snapd/snap-confine" pid=1704 comm="apparmor_parser"
Jan 10 14:59:42 rakeshelk-VirtualBox kernel: [   62.185771] audit: type=1400 audit(1547112582.331:131): apparmor="STATUS" operation="profile_replace" info="same as current profile, skipping" profile="unconfined" name="/snap/core/4917/usr/lib/snapd/snap-confine//mount-namespace-capture-helper" pid=1704 comm="apparmor_parser"
Jan 10 14:59:42 rakeshelk-VirtualBox kernel: [   62.231221] audit: type=1400 audit(1547112582.371:132): apparmor="STATUS" operation="profile_replace" info="same as current profile, skipping" profile="unconfined" name="snap-update-ns.core" pid=1706 comm="apparmor_parser"
Jan 10 14:59:42 rakeshelk-VirtualBox kernel: [   62.274403] audit: type=1400 audit(1547112582.419:133): apparmor="STATUS" operation="profile_replace" info="same as current profile, skipping" profile="unconfined" name="snap.core.hook.configure" pid=1711 comm="apparmor_parser"
Jan 10 14:59:43 rakeshelk-VirtualBox kernel: [   63.028020] audit: type=1400 audit(1547112583.171:134): apparmor="STATUS" operation="profile_replace" info="same as current profile, skipping" profile="unconfined" name="snap-update-ns.gnome-characters" pid=1737 comm="apparmor_parser"
Jan 10 14:59:43 rakeshelk-VirtualBox kernel: [   63.432649] audit: type=1400 audit(1547112583.575:135): apparmor="STATUS" operation="profile_replace" profile="unconfined" name="snap.gnome-characters.gnome-characters" pid=1769 comm="apparmor_parser"
Jan 10 14:59:45 rakeshelk-VirtualBox kernel: [   65.334069] audit: type=1400 audit(1547112585.475:136): apparmor="STATUS" operation="profile_load" profile="unconfined" name="snap-update-ns.gnome-logs" pid=1936 comm="apparmor_parser"
Jan 10 14:59:45 rakeshelk-VirtualBox kernel: [   65.540947] audit: type=1400 audit(1547112585.683:137): apparmor="STATUS" operation="profile_load" profile="unconfined" name="snap.gnome-logs.gnome-logs" pid=1938 comm="apparmor_parser"
Jan 10 14:59:46 rakeshelk-VirtualBox kernel: [   66.085105] audit: type=1400 audit(1547112586.231:138): apparmor="STATUS" operation="profile_replace" info="same as current profile, skipping" profile="unconfined" name="/snap/core/4917/usr/lib/snapd/snap-confine" pid=1953 comm="apparmor_parser"
Jan 10 14:59:46 rakeshelk-VirtualBox kernel: [   66.085108] audit: type=1400 audit(1547112586.231:139): apparmor="STATUS" operation="profile_replace" info="same as current profile, skipping" profile="unconfined" name="/snap/core/4917/usr/lib/snapd/snap-confine//mount-namespace-capture-helper" pid=1953 comm="apparmor_parser"
Jan 10 14:59:46 rakeshelk-VirtualBox kernel: [   66.106972] audit: type=1400 audit(1547112586.251:140): apparmor="STATUS" operation="profile_replace" info="same as current profile, skipping" profile="unconfined" name="snap-update-ns.core" pid=1955 comm="apparmor_parser"
Jan 10 14:59:46 rakeshelk-VirtualBox kernel: [   66.124804] audit: type=1400 audit(1547112586.267:141): apparmor="STATUS" operation="profile_replace" info="same as current profile, skipping" profile="unconfined" name="snap.core.hook.configure" pid=1957 comm="apparmor_parser"
Jan 10 14:59:46 rakeshelk-VirtualBox kernel: [   66.381310] audit: type=1400 audit(1547112586.523:142): apparmor="STATUS" operation="profile_replace" info="same as current profile, skipping" profile="unconfined" name="snap-update-ns.gnome-logs" pid=1963 comm="apparmor_parser"
Jan 10 14:59:47 rakeshelk-VirtualBox kernel: [   66.894233] audit: type=1400 audit(1547112587.035:143): apparmor="STATUS" operation="profile_replace" profile="unconfined" name="snap.gnome-logs.gnome-logs" pid=1965 comm="apparmor_parser"
Jan 10 14:59:47 rakeshelk-VirtualBox kernel: [   67.532387] audit: type=1400 audit(1547112587.675:144): apparmor="STATUS" operation="profile_replace" info="same as current profile, skipping" profile="unconfined" name="/snap/core/4917/usr/lib/snapd/snap-confine" pid=1996 comm="apparmor_parser"
Jan 10 14:59:47 rakeshelk-VirtualBox kernel: [   67.532390] audit: type=1400 audit(1547112587.675:145): apparmor="STATUS" operation="profile_replace" info="same as current profile, skipping" profile="unconfined" name="/snap/core/4917/usr/lib/snapd/snap-confine//mount-namespace-capture-helper" pid=1996 comm="apparmor_parser"
Jan 10 14:59:47 rakeshelk-VirtualBox kernel: [   67.545048] audit: type=1400 audit(1547112587.691:146): apparmor="STATUS" operation="profile_replace" info="same as current profile, skipping" profile="unconfined" name="snap-update-ns.core" pid=1998 comm="apparmor_parser"
Jan 10 14:59:47 rakeshelk-VirtualBox kernel: [   67.548136] audit: type=1400 audit(1547112587.691:147): apparmor="STATUS" operation="profile_replace" info="same as current profile, skipping" profile="unconfined" name="snap.core.hook.configure" pid=2000 comm="apparmor_parser"
Jan 10 14:59:50 rakeshelk-VirtualBox kernel: [   70.047127] rfkill: input handler disabled
Jan 10 14:59:52 rakeshelk-VirtualBox kernel: [   71.976518] kauditd_printk_skb: 10 callbacks suppressed
Jan 10 14:59:52 rakeshelk-VirtualBox kernel: [   71.976519] audit: type=1400 audit(1547112592.124:158): apparmor="STATUS" operation="profile_replace" info="same as current profile, skipping" profile="unconfined" name="/snap/core/4917/usr/lib/snapd/snap-confine" pid=2213 comm="apparmor_parser"
Jan 10 14:59:52 rakeshelk-VirtualBox kernel: [   71.976523] audit: type=1400 audit(1547112592.124:159): apparmor="STATUS" operation="profile_replace" info="same as current profile, skipping" profile="unconfined" name="/snap/core/4917/usr/lib/snapd/snap-confine//mount-namespace-capture-helper" pid=2213 comm="apparmor_parser"
Jan 10 14:59:52 rakeshelk-VirtualBox kernel: [   71.986136] audit: type=1400 audit(1547112592.128:160): apparmor="STATUS" operation="profile_replace" info="same as current profile, skipping" profile="unconfined" name="snap-update-ns.core" pid=2215 comm="apparmor_parser"
Jan 10 14:59:52 rakeshelk-VirtualBox kernel: [   71.992843] audit: type=1400 audit(1547112592.136:161): apparmor="STATUS" operation="profile_replace" info="same as current profile, skipping" profile="unconfined" name="snap.core.hook.configure" pid=2217 comm="apparmor_parser"
Jan 10 14:59:52 rakeshelk-VirtualBox kernel: [   72.802192] audit: type=1400 audit(1547112592.944:162): apparmor="STATUS" operation="profile_replace" info="same as current profile, skipping" profile="unconfined" name="snap-update-ns.gnome-logs" pid=2238 comm="apparmor_parser"
Jan 10 14:59:53 rakeshelk-VirtualBox kernel: [   73.185587] audit: type=1400 audit(1547112593.328:163): apparmor="STATUS" operation="profile_replace" profile="unconfined" name="snap.gnome-logs.gnome-logs" pid=2240 comm="apparmor_parser"
Jan 10 14:59:55 rakeshelk-VirtualBox kernel: [   74.976837] audit: type=1400 audit(1547112595.120:164): apparmor="STATUS" operation="profile_replace" info="same as current profile, skipping" profile="unconfined" name="/snap/core/4917/usr/lib/snapd/snap-confine" pid=2265 comm="apparmor_parser"
Jan 10 14:59:55 rakeshelk-VirtualBox kernel: [   74.976840] audit: type=1400 audit(1547112595.120:165): apparmor="STATUS" operation="profile_replace" info="same as current profile, skipping" profile="unconfined" name="/snap/core/4917/usr/lib/snapd/snap-confine//mount-namespace-capture-helper" pid=2265 comm="apparmor_parser"
Jan 10 14:59:55 rakeshelk-VirtualBox kernel: [   75.020633] audit: type=1400 audit(1547112595.164:166): apparmor="STATUS" operation="profile_replace" info="same as current profile, skipping" profile="unconfined" name="snap-update-ns.core" pid=2268 comm="apparmor_parser"
Jan 10 14:59:55 rakeshelk-VirtualBox kernel: [   75.032226] audit: type=1400 audit(1547112595.176:167): apparmor="STATUS" operation="profile_replace" info="same as current profile, skipping" profile="unconfined" name="snap.core.hook.configure" pid=2270 comm="apparmor_parser"
Jan 10 14:59:57 rakeshelk-VirtualBox kernel: [   77.152013] kauditd_printk_skb: 2 callbacks suppressed
Jan 10 14:59:57 rakeshelk-VirtualBox kernel: [   77.152014] audit: type=1400 audit(1547112597.297:170): apparmor="STATUS" operation="profile_replace" profile="unconfined" name="snap-update-ns.gnome-logs" pid=2299 comm="apparmor_parser"
Jan 10 14:59:57 rakeshelk-VirtualBox kernel: [   77.599371] audit: type=1400 audit(1547112597.745:171): apparmor="STATUS" operation="profile_replace" profile="unconfined" name="snap.gnome-logs.gnome-logs" pid=2303 comm="apparmor_parser"
Jan 10 14:59:58 rakeshelk-VirtualBox kernel: [   78.580460] audit: type=1400 audit(1547112598.725:172): apparmor="STATUS" operation="profile_replace" info="same as current profile, skipping" profile="unconfined" name="/snap/core/4917/usr/lib/snapd/snap-confine" pid=2346 comm="apparmor_parser"
Jan 10 14:59:58 rakeshelk-VirtualBox kernel: [   78.580463] audit: type=1400 audit(1547112598.725:173): apparmor="STATUS" operation="profile_replace" info="same as current profile, skipping" profile="unconfined" name="/snap/core/4917/usr/lib/snapd/snap-confine//mount-namespace-capture-helper" pid=2346 comm="apparmor_parser"
Jan 10 14:59:58 rakeshelk-VirtualBox kernel: [   78.608110] audit: type=1400 audit(1547112598.753:174): apparmor="STATUS" operation="profile_replace" info="same as current profile, skipping" profile="unconfined" name="snap-update-ns.core" pid=2348 comm="apparmor_parser"
Jan 10 14:59:58 rakeshelk-VirtualBox kernel: [   78.624690] audit: type=1400 audit(1547112598.769:175): apparmor="STATUS" operation="profile_replace" info="same as current profile, skipping" profile="unconfined" name="snap.core.hook.configure" pid=2350 comm="apparmor_parser"
Jan 10 14:59:59 rakeshelk-VirtualBox kernel: [   79.766971] audit: type=1400 audit(1547112599.913:176): apparmor="STATUS" operation="profile_replace" info="same as current profile, skipping" profile="unconfined" name="snap-update-ns.gnome-logs" pid=2358 comm="apparmor_parser"
Jan 10 15:00:00 rakeshelk-VirtualBox kernel: [   80.417870] audit: type=1400 audit(1547112600.561:177): apparmor="STATUS" operation="profile_replace" profile="unconfined" name="snap.gnome-logs.gnome-logs" pid=2361 comm="apparmor_parser"
Jan 10 15:00:01 rakeshelk-VirtualBox kernel: [   81.126223] audit: type=1400 audit(1547112601.269:178): apparmor="STATUS" operation="profile_replace" profile="unconfined" name="snap-update-ns.gnome-logs" pid=2373 comm="apparmor_parser"
Jan 10 15:00:01 rakeshelk-VirtualBox kernel: [   81.758748] audit: type=1400 audit(1547112601.905:179): apparmor="STATUS" operation="profile_replace" profile="unconfined" name="snap.gnome-logs.gnome-logs" pid=2375 comm="apparmor_parser"
Jan 10 15:00:02 rakeshelk-VirtualBox kernel: [   82.621980] audit: type=1400 audit(1547112602.765:180): apparmor="STATUS" operation="profile_replace" profile="unconfined" name="snap-update-ns.gnome-logs" pid=2384 comm="apparmor_parser"
Jan 10 15:00:03 rakeshelk-VirtualBox kernel: [   83.305779] audit: type=1400 audit(1547112603.449:181): apparmor="STATUS" operation="profile_replace" profile="unconfined" name="snap.gnome-logs.gnome-logs" pid=2386 comm="apparmor_parser"
Jan 10 15:00:03 rakeshelk-VirtualBox kernel: [   83.560971] audit: type=1400 audit(1547112603.706:182): apparmor="STATUS" operation="profile_replace" info="same as current profile, skipping" profile="unconfined" name="/snap/core/4917/usr/lib/snapd/snap-confine" pid=2393 comm="apparmor_parser"
Jan 10 15:00:03 rakeshelk-VirtualBox kernel: [   83.560974] audit: type=1400 audit(1547112603.706:183): apparmor="STATUS" operation="profile_replace" info="same as current profile, skipping" profile="unconfined" name="/snap/core/4917/usr/lib/snapd/snap-confine//mount-namespace-capture-helper" pid=2393 comm="apparmor_parser"
Jan 10 15:00:03 rakeshelk-VirtualBox kernel: [   83.568051] audit: type=1400 audit(1547112603.714:184): apparmor="STATUS" operation="profile_replace" info="same as current profile, skipping" profile="unconfined" name="snap-update-ns.core" pid=2395 comm="apparmor_parser"
Jan 10 15:00:03 rakeshelk-VirtualBox kernel: [   83.606244] audit: type=1400 audit(1547112603.754:185): apparmor="STATUS" operation="profile_replace" info="same as current profile, skipping" profile="unconfined" name="snap.core.hook.configure" pid=2397 comm="apparmor_parser"
Jan 10 15:00:04 rakeshelk-VirtualBox kernel: [   84.359558] audit: type=1400 audit(1547112604.506:186): apparmor="STATUS" operation="profile_replace" info="same as current profile, skipping" profile="unconfined" name="snap-update-ns.gnome-logs" pid=2403 comm="apparmor_parser"
Jan 10 15:00:04 rakeshelk-VirtualBox kernel: [   84.813912] audit: type=1400 audit(1547112604.958:187): apparmor="STATUS" operation="profile_replace" profile="unconfined" name="snap.gnome-logs.gnome-logs" pid=2413 comm="apparmor_parser"
Jan 10 15:00:06 rakeshelk-VirtualBox kernel: [   85.863689] audit: type=1400 audit(1547112606.010:188): apparmor="STATUS" operation="profile_replace" info="same as current profile, skipping" profile="unconfined" name="/snap/core/4917/usr/lib/snapd/snap-confine" pid=2424 comm="apparmor_parser"
Jan 10 15:00:06 rakeshelk-VirtualBox kernel: [   85.863692] audit: type=1400 audit(1547112606.010:189): apparmor="STATUS" operation="profile_replace" info="same as current profile, skipping" profile="unconfined" name="/snap/core/4917/usr/lib/snapd/snap-confine//mount-namespace-capture-helper" pid=2424 comm="apparmor_parser"
Jan 10 15:00:07 rakeshelk-VirtualBox kernel: [   87.677311] kauditd_printk_skb: 3 callbacks suppressed
Jan 10 15:00:07 rakeshelk-VirtualBox kernel: [   87.677312] audit: type=1400 audit(1547112607.822:193): apparmor="STATUS" operation="profile_replace" profile="unconfined" name="snap.gnome-logs.gnome-logs" pid=2436 comm="apparmor_parser"
Jan 10 15:00:14 rakeshelk-VirtualBox kernel: [   93.902616] audit: type=1400 audit(1547112614.050:194): apparmor="STATUS" operation="profile_load" profile="unconfined" name="snap-update-ns.gnome-system-monitor" pid=2515 comm="apparmor_parser"
Jan 10 15:00:14 rakeshelk-VirtualBox kernel: [   94.009989] audit: type=1400 audit(1547112614.158:195): apparmor="STATUS" operation="profile_load" profile="unconfined" name="snap.gnome-system-monitor.gnome-system-monitor" pid=2517 comm="apparmor_parser"
Jan 10 15:00:14 rakeshelk-VirtualBox kernel: [   94.815160] audit: type=1400 audit(1547112614.962:196): apparmor="STATUS" operation="profile_replace" info="same as current profile, skipping" profile="unconfined" name="/snap/core/4917/usr/lib/snapd/snap-confine" pid=2529 comm="apparmor_parser"
Jan 10 15:00:14 rakeshelk-VirtualBox kernel: [   94.815163] audit: type=1400 audit(1547112614.962:197): apparmor="STATUS" operation="profile_replace" info="same as current profile, skipping" profile="unconfined" name="/snap/core/4917/usr/lib/snapd/snap-confine//mount-namespace-capture-helper" pid=2529 comm="apparmor_parser"
Jan 10 15:00:14 rakeshelk-VirtualBox kernel: [   94.827713] audit: type=1400 audit(1547112614.974:198): apparmor="STATUS" operation="profile_replace" info="same as current profile, skipping" profile="unconfined" name="snap-update-ns.core" pid=2531 comm="apparmor_parser"
Jan 10 15:00:14 rakeshelk-VirtualBox kernel: [   94.844439] audit: type=1400 audit(1547112614.990:199): apparmor="STATUS" operation="profile_replace" info="same as current profile, skipping" profile="unconfined" name="snap.core.hook.configure" pid=2533 comm="apparmor_parser"
Jan 10 15:00:15 rakeshelk-VirtualBox kernel: [   95.027424] audit: type=1400 audit(1547112615.174:200): apparmor="STATUS" operation="profile_replace" info="same as current profile, skipping" profile="unconfined" name="snap-update-ns.gnome-system-monitor" pid=2539 comm="apparmor_parser"
Jan 10 15:00:15 rakeshelk-VirtualBox kernel: [   95.353939] audit: type=1400 audit(1547112615.502:201): apparmor="STATUS" operation="profile_replace" profile="unconfined" name="snap.gnome-system-monitor.gnome-system-monitor" pid=2541 comm="apparmor_parser"
Jan 10 15:00:16 rakeshelk-VirtualBox kernel: [   96.231267] audit: type=1400 audit(1547112616.378:202): apparmor="STATUS" operation="profile_replace" profile="unconfined" name="snap-update-ns.gnome-system-monitor" pid=2547 comm="apparmor_parser"
Jan 10 15:00:16 rakeshelk-VirtualBox kernel: [   96.482036] audit: type=1400 audit(1547112616.630:203): apparmor="STATUS" operation="profile_replace" profile="unconfined" name="snap.gnome-system-monitor.gnome-system-monitor" pid=2549 comm="apparmor_parser"
Jan 10 15:00:19 rakeshelk-VirtualBox kernel: [   99.070570] kauditd_printk_skb: 13 callbacks suppressed
Jan 10 15:00:19 rakeshelk-VirtualBox kernel: [   99.070571] audit: type=1400 audit(1547112619.219:217): apparmor="STATUS" operation="profile_replace" profile="unconfined" name="snap.gnome-system-monitor.gnome-system-monitor" pid=2609 comm="apparmor_parser"
Jan 10 15:00:19 rakeshelk-VirtualBox kernel: [   99.454029] audit: type=1400 audit(1547112619.603:218): apparmor="STATUS" operation="profile_replace" info="same as current profile, skipping" profile="unconfined" name="/snap/core/4917/usr/lib/snapd/snap-confine" pid=2617 comm="apparmor_parser"
Jan 10 15:00:19 rakeshelk-VirtualBox kernel: [   99.454031] audit: type=1400 audit(1547112619.603:219): apparmor="STATUS" operation="profile_replace" info="same as current profile, skipping" profile="unconfined" name="/snap/core/4917/usr/lib/snapd/snap-confine//mount-namespace-capture-helper" pid=2617 comm="apparmor_parser"
Jan 10 15:00:19 rakeshelk-VirtualBox kernel: [   99.497864] audit: type=1400 audit(1547112619.647:220): apparmor="STATUS" operation="profile_replace" info="same as current profile, skipping" profile="unconfined" name="snap-update-ns.core" pid=2619 comm="apparmor_parser"
Jan 10 15:00:19 rakeshelk-VirtualBox kernel: [   99.528442] audit: type=1400 audit(1547112619.675:221): apparmor="STATUS" operation="profile_replace" info="same as current profile, skipping" profile="unconfined" name="snap.core.hook.configure" pid=2621 comm="apparmor_parser"
Jan 10 15:00:19 rakeshelk-VirtualBox kernel: [   99.753212] audit: type=1400 audit(1547112619.899:222): apparmor="STATUS" operation="profile_replace" info="same as current profile, skipping" profile="unconfined" name="snap-update-ns.gnome-system-monitor" pid=2628 comm="apparmor_parser"
Jan 10 15:00:20 rakeshelk-VirtualBox kernel: [  100.324719] audit: type=1400 audit(1547112620.471:223): apparmor="STATUS" operation="profile_replace" profile="unconfined" name="snap.gnome-system-monitor.gnome-system-monitor" pid=2630 comm="apparmor_parser"
Jan 10 15:00:21 rakeshelk-VirtualBox kernel: [  101.085602] audit: type=1400 audit(1547112621.235:224): apparmor="STATUS" operation="profile_replace" profile="unconfined" name="snap-update-ns.gnome-system-monitor" pid=2636 comm="apparmor_parser"
Jan 10 15:00:21 rakeshelk-VirtualBox kernel: [  101.302479] audit: type=1400 audit(1547112621.451:225): apparmor="STATUS" operation="profile_replace" profile="unconfined" name="snap.gnome-system-monitor.gnome-system-monitor" pid=2638 comm="apparmor_parser"
Jan 10 15:00:22 rakeshelk-VirtualBox kernel: [  101.932178] audit: type=1400 audit(1547112622.079:226): apparmor="STATUS" operation="profile_replace" info="same as current profile, skipping" profile="unconfined" name="/snap/core/4917/usr/lib/snapd/snap-confine" pid=2644 comm="apparmor_parser"
Jan 10 15:00:24 rakeshelk-VirtualBox kernel: [  104.238146] kauditd_printk_skb: 10 callbacks suppressed
Jan 10 15:00:24 rakeshelk-VirtualBox kernel: [  104.238147] audit: type=1400 audit(1547112624.387:237): apparmor="STATUS" operation="profile_replace" profile="unconfined" name="snap.gnome-system-monitor.gnome-system-monitor" pid=2674 comm="apparmor_parser"
Jan 10 15:00:24 rakeshelk-VirtualBox kernel: [  104.662457] audit: type=1400 audit(1547112624.811:238): apparmor="STATUS" operation="profile_replace" info="same as current profile, skipping" profile="unconfined" name="/snap/core/4917/usr/lib/snapd/snap-confine" pid=2680 comm="apparmor_parser"
Jan 10 15:00:24 rakeshelk-VirtualBox kernel: [  104.662460] audit: type=1400 audit(1547112624.811:239): apparmor="STATUS" operation="profile_replace" info="same as current profile, skipping" profile="unconfined" name="/snap/core/4917/usr/lib/snapd/snap-confine//mount-namespace-capture-helper" pid=2680 comm="apparmor_parser"
Jan 10 15:00:24 rakeshelk-VirtualBox kernel: [  104.665729] audit: type=1400 audit(1547112624.815:240): apparmor="STATUS" operation="profile_replace" info="same as current profile, skipping" profile="unconfined" name="snap-update-ns.core" pid=2682 comm="apparmor_parser"
Jan 10 15:00:24 rakeshelk-VirtualBox kernel: [  104.669572] audit: type=1400 audit(1547112624.819:241): apparmor="STATUS" operation="profile_replace" info="same as current profile, skipping" profile="unconfined" name="snap.core.hook.configure" pid=2684 comm="apparmor_parser"
Jan 10 15:00:25 rakeshelk-VirtualBox kernel: [  105.326000] audit: type=1400 audit(1547112625.475:242): apparmor="STATUS" operation="profile_replace" info="same as current profile, skipping" profile="unconfined" name="snap-update-ns.gnome-system-monitor" pid=2690 comm="apparmor_parser"
Jan 10 15:00:25 rakeshelk-VirtualBox kernel: [  105.541408] audit: type=1400 audit(1547112625.691:243): apparmor="STATUS" operation="profile_replace" profile="unconfined" name="snap.gnome-system-monitor.gnome-system-monitor" pid=2692 comm="apparmor_parser"
Jan 10 15:00:26 rakeshelk-VirtualBox kernel: [  106.065210] ISO 9660 Extensions: Microsoft Joliet Level 3
Jan 10 15:00:26 rakeshelk-VirtualBox kernel: [  106.120510] ISO 9660 Extensions: RRIP_1991A
Jan 10 15:00:26 rakeshelk-VirtualBox kernel: [  106.181388] audit: type=1400 audit(1547112626.331:244): apparmor="STATUS" operation="profile_replace" info="same as current profile, skipping" profile="unconfined" name="/snap/core/4917/usr/lib/snapd/snap-confine" pid=2713 comm="apparmor_parser"
Jan 10 15:00:26 rakeshelk-VirtualBox kernel: [  106.181391] audit: type=1400 audit(1547112626.331:245): apparmor="STATUS" operation="profile_replace" info="same as current profile, skipping" profile="unconfined" name="/snap/core/4917/usr/lib/snapd/snap-confine//mount-namespace-capture-helper" pid=2713 comm="apparmor_parser"
Jan 10 15:00:26 rakeshelk-VirtualBox kernel: [  106.199147] audit: type=1400 audit(1547112626.347:246): apparmor="STATUS" operation="profile_replace" info="same as current profile, skipping" profile="unconfined" name="snap-update-ns.core" pid=2719 comm="apparmor_parser"
Jan 10 15:00:29 rakeshelk-VirtualBox kernel: [  109.379276] kauditd_printk_skb: 3 callbacks suppressed
Jan 10 15:00:29 rakeshelk-VirtualBox kernel: [  109.379277] audit: type=1400 audit(1547112629.527:250): apparmor="STATUS" operation="profile_replace" profile="unconfined" name="snap-update-ns.gnome-system-monitor" pid=2748 comm="apparmor_parser"
Jan 10 15:00:30 rakeshelk-VirtualBox kernel: [  110.175316] audit: type=1400 audit(1547112630.323:251): apparmor="STATUS" operation="profile_replace" profile="unconfined" name="snap.gnome-system-monitor.gnome-system-monitor" pid=2765 comm="apparmor_parser"
Jan 10 15:00:31 rakeshelk-VirtualBox kernel: [  111.218083] audit: type=1400 audit(1547112631.367:252): apparmor="STATUS" operation="profile_replace" info="same as current profile, skipping" profile="unconfined" name="/snap/core/4917/usr/lib/snapd/snap-confine" pid=2781 comm="apparmor_parser"
Jan 10 15:00:31 rakeshelk-VirtualBox kernel: [  111.218086] audit: type=1400 audit(1547112631.367:253): apparmor="STATUS" operation="profile_replace" info="same as current profile, skipping" profile="unconfined" name="/snap/core/4917/usr/lib/snapd/snap-confine//mount-namespace-capture-helper" pid=2781 comm="apparmor_parser"
Jan 10 15:00:31 rakeshelk-VirtualBox kernel: [  111.234257] audit: type=1400 audit(1547112631.383:254): apparmor="STATUS" operation="profile_replace" info="same as current profile, skipping" profile="unconfined" name="snap-update-ns.core" pid=2783 comm="apparmor_parser"
Jan 10 15:00:31 rakeshelk-VirtualBox kernel: [  111.285778] audit: type=1400 audit(1547112631.435:255): apparmor="STATUS" operation="profile_replace" info="same as current profile, skipping" profile="unconfined" name="snap.core.hook.configure" pid=2786 comm="apparmor_parser"
Jan 10 15:00:32 rakeshelk-VirtualBox kernel: [  112.461909] audit: type=1400 audit(1547112632.611:256): apparmor="STATUS" operation="profile_replace" info="same as current profile, skipping" profile="unconfined" name="snap-update-ns.gnome-system-monitor" pid=2793 comm="apparmor_parser"
Jan 10 15:00:33 rakeshelk-VirtualBox kernel: [  113.615578] audit: type=1400 audit(1547112633.763:257): apparmor="STATUS" operation="profile_replace" profile="unconfined" name="snap.gnome-system-monitor.gnome-system-monitor" pid=2809 comm="apparmor_parser"
Jan 10 15:00:34 rakeshelk-VirtualBox kernel: [  113.853538] audit: type=1400 audit(1547112634.003:258): apparmor="STATUS" operation="profile_replace" info="same as current profile, skipping" profile="unconfined" name="/snap/core/4917/usr/lib/snapd/snap-confine" pid=2818 comm="apparmor_parser"
Jan 10 15:00:34 rakeshelk-VirtualBox kernel: [  113.853541] audit: type=1400 audit(1547112634.003:259): apparmor="STATUS" operation="profile_replace" info="same as current profile, skipping" profile="unconfined" name="/snap/core/4917/usr/lib/snapd/snap-confine//mount-namespace-capture-helper" pid=2818 comm="apparmor_parser"
Jan 10 15:00:34 rakeshelk-VirtualBox kernel: [  114.719411] kauditd_printk_skb: 2 callbacks suppressed
Jan 10 15:00:34 rakeshelk-VirtualBox kernel: [  114.719412] audit: type=1400 audit(1547112634.867:262): apparmor="STATUS" operation="profile_replace" info="same as current profile, skipping" profile="unconfined" name="snap-update-ns.gnome-system-monitor" pid=2828 comm="apparmor_parser"
Jan 10 15:00:35 rakeshelk-VirtualBox kernel: [  115.778312] audit: type=1400 audit(1547112635.927:263): apparmor="STATUS" operation="profile_replace" profile="unconfined" name="snap.gnome-system-monitor.gnome-system-monitor" pid=2833 comm="apparmor_parser"
Jan 10 15:01:26 rakeshelk-VirtualBox kernel: [  165.929220] vboxsf: Successfully loaded version 5.2.8_KernelUbuntu (interface 0x00010004)
Jan 10 15:01:30 rakeshelk-VirtualBox kernel: [  170.086909] 09:31:30.242020 main     VBoxService 6.0.0 r127566 (verbosity: 0) linux.amd64 (Dec 18 2018 12:44:47) release log
Jan 10 15:01:30 rakeshelk-VirtualBox kernel: [  170.086909] 09:31:30.242023 main     Log opened 2019-01-10T09:31:30.242015000Z
Jan 10 15:01:30 rakeshelk-VirtualBox kernel: [  170.087026] 09:31:30.242180 main     OS Product: Linux
Jan 10 15:01:30 rakeshelk-VirtualBox kernel: [  170.087051] 09:31:30.242210 main     OS Release: 4.15.0-29-generic
Jan 10 15:01:30 rakeshelk-VirtualBox kernel: [  170.087200] 09:31:30.242353 main     OS Version: #31-Ubuntu SMP Tue Jul 17 15:39:52 UTC 2018
Jan 10 15:01:30 rakeshelk-VirtualBox kernel: [  170.087233] 09:31:30.242384 main     Executable: /opt/VBoxGuestAdditions-6.0.0/sbin/VBoxService
Jan 10 15:01:30 rakeshelk-VirtualBox kernel: [  170.087233] 09:31:30.242385 main     Process ID: 3441
Jan 10 15:01:30 rakeshelk-VirtualBox kernel: [  170.087233] 09:31:30.242386 main     Package type: LINUX_64BITS_GENERIC
Jan 10 15:01:30 rakeshelk-VirtualBox kernel: [  170.089987] 09:31:30.245065 main     6.0.0 r127566 started. Verbose level = 0
Jan 10 15:01:30 rakeshelk-VirtualBox kernel: [  170.093829] 09:31:30.248969 main     vbglR3GuestCtrlDetectPeekGetCancelSupport: Supported (#1)
Jan 10 15:01:30 rakeshelk-VirtualBox kernel: [  170.093978] 09:31:30.249133 main     Error: Failed to become guest control master: VERR_VERSION_MISMATCH
Jan 10 15:01:30 rakeshelk-VirtualBox kernel: [  170.096090] 09:31:30.251235 main     Error: Service 'control' failed to initialize: VERR_VERSION_MISMATCH
Jan 10 15:01:30 rakeshelk-VirtualBox kernel: [  170.096165] 09:31:30.251323 main     Session 0 is about to close ...
Jan 10 15:01:30 rakeshelk-VirtualBox kernel: [  170.096204] 09:31:30.251349 main     Stopping all guest processes ...
Jan 10 15:01:30 rakeshelk-VirtualBox kernel: [  170.096226] 09:31:30.251388 main     Closing all guest files ...
Jan 10 15:01:30 rakeshelk-VirtualBox kernel: [  170.096265] 09:31:30.251426 main     Ended.
Jan 10 15:07:37 rakeshelk-VirtualBox kernel: [  537.169735] systemd: 26 output lines suppressed due to ratelimiting
Jan 10 15:10:28 rakeshelk-VirtualBox kernel: [  708.441941] audit: type=1400 audit(1547113228.607:264): apparmor="STATUS" operation="profile_replace" profile="unconfined" name="/usr/bin/man" pid=17230 comm="apparmor_parser"
Jan 10 15:10:28 rakeshelk-VirtualBox kernel: [  708.442356] audit: type=1400 audit(1547113228.607:265): apparmor="STATUS" operation="profile_replace" profile="unconfined" name="man_filter" pid=17230 comm="apparmor_parser"
Jan 10 15:10:28 rakeshelk-VirtualBox kernel: [  708.442722] audit: type=1400 audit(1547113228.607:266): apparmor="STATUS" operation="profile_replace" profile="unconfined" name="man_groff" pid=17230 comm="apparmor_parser"
Jan 10 15:10:37 rakeshelk-VirtualBox kernel: [  717.797641] SGI XFS with ACLs, security attributes, realtime, no debug enabled
Jan 10 15:10:38 rakeshelk-VirtualBox kernel: [  717.864577] JFS: nTxBlock = 8192, nTxLock = 65536
Jan 10 15:10:38 rakeshelk-VirtualBox kernel: [  717.907110] ntfs: driver 2.1.32 [Flags: R/O MODULE].
Jan 10 15:10:38 rakeshelk-VirtualBox kernel: [  717.933688] QNX4 filesystem 0.2.3 registered.
Jan 10 15:10:38 rakeshelk-VirtualBox kernel: [  718.008745] raid6: sse2x1   gen() 11414 MB/s
Jan 10 15:10:38 rakeshelk-VirtualBox kernel: [  718.056587] raid6: sse2x1   xor()  8372 MB/s
Jan 10 15:10:38 rakeshelk-VirtualBox kernel: [  718.104364] raid6: sse2x2   gen() 14342 MB/s
Jan 10 15:10:38 rakeshelk-VirtualBox kernel: [  718.152694] raid6: sse2x2   xor()  9607 MB/s
Jan 10 15:10:38 rakeshelk-VirtualBox kernel: [  718.200843] raid6: sse2x4   gen() 16414 MB/s
Jan 10 15:10:38 rakeshelk-VirtualBox kernel: [  718.248328] raid6: sse2x4   xor() 10080 MB/s
Jan 10 15:10:38 rakeshelk-VirtualBox kernel: [  718.296631] raid6: avx2x1   gen() 23238 MB/s
Jan 10 15:10:38 rakeshelk-VirtualBox kernel: [  718.344456] raid6: avx2x1   xor() 16265 MB/s
Jan 10 15:10:38 rakeshelk-VirtualBox kernel: [  718.392812] raid6: avx2x2   gen() 28366 MB/s
Jan 10 15:10:38 rakeshelk-VirtualBox kernel: [  718.440635] raid6: avx2x2   xor() 17780 MB/s
Jan 10 15:10:38 rakeshelk-VirtualBox kernel: [  718.488563] raid6: avx2x4   gen() 31447 MB/s
Jan 10 15:10:38 rakeshelk-VirtualBox kernel: [  718.536330] raid6: avx2x4   xor() 19871 MB/s
Jan 10 15:10:38 rakeshelk-VirtualBox kernel: [  718.536332] raid6: using algorithm avx2x4 gen() 31447 MB/s
Jan 10 15:10:38 rakeshelk-VirtualBox kernel: [  718.536333] raid6: .... xor() 19871 MB/s, rmw enabled
Jan 10 15:10:38 rakeshelk-VirtualBox kernel: [  718.536333] raid6: using avx2x2 recovery algorithm
Jan 10 15:10:38 rakeshelk-VirtualBox kernel: [  718.539513] xor: automatically using best checksumming function   avx       
Jan 10 15:10:38 rakeshelk-VirtualBox kernel: [  718.611958] Btrfs loaded, crc32c=crc32c-intel
Jan 10 15:11:17 rakeshelk-VirtualBox kernel: [  757.235305] audit: type=1400 audit(1547113277.396:267): apparmor="STATUS" operation="profile_replace" profile="unconfined" name="/sbin/dhclient" pid=25815 comm="apparmor_parser"
Jan 10 15:11:17 rakeshelk-VirtualBox kernel: [  757.235936] audit: type=1400 audit(1547113277.400:268): apparmor="STATUS" operation="profile_replace" profile="unconfined" name="/usr/lib/NetworkManager/nm-dhcp-client.action" pid=25815 comm="apparmor_parser"
Jan 10 15:11:17 rakeshelk-VirtualBox kernel: [  757.236354] audit: type=1400 audit(1547113277.400:269): apparmor="STATUS" operation="profile_replace" profile="unconfined" name="/usr/lib/NetworkManager/nm-dhcp-helper" pid=25815 comm="apparmor_parser"
Jan 10 15:11:17 rakeshelk-VirtualBox kernel: [  757.236709] audit: type=1400 audit(1547113277.400:270): apparmor="STATUS" operation="profile_replace" profile="unconfined" name="/usr/lib/connman/scripts/dhclient-script" pid=25815 comm="apparmor_parser"
Jan 10 15:11:21 rakeshelk-VirtualBox kernel: [  761.497591] audit: type=1400 audit(1547113281.660:271): apparmor="STATUS" operation="profile_replace" profile="unconfined" name="/usr/bin/evince" pid=25817 comm="apparmor_parser"
Jan 10 15:11:21 rakeshelk-VirtualBox kernel: [  761.498212] audit: type=1400 audit(1547113281.660:272): apparmor="STATUS" operation="profile_replace" profile="unconfined" name="/usr/bin/evince//sanitized_helper" pid=25817 comm="apparmor_parser"
Jan 10 15:11:21 rakeshelk-VirtualBox kernel: [  761.499276] audit: type=1400 audit(1547113281.660:273): apparmor="STATUS" operation="profile_replace" profile="unconfined" name="/usr/bin/evince-previewer" pid=25817 comm="apparmor_parser"
Jan 10 15:11:21 rakeshelk-VirtualBox kernel: [  761.499716] audit: type=1400 audit(1547113281.660:274): apparmor="STATUS" operation="profile_replace" profile="unconfined" name="/usr/bin/evince-previewer//sanitized_helper" pid=25817 comm="apparmor_parser"
Jan 10 15:11:21 rakeshelk-VirtualBox kernel: [  761.500881] audit: type=1400 audit(1547113281.664:275): apparmor="STATUS" operation="profile_replace" profile="unconfined" name="/usr/bin/evince-thumbnailer" pid=25817 comm="apparmor_parser"
Jan 10 15:11:21 rakeshelk-VirtualBox kernel: [  761.501343] audit: type=1400 audit(1547113281.664:276): apparmor="STATUS" operation="profile_replace" profile="unconfined" name="/usr/bin/evince-thumbnailer//sanitized_helper" pid=25817 comm="apparmor_parser"
Jan 10 15:11:23 rakeshelk-VirtualBox kernel: [  762.936318] kauditd_printk_skb: 5 callbacks suppressed
Jan 10 15:11:23 rakeshelk-VirtualBox kernel: [  762.936320] audit: type=1400 audit(1547113283.100:282): apparmor="STATUS" operation="profile_replace" profile="unconfined" name="libreoffice-soffice" pid=25827 comm="apparmor_parser"
Jan 10 15:11:23 rakeshelk-VirtualBox kernel: [  762.936868] audit: type=1400 audit(1547113283.100:283): apparmor="STATUS" operation="profile_replace" profile="unconfined" name="libreoffice-soffice//gpg" pid=25827 comm="apparmor_parser"
