Jan 10 08:34:49 ubuntu kernel: [    0.000000] Linux version 4.15.0-29-generic (buildd@lgw01-amd64-057) (gcc version 7.3.0 (Ubuntu 7.3.0-16ubuntu3)) #31-Ubuntu SMP Tue Jul 17 15:39:52 UTC 2018 (Ubuntu 4.15.0-29.31-generic 4.15.18)
Jan 10 08:34:49 ubuntu kernel: [    0.000000] Command line: file=/cdrom/preseed/ubuntu.seed boot=casper initrd=/casper/initrd.lz quiet splash --- maybe-ubiquity
Jan 10 08:34:49 ubuntu kernel: [    0.000000] KERNEL supported cpus:
Jan 10 08:34:49 ubuntu kernel: [    0.000000]   Intel GenuineIntel
Jan 10 08:34:49 ubuntu kernel: [    0.000000]   AMD AuthenticAMD
Jan 10 08:34:49 ubuntu kernel: [    0.000000]   Centaur CentaurHauls
Jan 10 08:34:49 ubuntu kernel: [    0.000000] x86/fpu: Supporting XSAVE feature 0x001: 'x87 floating point registers'
Jan 10 08:34:49 ubuntu kernel: [    0.000000] x86/fpu: Supporting XSAVE feature 0x002: 'SSE registers'
Jan 10 08:34:49 ubuntu kernel: [    0.000000] x86/fpu: Supporting XSAVE feature 0x004: 'AVX registers'
Jan 10 08:34:49 ubuntu kernel: [    0.000000] x86/fpu: xstate_offset[2]:  576, xstate_sizes[2]:  256
Jan 10 08:34:49 ubuntu kernel: [    0.000000] x86/fpu: Enabled xstate features 0x7, context size is 832 bytes, using 'standard' format.
Jan 10 08:34:49 ubuntu kernel: [    0.000000] e820: BIOS-provided physical RAM map:
Jan 10 08:34:49 ubuntu kernel: [    0.000000] BIOS-e820: [mem 0x0000000000000000-0x000000000009fbff] usable
Jan 10 08:34:49 ubuntu kernel: [    0.000000] BIOS-e820: [mem 0x000000000009fc00-0x000000000009ffff] reserved
Jan 10 08:34:49 ubuntu kernel: [    0.000000] BIOS-e820: [mem 0x00000000000f0000-0x00000000000fffff] reserved
Jan 10 08:34:49 ubuntu kernel: [    0.000000] BIOS-e820: [mem 0x0000000000100000-0x00000000dffeffff] usable
Jan 10 08:34:49 ubuntu kernel: [    0.000000] BIOS-e820: [mem 0x00000000dfff0000-0x00000000dfffffff] ACPI data
Jan 10 08:34:49 ubuntu kernel: [    0.000000] BIOS-e820: [mem 0x00000000fec00000-0x00000000fec00fff] reserved
Jan 10 08:34:49 ubuntu kernel: [    0.000000] BIOS-e820: [mem 0x00000000fee00000-0x00000000fee00fff] reserved
Jan 10 08:34:49 ubuntu kernel: [    0.000000] BIOS-e820: [mem 0x00000000fffc0000-0x00000000ffffffff] reserved
Jan 10 08:34:49 ubuntu kernel: [    0.000000] BIOS-e820: [mem 0x0000000100000000-0x000000011fffffff] usable
Jan 10 08:34:49 ubuntu kernel: [    0.000000] NX (Execute Disable) protection: active
Jan 10 08:34:49 ubuntu kernel: [    0.000000] SMBIOS 2.5 present.
Jan 10 08:34:49 ubuntu kernel: [    0.000000] DMI: innotek GmbH VirtualBox/VirtualBox, BIOS VirtualBox 12/01/2006
Jan 10 08:34:49 ubuntu kernel: [    0.000000] Hypervisor detected: KVM
Jan 10 08:34:49 ubuntu kernel: [    0.000000] e820: update [mem 0x00000000-0x00000fff] usable ==> reserved
Jan 10 08:34:49 ubuntu kernel: [    0.000000] e820: remove [mem 0x000a0000-0x000fffff] usable
Jan 10 08:34:49 ubuntu kernel: [    0.000000] e820: last_pfn = 0x120000 max_arch_pfn = 0x400000000
Jan 10 08:34:49 ubuntu kernel: [    0.000000] MTRR default type: uncachable
Jan 10 08:34:49 ubuntu kernel: [    0.000000] MTRR variable ranges disabled:
Jan 10 08:34:49 ubuntu kernel: [    0.000000] MTRR: Disabled
Jan 10 08:34:49 ubuntu kernel: [    0.000000] x86/PAT: MTRRs disabled, skipping PAT initialization too.
Jan 10 08:34:49 ubuntu kernel: [    0.000000] CPU MTRRs all blank - virtualized system.
Jan 10 08:34:49 ubuntu kernel: [    0.000000] x86/PAT: Configuration [0-7]: WB  WT  UC- UC  WB  WT  UC- UC  
Jan 10 08:34:49 ubuntu kernel: [    0.000000] e820: last_pfn = 0xdfff0 max_arch_pfn = 0x400000000
Jan 10 08:34:49 ubuntu kernel: [    0.000000] found SMP MP-table at [mem 0x0009fff0-0x0009ffff] mapped at [        (ptrval)]
Jan 10 08:34:49 ubuntu kernel: [    0.000000] Scanning 1 areas for low memory corruption
Jan 10 08:34:49 ubuntu kernel: [    0.000000] Base memory trampoline at [        (ptrval)] 99000 size 24576
Jan 10 08:34:49 ubuntu kernel: [    0.000000] BRK [0x11273f000, 0x11273ffff] PGTABLE
Jan 10 08:34:49 ubuntu kernel: [    0.000000] BRK [0x112740000, 0x112740fff] PGTABLE
Jan 10 08:34:49 ubuntu kernel: [    0.000000] BRK [0x112741000, 0x112741fff] PGTABLE
Jan 10 08:34:49 ubuntu kernel: [    0.000000] BRK [0x112742000, 0x112742fff] PGTABLE
Jan 10 08:34:49 ubuntu kernel: [    0.000000] BRK [0x112743000, 0x112743fff] PGTABLE
Jan 10 08:34:49 ubuntu kernel: [    0.000000] BRK [0x112744000, 0x112744fff] PGTABLE
Jan 10 08:34:49 ubuntu kernel: [    0.000000] BRK [0x112745000, 0x112745fff] PGTABLE
Jan 10 08:34:49 ubuntu kernel: [    0.000000] BRK [0x112746000, 0x112746fff] PGTABLE
Jan 10 08:34:49 ubuntu kernel: [    0.000000] BRK [0x112747000, 0x112747fff] PGTABLE
Jan 10 08:34:49 ubuntu kernel: [    0.000000] RAMDISK: [mem 0x7dcd4000-0x7fffffff]
Jan 10 08:34:49 ubuntu kernel: [    0.000000] ACPI: Early table checksum verification disabled
Jan 10 08:34:49 ubuntu kernel: [    0.000000] ACPI: RSDP 0x00000000000E0000 000024 (v02 VBOX  )
Jan 10 08:34:49 ubuntu kernel: [    0.000000] ACPI: XSDT 0x00000000DFFF0030 00003C (v01 VBOX   VBOXXSDT 00000001 ASL  00000061)
Jan 10 08:34:49 ubuntu kernel: [    0.000000] ACPI: FACP 0x00000000DFFF00F0 0000F4 (v04 VBOX   VBOXFACP 00000001 ASL  00000061)
Jan 10 08:34:49 ubuntu kernel: [    0.000000] ACPI: DSDT 0x00000000DFFF0470 0022EA (v02 VBOX   VBOXBIOS 00000002 INTL 20100528)
Jan 10 08:34:49 ubuntu kernel: [    0.000000] ACPI: FACS 0x00000000DFFF0200 000040
Jan 10 08:34:49 ubuntu kernel: [    0.000000] ACPI: FACS 0x00000000DFFF0200 000040
Jan 10 08:34:49 ubuntu kernel: [    0.000000] ACPI: APIC 0x00000000DFFF0240 000054 (v02 VBOX   VBOXAPIC 00000001 ASL  00000061)
Jan 10 08:34:49 ubuntu kernel: [    0.000000] ACPI: SSDT 0x00000000DFFF02A0 0001CC (v01 VBOX   VBOXCPUT 00000002 INTL 20100528)
Jan 10 08:34:49 ubuntu kernel: [    0.000000] ACPI: Local APIC address 0xfee00000
Jan 10 08:34:49 ubuntu kernel: [    0.000000] No NUMA configuration found
Jan 10 08:34:49 ubuntu kernel: [    0.000000] Faking a node at [mem 0x0000000000000000-0x000000011fffffff]
Jan 10 08:34:49 ubuntu kernel: [    0.000000] NODE_DATA(0) allocated [mem 0x11ffd5000-0x11fffffff]
Jan 10 08:34:49 ubuntu kernel: [    0.000000] kvm-clock: cpu 0, msr 1:1ff54001, primary cpu clock
Jan 10 08:34:49 ubuntu kernel: [    0.000000] kvm-clock: Using msrs 4b564d01 and 4b564d00
Jan 10 08:34:49 ubuntu kernel: [    0.000000] kvm-clock: using sched offset of 8410664107 cycles
Jan 10 08:34:49 ubuntu kernel: [    0.000000] clocksource: kvm-clock: mask: 0xffffffffffffffff max_cycles: 0x1cd42e4dffb, max_idle_ns: 881590591483 ns
Jan 10 08:34:49 ubuntu kernel: [    0.000000] Zone ranges:
Jan 10 08:34:49 ubuntu kernel: [    0.000000]   DMA      [mem 0x0000000000001000-0x0000000000ffffff]
Jan 10 08:34:49 ubuntu kernel: [    0.000000]   DMA32    [mem 0x0000000001000000-0x00000000ffffffff]
Jan 10 08:34:49 ubuntu kernel: [    0.000000]   Normal   [mem 0x0000000100000000-0x000000011fffffff]
Jan 10 08:34:49 ubuntu kernel: [    0.000000]   Device   empty
Jan 10 08:34:49 ubuntu kernel: [    0.000000] Movable zone start for each node
Jan 10 08:34:49 ubuntu kernel: [    0.000000] Early memory node ranges
Jan 10 08:34:49 ubuntu kernel: [    0.000000]   node   0: [mem 0x0000000000001000-0x000000000009efff]
Jan 10 08:34:49 ubuntu kernel: [    0.000000]   node   0: [mem 0x0000000000100000-0x00000000dffeffff]
Jan 10 08:34:49 ubuntu kernel: [    0.000000]   node   0: [mem 0x0000000100000000-0x000000011fffffff]
Jan 10 08:34:49 ubuntu kernel: [    0.000000] Initmem setup node 0 [mem 0x0000000000001000-0x000000011fffffff]
Jan 10 08:34:49 ubuntu kernel: [    0.000000] On node 0 totalpages: 1048462
Jan 10 08:34:49 ubuntu kernel: [    0.000000]   DMA zone: 64 pages used for memmap
Jan 10 08:34:49 ubuntu kernel: [    0.000000]   DMA zone: 21 pages reserved
Jan 10 08:34:49 ubuntu kernel: [    0.000000]   DMA zone: 3998 pages, LIFO batch:0
Jan 10 08:34:49 ubuntu kernel: [    0.000000]   DMA32 zone: 14272 pages used for memmap
Jan 10 08:34:49 ubuntu kernel: [    0.000000]   DMA32 zone: 913392 pages, LIFO batch:31
Jan 10 08:34:49 ubuntu kernel: [    0.000000]   Normal zone: 2048 pages used for memmap
Jan 10 08:34:49 ubuntu kernel: [    0.000000]   Normal zone: 131072 pages, LIFO batch:31
Jan 10 08:34:49 ubuntu kernel: [    0.000000] Reserved but unavailable: 98 pages
Jan 10 08:34:49 ubuntu kernel: [    0.000000] ACPI: PM-Timer IO Port: 0x4008
Jan 10 08:34:49 ubuntu kernel: [    0.000000] ACPI: Local APIC address 0xfee00000
Jan 10 08:34:49 ubuntu kernel: [    0.000000] IOAPIC[0]: apic_id 1, version 32, address 0xfec00000, GSI 0-23
Jan 10 08:34:49 ubuntu kernel: [    0.000000] ACPI: INT_SRC_OVR (bus 0 bus_irq 0 global_irq 2 dfl dfl)
Jan 10 08:34:49 ubuntu kernel: [    0.000000] ACPI: INT_SRC_OVR (bus 0 bus_irq 9 global_irq 9 low level)
Jan 10 08:34:49 ubuntu kernel: [    0.000000] ACPI: IRQ0 used by override.
Jan 10 08:34:49 ubuntu kernel: [    0.000000] ACPI: IRQ9 used by override.
Jan 10 08:34:49 ubuntu kernel: [    0.000000] Using ACPI (MADT) for SMP configuration information
Jan 10 08:34:49 ubuntu kernel: [    0.000000] smpboot: Allowing 1 CPUs, 0 hotplug CPUs
Jan 10 08:34:49 ubuntu kernel: [    0.000000] PM: Registered nosave memory: [mem 0x00000000-0x00000fff]
Jan 10 08:34:49 ubuntu kernel: [    0.000000] PM: Registered nosave memory: [mem 0x0009f000-0x0009ffff]
Jan 10 08:34:49 ubuntu kernel: [    0.000000] PM: Registered nosave memory: [mem 0x000a0000-0x000effff]
Jan 10 08:34:49 ubuntu kernel: [    0.000000] PM: Registered nosave memory: [mem 0x000f0000-0x000fffff]
Jan 10 08:34:49 ubuntu kernel: [    0.000000] PM: Registered nosave memory: [mem 0xdfff0000-0xdfffffff]
Jan 10 08:34:49 ubuntu kernel: [    0.000000] PM: Registered nosave memory: [mem 0xe0000000-0xfebfffff]
Jan 10 08:34:49 ubuntu kernel: [    0.000000] PM: Registered nosave memory: [mem 0xfec00000-0xfec00fff]
Jan 10 08:34:49 ubuntu kernel: [    0.000000] PM: Registered nosave memory: [mem 0xfec01000-0xfedfffff]
Jan 10 08:34:49 ubuntu kernel: [    0.000000] PM: Registered nosave memory: [mem 0xfee00000-0xfee00fff]
Jan 10 08:34:49 ubuntu kernel: [    0.000000] PM: Registered nosave memory: [mem 0xfee01000-0xfffbffff]
Jan 10 08:34:49 ubuntu kernel: [    0.000000] PM: Registered nosave memory: [mem 0xfffc0000-0xffffffff]
Jan 10 08:34:49 ubuntu kernel: [    0.000000] e820: [mem 0xe0000000-0xfebfffff] available for PCI devices
Jan 10 08:34:49 ubuntu kernel: [    0.000000] Booting paravirtualized kernel on KVM
Jan 10 08:34:49 ubuntu kernel: [    0.000000] clocksource: refined-jiffies: mask: 0xffffffff max_cycles: 0xffffffff, max_idle_ns: 7645519600211568 ns
Jan 10 08:34:49 ubuntu kernel: [    0.000000] random: get_random_bytes called from start_kernel+0x99/0x4fd with crng_init=0
Jan 10 08:34:49 ubuntu kernel: [    0.000000] setup_percpu: NR_CPUS:8192 nr_cpumask_bits:1 nr_cpu_ids:1 nr_node_ids:1
Jan 10 08:34:49 ubuntu kernel: [    0.000000] percpu: Embedded 46 pages/cpu @        (ptrval) s151552 r8192 d28672 u2097152
Jan 10 08:34:49 ubuntu kernel: [    0.000000] pcpu-alloc: s151552 r8192 d28672 u2097152 alloc=1*2097152
Jan 10 08:34:49 ubuntu kernel: [    0.000000] pcpu-alloc: [0] 0 
Jan 10 08:34:49 ubuntu kernel: [    0.000000] PV qspinlock hash table entries: 256 (order: 0, 4096 bytes)
Jan 10 08:34:49 ubuntu kernel: [    0.000000] Built 1 zonelists, mobility grouping on.  Total pages: 1032057
Jan 10 08:34:49 ubuntu kernel: [    0.000000] Policy zone: Normal
Jan 10 08:34:49 ubuntu kernel: [    0.000000] Kernel command line: file=/cdrom/preseed/ubuntu.seed boot=casper initrd=/casper/initrd.lz quiet splash --- maybe-ubiquity
Jan 10 08:34:49 ubuntu kernel: [    0.000000] Calgary: detecting Calgary via BIOS EBDA area
Jan 10 08:34:49 ubuntu kernel: [    0.000000] Calgary: Unable to locate Rio Grande table in EBDA - bailing!
Jan 10 08:34:49 ubuntu kernel: [    0.000000] Memory: 3997376K/4193848K available (12300K kernel code, 2470K rwdata, 4240K rodata, 2408K init, 2416K bss, 196472K reserved, 0K cma-reserved)
Jan 10 08:34:49 ubuntu kernel: [    0.000000] SLUB: HWalign=64, Order=0-3, MinObjects=0, CPUs=1, Nodes=1
Jan 10 08:34:49 ubuntu kernel: [    0.000000] Kernel/User page tables isolation: enabled
Jan 10 08:34:49 ubuntu kernel: [    0.000000] ftrace: allocating 39092 entries in 153 pages
Jan 10 08:34:49 ubuntu kernel: [    0.004000] Hierarchical RCU implementation.
Jan 10 08:34:49 ubuntu kernel: [    0.004000] 	RCU restricting CPUs from NR_CPUS=8192 to nr_cpu_ids=1.
Jan 10 08:34:49 ubuntu kernel: [    0.004000] 	Tasks RCU enabled.
Jan 10 08:34:49 ubuntu kernel: [    0.004000] RCU: Adjusting geometry for rcu_fanout_leaf=16, nr_cpu_ids=1
Jan 10 08:34:49 ubuntu kernel: [    0.004000] NR_IRQS: 524544, nr_irqs: 256, preallocated irqs: 16
Jan 10 08:34:49 ubuntu kernel: [    0.004000] Console: colour VGA+ 80x25
Jan 10 08:34:49 ubuntu kernel: [    0.004000] console [tty0] enabled
Jan 10 08:34:49 ubuntu kernel: [    0.004000] ACPI: Core revision 20170831
Jan 10 08:34:49 ubuntu kernel: [    0.004000] ACPI: 2 ACPI AML tables successfully acquired and loaded
Jan 10 08:34:49 ubuntu kernel: [    0.004000] APIC: Switch to symmetric I/O mode setup
Jan 10 08:34:49 ubuntu kernel: [    0.004000] x2apic enabled
Jan 10 08:34:49 ubuntu kernel: [    0.004000] Switched APIC routing to physical x2apic.
Jan 10 08:34:49 ubuntu kernel: [    0.004000] ..TIMER: vector=0x30 apic1=0 pin1=2 apic2=-1 pin2=-1
Jan 10 08:34:49 ubuntu kernel: [    0.004000] tsc: Detected 3000.002 MHz processor
Jan 10 08:34:49 ubuntu kernel: [    0.004000] Calibrating delay loop (skipped) preset value.. 6000.00 BogoMIPS (lpj=12000008)
Jan 10 08:34:49 ubuntu kernel: [    0.004000] pid_max: default: 32768 minimum: 301
Jan 10 08:34:49 ubuntu kernel: [    0.004000] Security Framework initialized
Jan 10 08:34:49 ubuntu kernel: [    0.004000] Yama: becoming mindful.
Jan 10 08:34:49 ubuntu kernel: [    0.004000] AppArmor: AppArmor initialized
Jan 10 08:34:49 ubuntu kernel: [    0.008137] Dentry cache hash table entries: 524288 (order: 10, 4194304 bytes)
Jan 10 08:34:49 ubuntu kernel: [    0.011437] Inode-cache hash table entries: 262144 (order: 9, 2097152 bytes)
Jan 10 08:34:49 ubuntu kernel: [    0.011452] Mount-cache hash table entries: 8192 (order: 4, 65536 bytes)
Jan 10 08:34:49 ubuntu kernel: [    0.011460] Mountpoint-cache hash table entries: 8192 (order: 4, 65536 bytes)
Jan 10 08:34:49 ubuntu kernel: [    0.011670] CPU: Physical Processor ID: 0
Jan 10 08:34:49 ubuntu kernel: [    0.011691] mce: CPU supports 0 MCE banks
Jan 10 08:34:49 ubuntu kernel: [    0.011703] process: using mwait in idle threads
Jan 10 08:34:49 ubuntu kernel: [    0.011707] Last level iTLB entries: 4KB 128, 2MB 8, 4MB 8
Jan 10 08:34:49 ubuntu kernel: [    0.011708] Last level dTLB entries: 4KB 64, 2MB 0, 4MB 0, 1GB 4
Jan 10 08:34:49 ubuntu kernel: [    0.011709] Spectre V2 : Mitigation: Full generic retpoline
Jan 10 08:34:49 ubuntu kernel: [    0.011710] Spectre V2 : Spectre v2 mitigation: Filling RSB on context switch
Jan 10 08:34:49 ubuntu kernel: [    0.011710] Speculative Store Bypass: Vulnerable
Jan 10 08:34:49 ubuntu kernel: [    0.021476] Freeing SMP alternatives memory: 36K
Jan 10 08:34:49 ubuntu kernel: [    0.024000] smpboot: CPU0: Intel(R) Core(TM) i5-7400 CPU @ 3.00GHz (family: 0x6, model: 0x9e, stepping: 0x9)
Jan 10 08:34:49 ubuntu kernel: [    0.024000] Performance Events: unsupported p6 CPU model 158 no PMU driver, software events only.
Jan 10 08:34:49 ubuntu kernel: [    0.024000] Hierarchical SRCU implementation.
Jan 10 08:34:49 ubuntu kernel: [    0.024000] NMI watchdog: Perf event create on CPU 0 failed with -2
Jan 10 08:34:49 ubuntu kernel: [    0.024000] NMI watchdog: Perf NMI watchdog permanently disabled
Jan 10 08:34:49 ubuntu kernel: [    0.024000] smp: Bringing up secondary CPUs ...
Jan 10 08:34:49 ubuntu kernel: [    0.024000] smp: Brought up 1 node, 1 CPU
Jan 10 08:34:49 ubuntu kernel: [    0.024000] smpboot: Max logical packages: 1
Jan 10 08:34:49 ubuntu kernel: [    0.024000] smpboot: Total of 1 processors activated (6000.00 BogoMIPS)
Jan 10 08:34:49 ubuntu kernel: [    0.024000] devtmpfs: initialized
Jan 10 08:34:49 ubuntu kernel: [    0.024000] x86/mm: Memory block size: 128MB
Jan 10 08:34:49 ubuntu kernel: [    0.024000] evm: security.selinux
Jan 10 08:34:49 ubuntu kernel: [    0.024000] evm: security.SMACK64
Jan 10 08:34:49 ubuntu kernel: [    0.024000] evm: security.SMACK64EXEC
Jan 10 08:34:49 ubuntu kernel: [    0.024000] evm: security.SMACK64TRANSMUTE
Jan 10 08:34:49 ubuntu kernel: [    0.024000] evm: security.SMACK64MMAP
Jan 10 08:34:49 ubuntu kernel: [    0.024000] evm: security.apparmor
Jan 10 08:34:49 ubuntu kernel: [    0.024000] evm: security.ima
Jan 10 08:34:49 ubuntu kernel: [    0.024000] evm: security.capability
Jan 10 08:34:49 ubuntu kernel: [    0.024000] clocksource: jiffies: mask: 0xffffffff max_cycles: 0xffffffff, max_idle_ns: 7645041785100000 ns
Jan 10 08:34:49 ubuntu kernel: [    0.024000] futex hash table entries: 256 (order: 2, 16384 bytes)
Jan 10 08:34:49 ubuntu kernel: [    0.024000] pinctrl core: initialized pinctrl subsystem
Jan 10 08:34:49 ubuntu kernel: [    0.024020] RTC time:  8:34:33, date: 01/10/19
Jan 10 08:34:49 ubuntu kernel: [    0.024093] NET: Registered protocol family 16
Jan 10 08:34:49 ubuntu kernel: [    0.024172] audit: initializing netlink subsys (disabled)
Jan 10 08:34:49 ubuntu kernel: [    0.024274] cpuidle: using governor ladder
Jan 10 08:34:49 ubuntu kernel: [    0.024275] cpuidle: using governor menu
Jan 10 08:34:49 ubuntu kernel: [    0.024315] ACPI: bus type PCI registered
Jan 10 08:34:49 ubuntu kernel: [    0.024316] acpiphp: ACPI Hot Plug PCI Controller Driver version: 0.5
Jan 10 08:34:49 ubuntu kernel: [    0.024398] PCI: Using configuration type 1 for base access
Jan 10 08:34:49 ubuntu kernel: [    0.024447] audit: type=2000 audit(1547109283.546:1): state=initialized audit_enabled=0 res=1
Jan 10 08:34:49 ubuntu kernel: [    0.025625] HugeTLB registered 2.00 MiB page size, pre-allocated 0 pages
Jan 10 08:34:49 ubuntu kernel: [    0.025761] ACPI: Added _OSI(Module Device)
Jan 10 08:34:49 ubuntu kernel: [    0.025762] ACPI: Added _OSI(Processor Device)
Jan 10 08:34:49 ubuntu kernel: [    0.025762] ACPI: Added _OSI(3.0 _SCP Extensions)
Jan 10 08:34:49 ubuntu kernel: [    0.025763] ACPI: Added _OSI(Processor Aggregator Device)
Jan 10 08:34:49 ubuntu kernel: [    0.025764] ACPI: Added _OSI(Linux-Dell-Video)
Jan 10 08:34:49 ubuntu kernel: [    0.026047] ACPI: Executed 1 blocks of module-level executable AML code
Jan 10 08:34:49 ubuntu kernel: [    0.031575] ACPI: Interpreter enabled
Jan 10 08:34:49 ubuntu kernel: [    0.031585] ACPI: (supports S0 S5)
Jan 10 08:34:49 ubuntu kernel: [    0.031586] ACPI: Using IOAPIC for interrupt routing
Jan 10 08:34:49 ubuntu kernel: [    0.031866] PCI: Using host bridge windows from ACPI; if necessary, use "pci=nocrs" and report a bug
Jan 10 08:34:49 ubuntu kernel: [    0.032000] ACPI: Enabled 2 GPEs in block 00 to 07
Jan 10 08:34:49 ubuntu kernel: [    0.039031] ACPI: PCI Root Bridge [PCI0] (domain 0000 [bus 00-ff])
Jan 10 08:34:49 ubuntu kernel: [    0.039036] acpi PNP0A03:00: _OSC: OS supports [ASPM ClockPM Segments MSI]
Jan 10 08:34:49 ubuntu kernel: [    0.039676] acpi PNP0A03:00: _OSC: not requesting OS control; OS requires [ExtendedConfig ASPM ClockPM MSI]
Jan 10 08:34:49 ubuntu kernel: [    0.039685] acpi PNP0A03:00: fail to add MMCONFIG information, can't access extended PCI configuration space under this bridge.
Jan 10 08:34:49 ubuntu kernel: [    0.040058] PCI host bridge to bus 0000:00
Jan 10 08:34:49 ubuntu kernel: [    0.040060] pci_bus 0000:00: root bus resource [io  0x0000-0x0cf7 window]
Jan 10 08:34:49 ubuntu kernel: [    0.040061] pci_bus 0000:00: root bus resource [io  0x0d00-0xffff window]
Jan 10 08:34:49 ubuntu kernel: [    0.040062] pci_bus 0000:00: root bus resource [mem 0x000a0000-0x000bffff window]
Jan 10 08:34:49 ubuntu kernel: [    0.040063] pci_bus 0000:00: root bus resource [mem 0xe0000000-0xfdffffff window]
Jan 10 08:34:49 ubuntu kernel: [    0.040065] pci_bus 0000:00: root bus resource [bus 00-ff]
Jan 10 08:34:49 ubuntu kernel: [    0.040102] pci 0000:00:00.0: [8086:1237] type 00 class 0x060000
Jan 10 08:34:49 ubuntu kernel: [    0.040687] pci 0000:00:01.0: [8086:7000] type 00 class 0x060100
Jan 10 08:34:49 ubuntu kernel: [    0.041403] pci 0000:00:01.1: [8086:7111] type 00 class 0x01018a
Jan 10 08:34:49 ubuntu kernel: [    0.041782] pci 0000:00:01.1: reg 0x20: [io  0xd000-0xd00f]
Jan 10 08:34:49 ubuntu kernel: [    0.041935] pci 0000:00:01.1: legacy IDE quirk: reg 0x10: [io  0x01f0-0x01f7]
Jan 10 08:34:49 ubuntu kernel: [    0.041936] pci 0000:00:01.1: legacy IDE quirk: reg 0x14: [io  0x03f6]
Jan 10 08:34:49 ubuntu kernel: [    0.041937] pci 0000:00:01.1: legacy IDE quirk: reg 0x18: [io  0x0170-0x0177]
Jan 10 08:34:49 ubuntu kernel: [    0.041938] pci 0000:00:01.1: legacy IDE quirk: reg 0x1c: [io  0x0376]
Jan 10 08:34:49 ubuntu kernel: [    0.042194] pci 0000:00:02.0: [15ad:0405] type 00 class 0x030000
Jan 10 08:34:49 ubuntu kernel: [    0.044009] pci 0000:00:02.0: reg 0x10: [io  0xd010-0xd01f]
Jan 10 08:34:49 ubuntu kernel: [    0.045725] pci 0000:00:02.0: reg 0x14: [mem 0xf0000000-0xf0ffffff]
Jan 10 08:34:49 ubuntu kernel: [    0.047509] pci 0000:00:02.0: reg 0x18: [mem 0xf1000000-0xf11fffff]
Jan 10 08:34:49 ubuntu kernel: [    0.054301] pci 0000:00:03.0: [8086:100e] type 00 class 0x020000
Jan 10 08:34:49 ubuntu kernel: [    0.056082] pci 0000:00:03.0: reg 0x10: [mem 0xf1200000-0xf121ffff]
Jan 10 08:34:49 ubuntu kernel: [    0.058871] pci 0000:00:03.0: reg 0x18: [io  0xd020-0xd027]
Jan 10 08:34:49 ubuntu kernel: [    0.064503] pci 0000:00:04.0: [80ee:cafe] type 00 class 0x088000
Jan 10 08:34:49 ubuntu kernel: [    0.065978] pci 0000:00:04.0: reg 0x10: [io  0xd040-0xd05f]
Jan 10 08:34:49 ubuntu kernel: [    0.068079] pci 0000:00:04.0: reg 0x14: [mem 0xf1400000-0xf17fffff]
Jan 10 08:34:49 ubuntu kernel: [    0.069393] pci 0000:00:04.0: reg 0x18: [mem 0xf1800000-0xf1803fff pref]
Jan 10 08:34:49 ubuntu kernel: [    0.075073] pci 0000:00:05.0: [8086:2415] type 00 class 0x040100
Jan 10 08:34:49 ubuntu kernel: [    0.075221] pci 0000:00:05.0: reg 0x10: [io  0xd100-0xd1ff]
Jan 10 08:34:49 ubuntu kernel: [    0.075297] pci 0000:00:05.0: reg 0x14: [io  0xd200-0xd23f]
Jan 10 08:34:49 ubuntu kernel: [    0.075881] pci 0000:00:06.0: [106b:003f] type 00 class 0x0c0310
Jan 10 08:34:49 ubuntu kernel: [    0.077397] pci 0000:00:06.0: reg 0x10: [mem 0xf1804000-0xf1804fff]
Jan 10 08:34:49 ubuntu kernel: [    0.085757] pci 0000:00:07.0: [8086:7113] type 00 class 0x068000
Jan 10 08:34:49 ubuntu kernel: [    0.086229] pci 0000:00:07.0: quirk: [io  0x4000-0x403f] claimed by PIIX4 ACPI
Jan 10 08:34:49 ubuntu kernel: [    0.086239] pci 0000:00:07.0: quirk: [io  0x4100-0x410f] claimed by PIIX4 SMB
Jan 10 08:34:49 ubuntu kernel: [    0.086525] pci 0000:00:0d.0: [8086:2829] type 00 class 0x010601
Jan 10 08:34:49 ubuntu kernel: [    0.088077] pci 0000:00:0d.0: reg 0x10: [io  0xd240-0xd247]
Jan 10 08:34:49 ubuntu kernel: [    0.089411] pci 0000:00:0d.0: reg 0x14: [io  0xd248-0xd24b]
Jan 10 08:34:49 ubuntu kernel: [    0.090759] pci 0000:00:0d.0: reg 0x18: [io  0xd250-0xd257]
Jan 10 08:34:49 ubuntu kernel: [    0.092072] pci 0000:00:0d.0: reg 0x1c: [io  0xd258-0xd25b]
Jan 10 08:34:49 ubuntu kernel: [    0.093453] pci 0000:00:0d.0: reg 0x20: [io  0xd260-0xd26f]
Jan 10 08:34:49 ubuntu kernel: [    0.094774] pci 0000:00:0d.0: reg 0x24: [mem 0xf1806000-0xf1807fff]
Jan 10 08:34:49 ubuntu kernel: [    0.097962] ACPI: PCI Interrupt Link [LNKA] (IRQs 5 9 10 *11)
Jan 10 08:34:49 ubuntu kernel: [    0.098340] ACPI: PCI Interrupt Link [LNKB] (IRQs 5 9 *10 11)
Jan 10 08:34:49 ubuntu kernel: [    0.098514] ACPI: PCI Interrupt Link [LNKC] (IRQs 5 *9 10 11)
Jan 10 08:34:49 ubuntu kernel: [    0.098665] ACPI: PCI Interrupt Link [LNKD] (IRQs 5 9 10 *11)
Jan 10 08:34:49 ubuntu kernel: [    0.098983] SCSI subsystem initialized
Jan 10 08:34:49 ubuntu kernel: [    0.099013] libata version 3.00 loaded.
Jan 10 08:34:49 ubuntu kernel: [    0.099055] pci 0000:00:02.0: vgaarb: setting as boot VGA device
Jan 10 08:34:49 ubuntu kernel: [    0.099057] pci 0000:00:02.0: vgaarb: VGA device added: decodes=io+mem,owns=io+mem,locks=none
Jan 10 08:34:49 ubuntu kernel: [    0.100003] pci 0000:00:02.0: vgaarb: bridge control possible
Jan 10 08:34:49 ubuntu kernel: [    0.100004] vgaarb: loaded
Jan 10 08:34:49 ubuntu kernel: [    0.100020] ACPI: bus type USB registered
Jan 10 08:34:49 ubuntu kernel: [    0.100033] usbcore: registered new interface driver usbfs
Jan 10 08:34:49 ubuntu kernel: [    0.100039] usbcore: registered new interface driver hub
Jan 10 08:34:49 ubuntu kernel: [    0.100047] usbcore: registered new device driver usb
Jan 10 08:34:49 ubuntu kernel: [    0.100082] EDAC MC: Ver: 3.0.0
Jan 10 08:34:49 ubuntu kernel: [    0.100372] PCI: Using ACPI for IRQ routing
Jan 10 08:34:49 ubuntu kernel: [    0.100373] PCI: pci_cache_line_size set to 64 bytes
Jan 10 08:34:49 ubuntu kernel: [    0.100540] e820: reserve RAM buffer [mem 0x0009fc00-0x0009ffff]
Jan 10 08:34:49 ubuntu kernel: [    0.100541] e820: reserve RAM buffer [mem 0xdfff0000-0xdfffffff]
Jan 10 08:34:49 ubuntu kernel: [    0.100608] NetLabel: Initializing
Jan 10 08:34:49 ubuntu kernel: [    0.100609] NetLabel:  domain hash size = 128
Jan 10 08:34:49 ubuntu kernel: [    0.100609] NetLabel:  protocols = UNLABELED CIPSOv4 CALIPSO
Jan 10 08:34:49 ubuntu kernel: [    0.100623] NetLabel:  unlabeled traffic allowed by default
Jan 10 08:34:49 ubuntu kernel: [    0.100713] clocksource: Switched to clocksource kvm-clock
Jan 10 08:34:49 ubuntu kernel: [    0.119428] VFS: Disk quotas dquot_6.6.0
Jan 10 08:34:49 ubuntu kernel: [    0.119442] VFS: Dquot-cache hash table entries: 512 (order 0, 4096 bytes)
Jan 10 08:34:49 ubuntu kernel: [    0.119521] AppArmor: AppArmor Filesystem Enabled
Jan 10 08:34:49 ubuntu kernel: [    0.119541] pnp: PnP ACPI init
Jan 10 08:34:49 ubuntu kernel: [    0.119610] pnp 00:00: Plug and Play ACPI device, IDs PNP0303 (active)
Jan 10 08:34:49 ubuntu kernel: [    0.119687] pnp 00:01: Plug and Play ACPI device, IDs PNP0f03 (active)
Jan 10 08:34:49 ubuntu kernel: [    0.120619] pnp: PnP ACPI: found 2 devices
Jan 10 08:34:49 ubuntu kernel: [    0.129348] clocksource: acpi_pm: mask: 0xffffff max_cycles: 0xffffff, max_idle_ns: 2085701024 ns
Jan 10 08:34:49 ubuntu kernel: [    0.129356] pci_bus 0000:00: resource 4 [io  0x0000-0x0cf7 window]
Jan 10 08:34:49 ubuntu kernel: [    0.129358] pci_bus 0000:00: resource 5 [io  0x0d00-0xffff window]
Jan 10 08:34:49 ubuntu kernel: [    0.129359] pci_bus 0000:00: resource 6 [mem 0x000a0000-0x000bffff window]
Jan 10 08:34:49 ubuntu kernel: [    0.129361] pci_bus 0000:00: resource 7 [mem 0xe0000000-0xfdffffff window]
Jan 10 08:34:49 ubuntu kernel: [    0.129409] NET: Registered protocol family 2
Jan 10 08:34:49 ubuntu kernel: [    0.129551] TCP established hash table entries: 32768 (order: 6, 262144 bytes)
Jan 10 08:34:49 ubuntu kernel: [    0.129588] TCP bind hash table entries: 32768 (order: 7, 524288 bytes)
Jan 10 08:34:49 ubuntu kernel: [    0.129628] TCP: Hash tables configured (established 32768 bind 32768)
Jan 10 08:34:49 ubuntu kernel: [    0.129646] UDP hash table entries: 2048 (order: 4, 65536 bytes)
Jan 10 08:34:49 ubuntu kernel: [    0.129654] UDP-Lite hash table entries: 2048 (order: 4, 65536 bytes)
Jan 10 08:34:49 ubuntu kernel: [    0.129679] NET: Registered protocol family 1
Jan 10 08:34:49 ubuntu kernel: [    0.129685] pci 0000:00:00.0: Limiting direct PCI/PCI transfers
Jan 10 08:34:49 ubuntu kernel: [    0.129712] pci 0000:00:01.0: Activating ISA DMA hang workarounds
Jan 10 08:34:49 ubuntu kernel: [    0.129757] pci 0000:00:02.0: Video device with shadowed ROM at [mem 0x000c0000-0x000dffff]
Jan 10 08:34:49 ubuntu kernel: [    0.131369] PCI: CLS 0 bytes, default 64
Jan 10 08:34:49 ubuntu kernel: [    0.131399] Unpacking initramfs...
Jan 10 08:34:49 ubuntu kernel: [    7.957391] Freeing initrd memory: 36016K
Jan 10 08:34:49 ubuntu kernel: [    7.957415] PCI-DMA: Using software bounce buffering for IO (SWIOTLB)
Jan 10 08:34:49 ubuntu kernel: [    7.957418] software IO TLB [mem 0xdbff0000-0xdfff0000] (64MB) mapped at [        (ptrval)-        (ptrval)]
Jan 10 08:34:49 ubuntu kernel: [    7.957544] platform rtc_cmos: registered platform RTC device (no PNP device found)
Jan 10 08:34:49 ubuntu kernel: [    7.957573] Scanning for low memory corruption every 60 seconds
Jan 10 08:34:49 ubuntu kernel: [    7.958071] Initialise system trusted keyrings
Jan 10 08:34:49 ubuntu kernel: [    7.958078] Key type blacklist registered
Jan 10 08:34:49 ubuntu kernel: [    7.958107] workingset: timestamp_bits=36 max_order=20 bucket_order=0
Jan 10 08:34:49 ubuntu kernel: [    7.959140] zbud: loaded
Jan 10 08:34:49 ubuntu kernel: [    7.959586] squashfs: version 4.0 (2009/01/31) Phillip Lougher
Jan 10 08:34:49 ubuntu kernel: [    7.959683] fuse init (API version 7.26)
Jan 10 08:34:49 ubuntu kernel: [    7.960361] Key type asymmetric registered
Jan 10 08:34:49 ubuntu kernel: [    7.960362] Asymmetric key parser 'x509' registered
Jan 10 08:34:49 ubuntu kernel: [    7.960399] Block layer SCSI generic (bsg) driver version 0.4 loaded (major 246)
Jan 10 08:34:49 ubuntu kernel: [    7.960433] io scheduler noop registered
Jan 10 08:34:49 ubuntu kernel: [    7.960434] io scheduler deadline registered
Jan 10 08:34:49 ubuntu kernel: [    7.960470] io scheduler cfq registered (default)
Jan 10 08:34:49 ubuntu kernel: [    7.960696] ACPI: AC Adapter [AC] (on-line)
Jan 10 08:34:49 ubuntu kernel: [    7.960737] input: Power Button as /devices/LNXSYSTM:00/LNXPWRBN:00/input/input0
Jan 10 08:34:49 ubuntu kernel: [    7.960748] ACPI: Power Button [PWRF]
Jan 10 08:34:49 ubuntu kernel: [    7.960807] input: Sleep Button as /devices/LNXSYSTM:00/LNXSLPBN:00/input/input1
Jan 10 08:34:49 ubuntu kernel: [    7.960813] ACPI: Sleep Button [SLPF]
Jan 10 08:34:49 ubuntu kernel: [    7.960980] Serial: 8250/16550 driver, 32 ports, IRQ sharing enabled
Jan 10 08:34:49 ubuntu kernel: [    7.962267] Linux agpgart interface v0.103
Jan 10 08:34:49 ubuntu kernel: [    7.963132] loop: module loaded
Jan 10 08:34:49 ubuntu kernel: [    7.963225] ata_piix 0000:00:01.1: version 2.13
Jan 10 08:34:49 ubuntu kernel: [    7.963544] scsi host0: ata_piix
Jan 10 08:34:49 ubuntu kernel: [    7.963590] scsi host1: ata_piix
Jan 10 08:34:49 ubuntu kernel: [    7.963612] ata1: PATA max UDMA/33 cmd 0x1f0 ctl 0x3f6 bmdma 0xd000 irq 14
Jan 10 08:34:49 ubuntu kernel: [    7.963613] ata2: PATA max UDMA/33 cmd 0x170 ctl 0x376 bmdma 0xd008 irq 15
Jan 10 08:34:49 ubuntu kernel: [    7.963671] libphy: Fixed MDIO Bus: probed
Jan 10 08:34:49 ubuntu kernel: [    7.963672] tun: Universal TUN/TAP device driver, 1.6
Jan 10 08:34:49 ubuntu kernel: [    7.963931] PPP generic driver version 2.4.2
Jan 10 08:34:49 ubuntu kernel: [    7.963960] ehci_hcd: USB 2.0 'Enhanced' Host Controller (EHCI) Driver
Jan 10 08:34:49 ubuntu kernel: [    7.963962] ehci-pci: EHCI PCI platform driver
Jan 10 08:34:49 ubuntu kernel: [    7.963969] ehci-platform: EHCI generic platform driver
Jan 10 08:34:49 ubuntu kernel: [    7.963974] ohci_hcd: USB 1.1 'Open' Host Controller (OHCI) Driver
Jan 10 08:34:49 ubuntu kernel: [    7.963978] ohci-pci: OHCI PCI platform driver
Jan 10 08:34:49 ubuntu kernel: [    7.964704] ohci-pci 0000:00:06.0: OHCI PCI host controller
Jan 10 08:34:49 ubuntu kernel: [    7.964708] ohci-pci 0000:00:06.0: new USB bus registered, assigned bus number 1
Jan 10 08:34:49 ubuntu kernel: [    7.964761] ohci-pci 0000:00:06.0: irq 22, io mem 0xf1804000
Jan 10 08:34:49 ubuntu kernel: [    8.025482] usb usb1: New USB device found, idVendor=1d6b, idProduct=0001
Jan 10 08:34:49 ubuntu kernel: [    8.025484] usb usb1: New USB device strings: Mfr=3, Product=2, SerialNumber=1
Jan 10 08:34:49 ubuntu kernel: [    8.025485] usb usb1: Product: OHCI PCI host controller
Jan 10 08:34:49 ubuntu kernel: [    8.025487] usb usb1: Manufacturer: Linux 4.15.0-29-generic ohci_hcd
Jan 10 08:34:49 ubuntu kernel: [    8.025488] usb usb1: SerialNumber: 0000:00:06.0
Jan 10 08:34:49 ubuntu kernel: [    8.025582] hub 1-0:1.0: USB hub found
Jan 10 08:34:49 ubuntu kernel: [    8.025594] hub 1-0:1.0: 12 ports detected
Jan 10 08:34:49 ubuntu kernel: [    8.025929] ohci-platform: OHCI generic platform driver
Jan 10 08:34:49 ubuntu kernel: [    8.025938] uhci_hcd: USB Universal Host Controller Interface driver
Jan 10 08:34:49 ubuntu kernel: [    8.025980] i8042: PNP: PS/2 Controller [PNP0303:PS2K,PNP0f03:PS2M] at 0x60,0x64 irq 1,12
Jan 10 08:34:49 ubuntu kernel: [    8.026400] serio: i8042 KBD port at 0x60,0x64 irq 1
Jan 10 08:34:49 ubuntu kernel: [    8.026403] serio: i8042 AUX port at 0x60,0x64 irq 12
Jan 10 08:34:49 ubuntu kernel: [    8.026496] mousedev: PS/2 mouse device common for all mice
Jan 10 08:34:49 ubuntu kernel: [    8.026776] input: AT Translated Set 2 keyboard as /devices/platform/i8042/serio0/input/input2
Jan 10 08:34:49 ubuntu kernel: [    8.027091] rtc_cmos rtc_cmos: rtc core: registered rtc_cmos as rtc0
Jan 10 08:34:49 ubuntu kernel: [    8.027139] rtc_cmos rtc_cmos: alarms up to one day, 114 bytes nvram
Jan 10 08:34:49 ubuntu kernel: [    8.027144] i2c /dev entries driver
Jan 10 08:34:49 ubuntu kernel: [    8.027182] device-mapper: uevent: version 1.0.3
Jan 10 08:34:49 ubuntu kernel: [    8.027225] device-mapper: ioctl: 4.37.0-ioctl (2017-09-20) initialised: dm-devel@redhat.com
Jan 10 08:34:49 ubuntu kernel: [    8.027232] ledtrig-cpu: registered to indicate activity on CPUs
Jan 10 08:34:49 ubuntu kernel: [    8.027326] intel_pmc_core:  initialized
Jan 10 08:34:49 ubuntu kernel: [    8.027489] NET: Registered protocol family 10
Jan 10 08:34:49 ubuntu kernel: [    8.030352] Segment Routing with IPv6
Jan 10 08:34:49 ubuntu kernel: [    8.030370] NET: Registered protocol family 17
Jan 10 08:34:49 ubuntu kernel: [    8.030394] Key type dns_resolver registered
Jan 10 08:34:49 ubuntu kernel: [    8.030487] RAS: Correctable Errors collector initialized.
Jan 10 08:34:49 ubuntu kernel: [    8.030493] sched_clock: Marking stable (8028130019, 0)->(8451700013, -423569994)
Jan 10 08:34:49 ubuntu kernel: [    8.030638] registered taskstats version 1
Jan 10 08:34:49 ubuntu kernel: [    8.030645] Loading compiled-in X.509 certificates
Jan 10 08:34:49 ubuntu kernel: [    8.032428] Loaded X.509 cert 'Build time autogenerated kernel key: 1cc37f41791529df57507d3747a6804ab53f482b'
Jan 10 08:34:49 ubuntu kernel: [    8.032440] zswap: loaded using pool lzo/zbud
Jan 10 08:34:49 ubuntu kernel: [    8.034943] Key type big_key registered
Jan 10 08:34:49 ubuntu kernel: [    8.034945] Key type trusted registered
Jan 10 08:34:49 ubuntu kernel: [    8.036230] Key type encrypted registered
Jan 10 08:34:49 ubuntu kernel: [    8.036232] AppArmor: AppArmor sha1 policy hashing enabled
Jan 10 08:34:49 ubuntu kernel: [    8.036234] ima: No TPM chip found, activating TPM-bypass! (rc=-19)
Jan 10 08:34:49 ubuntu kernel: [    8.036248] evm: HMAC attrs: 0x1
Jan 10 08:34:49 ubuntu kernel: [    8.036477]   Magic number: 3:595:573
Jan 10 08:34:49 ubuntu kernel: [    8.036540] rtc_cmos rtc_cmos: setting system clock to 2019-01-10 08:34:41 UTC (1547109281)
Jan 10 08:34:49 ubuntu kernel: [    8.036594] BIOS EDD facility v0.16 2004-Jun-25, 0 devices found
Jan 10 08:34:49 ubuntu kernel: [    8.036594] EDD information not available.
Jan 10 08:34:49 ubuntu kernel: [    8.125243] ata2.00: ATAPI: VBOX CD-ROM, 1.0, max UDMA/133
Jan 10 08:34:49 ubuntu kernel: [    8.125903] ata2.00: configured for UDMA/33
Jan 10 08:34:49 ubuntu kernel: [    8.126693] scsi 1:0:0:0: CD-ROM            VBOX     CD-ROM           1.0  PQ: 0 ANSI: 5
Jan 10 08:34:49 ubuntu kernel: [    8.127704] sr 1:0:0:0: [sr0] scsi3-mmc drive: 32x/32x xa/form2 tray
Jan 10 08:34:49 ubuntu kernel: [    8.127706] cdrom: Uniform CD-ROM driver Revision: 3.20
Jan 10 08:34:49 ubuntu kernel: [    8.128353] sr 1:0:0:0: Attached scsi CD-ROM sr0
Jan 10 08:34:49 ubuntu kernel: [    8.128609] sr 1:0:0:0: Attached scsi generic sg0 type 5
Jan 10 08:34:49 ubuntu kernel: [    8.136561] Freeing unused kernel memory: 2408K
Jan 10 08:34:49 ubuntu kernel: [    8.144599] Write protecting the kernel read-only data: 20480k
Jan 10 08:34:49 ubuntu kernel: [    8.146025] Freeing unused kernel memory: 2008K
Jan 10 08:34:49 ubuntu kernel: [    8.161772] Freeing unused kernel memory: 1904K
Jan 10 08:34:49 ubuntu kernel: [    8.183941] x86/mm: Checked W+X mappings: passed, no W+X pages found.
Jan 10 08:34:49 ubuntu kernel: [    8.183942] x86/mm: Checking user space page tables
Jan 10 08:34:49 ubuntu kernel: [    8.197434] x86/mm: Checked W+X mappings: passed, no W+X pages found.
Jan 10 08:34:49 ubuntu kernel: [    8.285764] ACPI: Video Device [GFX0] (multi-head: yes  rom: no  post: no)
Jan 10 08:34:49 ubuntu kernel: [    8.285839] input: Video Bus as /devices/LNXSYSTM:00/LNXSYBUS:00/PNP0A03:00/LNXVIDEO:00/input/input4
Jan 10 08:34:49 ubuntu kernel: [    8.309951] e1000: Intel(R) PRO/1000 Network Driver - version 7.3.21-k8-NAPI
Jan 10 08:34:49 ubuntu kernel: [    8.309952] e1000: Copyright (c) 1999-2006 Intel Corporation.
Jan 10 08:34:49 ubuntu kernel: [    8.483877] usb 1-1: new full-speed USB device number 2 using ohci-pci
Jan 10 08:34:49 ubuntu kernel: [    8.517186] random: fast init done
Jan 10 08:34:49 ubuntu kernel: [    8.518012] input: ImExPS/2 Generic Explorer Mouse as /devices/platform/i8042/serio1/input/input5
Jan 10 08:34:49 ubuntu kernel: [    8.518174] random: systemd-udevd: uninitialized urandom read (16 bytes read)
Jan 10 08:34:49 ubuntu kernel: [    8.518182] random: systemd-udevd: uninitialized urandom read (16 bytes read)
Jan 10 08:34:49 ubuntu kernel: [    8.518201] random: systemd-udevd: uninitialized urandom read (16 bytes read)
Jan 10 08:34:49 ubuntu kernel: [    8.518204] random: systemd-udevd: uninitialized urandom read (16 bytes read)
Jan 10 08:34:49 ubuntu kernel: [    8.518210] random: systemd-udevd: uninitialized urandom read (16 bytes read)
Jan 10 08:34:49 ubuntu kernel: [    8.518214] random: systemd-udevd: uninitialized urandom read (16 bytes read)
Jan 10 08:34:49 ubuntu kernel: [    8.518250] random: systemd-udevd: uninitialized urandom read (16 bytes read)
Jan 10 08:34:49 ubuntu kernel: [    8.518263] random: systemd-udevd: uninitialized urandom read (16 bytes read)
Jan 10 08:34:49 ubuntu kernel: [    8.518266] random: systemd-udevd: uninitialized urandom read (16 bytes read)
Jan 10 08:34:49 ubuntu kernel: [    8.518283] random: systemd-udevd: uninitialized urandom read (16 bytes read)
Jan 10 08:34:49 ubuntu kernel: [    8.733109] e1000 0000:00:03.0 eth0: (PCI:33MHz:32-bit) 08:00:27:12:25:cf
Jan 10 08:34:49 ubuntu kernel: [    8.733113] e1000 0000:00:03.0 eth0: Intel(R) PRO/1000 Network Connection
Jan 10 08:34:49 ubuntu kernel: [    8.733230] piix4_smbus 0000:00:07.0: SMBus Host Controller at 0x4100, revision 0
Jan 10 08:34:49 ubuntu kernel: [    8.733462] ahci 0000:00:0d.0: version 3.0
Jan 10 08:34:49 ubuntu kernel: [    8.734198] ahci 0000:00:0d.0: SSS flag set, parallel bus scan disabled
Jan 10 08:34:49 ubuntu kernel: [    8.734363] ahci 0000:00:0d.0: AHCI 0001.0100 32 slots 1 ports 3 Gbps 0x1 impl SATA mode
Jan 10 08:34:49 ubuntu kernel: [    8.734365] ahci 0000:00:0d.0: flags: 64bit ncq stag only ccc 
Jan 10 08:34:49 ubuntu kernel: [    8.735959] e1000 0000:00:03.0 enp0s3: renamed from eth0
Jan 10 08:34:49 ubuntu kernel: [    8.737017] scsi host2: ahci
Jan 10 08:34:49 ubuntu kernel: [    8.737066] ata3: SATA max UDMA/133 abar m8192@0xf1806000 port 0xf1806100 irq 21
Jan 10 08:34:49 ubuntu kernel: [    8.738213] [drm] DMA map mode: Using physical TTM page addresses.
Jan 10 08:34:49 ubuntu kernel: [    8.738256] [drm] Capabilities:
Jan 10 08:34:49 ubuntu kernel: [    8.738257] [drm]   Cursor.
Jan 10 08:34:49 ubuntu kernel: [    8.738257] [drm]   Cursor bypass 2.
Jan 10 08:34:49 ubuntu kernel: [    8.738257] [drm]   Alpha cursor.
Jan 10 08:34:49 ubuntu kernel: [    8.738258] [drm]   3D.
Jan 10 08:34:49 ubuntu kernel: [    8.738258] [drm]   Extended Fifo.
Jan 10 08:34:49 ubuntu kernel: [    8.738258] [drm]   Pitchlock.
Jan 10 08:34:49 ubuntu kernel: [    8.738259] [drm]   Irq mask.
Jan 10 08:34:49 ubuntu kernel: [    8.738259] [drm]   GMR.
Jan 10 08:34:49 ubuntu kernel: [    8.738260] [drm]   Traces.
Jan 10 08:34:49 ubuntu kernel: [    8.738260] [drm]   GMR2.
Jan 10 08:34:49 ubuntu kernel: [    8.738260] [drm]   Screen Object 2.
Jan 10 08:34:49 ubuntu kernel: [    8.738261] [drm] Max GMR ids is 8192
Jan 10 08:34:49 ubuntu kernel: [    8.738262] [drm] Max number of GMR pages is 1048576
Jan 10 08:34:49 ubuntu kernel: [    8.738262] [drm] Max dedicated hypervisor surface memory is 507904 kiB
Jan 10 08:34:49 ubuntu kernel: [    8.738263] [drm] Maximum display memory size is 16384 kiB
Jan 10 08:34:49 ubuntu kernel: [    8.738263] [drm] VRAM at 0xf0000000 size is 16384 kiB
Jan 10 08:34:49 ubuntu kernel: [    8.738264] [drm] MMIO at 0xf1000000 size is 2048 kiB
Jan 10 08:34:49 ubuntu kernel: [    8.738365] [drm] global init.
Jan 10 08:34:49 ubuntu kernel: [    8.738528] [TTM] Zone  kernel: Available graphics memory: 2019874 kiB
Jan 10 08:34:49 ubuntu kernel: [    8.738529] [TTM] Initializing pool allocator
Jan 10 08:34:49 ubuntu kernel: [    8.738532] [TTM] Initializing DMA pool allocator
Jan 10 08:34:49 ubuntu kernel: [    8.738620] [drm] Supports vblank timestamp caching Rev 2 (21.10.2013).
Jan 10 08:34:49 ubuntu kernel: [    8.738620] [drm] No driver support for vblank timestamp query.
Jan 10 08:34:49 ubuntu kernel: [    8.738815] [drm] Screen Objects Display Unit initialized
Jan 10 08:34:49 ubuntu kernel: [    8.738854] [drm] width 720
Jan 10 08:34:49 ubuntu kernel: [    8.738863] [drm] height 400
Jan 10 08:34:49 ubuntu kernel: [    8.738871] [drm] bpp 32
Jan 10 08:34:49 ubuntu kernel: [    8.739030] [drm] Fifo max 0x00200000 min 0x00001000 cap 0x00000311
Jan 10 08:34:49 ubuntu kernel: [    8.739036] [drm] DX: no.
Jan 10 08:34:49 ubuntu kernel: [    8.739037] [drm] Atomic: yes
Jan 10 08:34:49 ubuntu kernel: [    8.739049] [drm:vmw_host_log [vmwgfx]] *ERROR* Failed to send log
Jan 10 08:34:49 ubuntu kernel: [    8.739752] [drm:vmw_host_log [vmwgfx]] *ERROR* Failed to send log
Jan 10 08:34:49 ubuntu kernel: [    8.768434] fbcon: svgadrmfb (fb0) is primary device
Jan 10 08:34:49 ubuntu kernel: [    8.770076] Console: switching to colour frame buffer device 100x37
Jan 10 08:34:49 ubuntu kernel: [    8.770948] [drm] Initialized vmwgfx 2.14.0 20170612 for 0000:00:02.0 on minor 0
Jan 10 08:34:49 ubuntu kernel: [    8.840039] usb 1-1: New USB device found, idVendor=80ee, idProduct=0021
Jan 10 08:34:49 ubuntu kernel: [    8.840041] usb 1-1: New USB device strings: Mfr=1, Product=3, SerialNumber=0
Jan 10 08:34:49 ubuntu kernel: [    8.840042] usb 1-1: Product: USB Tablet
Jan 10 08:34:49 ubuntu kernel: [    8.840043] usb 1-1: Manufacturer: VirtualBox
Jan 10 08:34:49 ubuntu kernel: [    8.849928] hidraw: raw HID events driver (C) Jiri Kosina
Jan 10 08:34:49 ubuntu kernel: [    8.862827] usbcore: registered new interface driver usbhid
Jan 10 08:34:49 ubuntu kernel: [    8.862828] usbhid: USB HID core driver
Jan 10 08:34:49 ubuntu kernel: [    8.864460] input: VirtualBox USB Tablet as /devices/pci0000:00/0000:00:06.0/usb1/1-1/1-1:1.0/0003:80EE:0021.0001/input/input6
Jan 10 08:34:49 ubuntu kernel: [    8.864637] hid-generic 0003:80EE:0021.0001: input,hidraw0: USB HID v1.10 Mouse [VirtualBox USB Tablet] on usb-0000:00:06.0-1/input0
Jan 10 08:34:49 ubuntu kernel: [    8.960602] tsc: Refined TSC clocksource calibration: 2999.232 MHz
Jan 10 08:34:49 ubuntu kernel: [    8.960605] clocksource: tsc: mask: 0xffffffffffffffff max_cycles: 0x2b3b6fe66a2, max_idle_ns: 440795213293 ns
Jan 10 08:34:49 ubuntu kernel: [    9.052980] ata3: SATA link up 3.0 Gbps (SStatus 123 SControl 300)
Jan 10 08:34:49 ubuntu kernel: [    9.053212] ata3.00: ATA-6: VBOX HARDDISK, 1.0, max UDMA/133
Jan 10 08:34:49 ubuntu kernel: [    9.053216] ata3.00: 125558464 sectors, multi 128: LBA48 NCQ (depth 31/32)
Jan 10 08:34:49 ubuntu kernel: [    9.053551] ata3.00: configured for UDMA/133
Jan 10 08:34:49 ubuntu kernel: [    9.053844] scsi 2:0:0:0: Direct-Access     ATA      VBOX HARDDISK    1.0  PQ: 0 ANSI: 5
Jan 10 08:34:49 ubuntu kernel: [    9.054151] sd 2:0:0:0: [sda] 125558464 512-byte logical blocks: (64.3 GB/59.9 GiB)
Jan 10 08:34:49 ubuntu kernel: [    9.054164] sd 2:0:0:0: [sda] Write Protect is off
Jan 10 08:34:49 ubuntu kernel: [    9.054167] sd 2:0:0:0: [sda] Mode Sense: 00 3a 00 00
Jan 10 08:34:49 ubuntu kernel: [    9.054190] sd 2:0:0:0: [sda] Write cache: enabled, read cache: enabled, doesn't support DPO or FUA
Jan 10 08:34:49 ubuntu kernel: [    9.054473] sd 2:0:0:0: Attached scsi generic sg1 type 0
Jan 10 08:34:49 ubuntu kernel: [    9.055184] sd 2:0:0:0: [sda] Attached SCSI disk
Jan 10 08:34:49 ubuntu kernel: [    9.317800] ISO 9660 Extensions: Microsoft Joliet Level 3
Jan 10 08:34:49 ubuntu kernel: [    9.320005] ISO 9660 Extensions: RRIP_1991A
Jan 10 08:34:49 ubuntu kernel: [   11.577524] random: crng init done
Jan 10 08:34:49 ubuntu kernel: [   14.848180] ip_tables: (C) 2000-2006 Netfilter Core Team
Jan 10 08:34:49 ubuntu kernel: [   14.851736] systemd[1]: systemd 237 running in system mode. (+PAM +AUDIT +SELINUX +IMA +APPARMOR +SMACK +SYSVINIT +UTMP +LIBCRYPTSETUP +GCRYPT +GNUTLS +ACL +XZ +LZ4 +SECCOMP +BLKID +ELFUTILS +KMOD -IDN2 +IDN -PCRE2 default-hierarchy=hybrid)
Jan 10 08:34:49 ubuntu kernel: [   14.851761] systemd[1]: Detected virtualization oracle.
Jan 10 08:34:49 ubuntu kernel: [   14.851764] systemd[1]: Detected architecture x86-64.
Jan 10 08:34:49 ubuntu kernel: [   14.853097] systemd[1]: Set hostname to <ubuntu>.
Jan 10 08:34:49 ubuntu kernel: [   14.853236] systemd[1]: Initializing machine ID from random generator.
Jan 10 08:34:49 ubuntu kernel: [   14.984591] systemd[1]: Created slice User and Session Slice.
Jan 10 08:34:49 ubuntu kernel: [   14.984722] systemd[1]: Created slice System Slice.
Jan 10 08:34:49 ubuntu kernel: [   14.984740] systemd[1]: Reached target Slices.
Jan 10 08:34:49 ubuntu kernel: [   14.984791] systemd[1]: Listening on LVM2 metadata daemon socket.
Jan 10 08:34:49 ubuntu kernel: [   14.984833] systemd[1]: Listening on udev Kernel Socket.
Jan 10 08:34:49 ubuntu kernel: [   15.107763] lp: driver loaded but no devices found
Jan 10 08:34:49 ubuntu kernel: [   15.122398] ppdev: user-space parallel port driver
Jan 10 08:34:49 ubuntu kernel: [   15.229649] systemd-journald[851]: Received request to flush runtime journal from PID 1
Jan 10 08:34:49 ubuntu systemd-modules-load[854]: Inserted module 'lp'
Jan 10 08:34:49 ubuntu systemd-modules-load[854]: Inserted module 'ppdev'
Jan 10 08:34:49 ubuntu systemd-modules-load[854]: Inserted module 'parport_pc'
Jan 10 08:34:49 ubuntu systemd[1]: Started Remount Root and Kernel File Systems.
Jan 10 08:34:49 ubuntu systemd[1]: Mounted Huge Pages File System.
Jan 10 08:34:49 ubuntu systemd[1]: Started Load Kernel Modules.
Jan 10 08:34:49 ubuntu systemd[1]: Mounted Kernel Debug File System.
Jan 10 08:34:49 ubuntu systemd[1]: Started Availability of block devices.
Jan 10 08:34:49 ubuntu systemd[1]: Started Uncomplicated firewall.
Jan 10 08:34:49 ubuntu systemd[1]: Mounting Kernel Configuration File System...
Jan 10 08:34:49 ubuntu systemd[1]: Starting Apply Kernel Variables...
Jan 10 08:34:49 ubuntu systemd[1]: Mounting FUSE Control File System...
Jan 10 08:34:49 ubuntu systemd[1]: Starting Load/Save Random Seed...
Jan 10 08:34:49 ubuntu systemd[1]: Starting Flush Journal to Persistent Storage...
Jan 10 08:34:49 ubuntu systemd[1]: Starting Create Static Device Nodes in /dev...
Jan 10 08:34:49 ubuntu systemd[1]: Mounted Kernel Configuration File System.
Jan 10 08:34:49 ubuntu systemd[1]: Started Apply Kernel Variables.
Jan 10 08:34:49 ubuntu systemd[1]: Mounted FUSE Control File System.
Jan 10 08:34:49 ubuntu systemd[1]: Started Load/Save Random Seed.
Jan 10 08:34:49 ubuntu systemd[1]: Started Create Static Device Nodes in /dev.
Jan 10 08:34:49 ubuntu systemd[1]: Starting udev Kernel Device Manager...
Jan 10 08:34:49 ubuntu systemd[1]: Started LVM2 metadata daemon.
Jan 10 08:34:49 ubuntu systemd[1]: Started Flush Journal to Persistent Storage.
Jan 10 08:34:49 ubuntu systemd[1]: Started Monitoring of LVM2 mirrors, snapshots etc. using dmeventd or progress polling.
Jan 10 08:34:49 ubuntu systemd[1]: Started udev Coldplug all Devices.
Jan 10 08:34:49 ubuntu systemd[1]: Started udev Kernel Device Manager.
Jan 10 08:34:49 ubuntu systemd[1]: Started Set the console keyboard layout.
Jan 10 08:34:49 ubuntu systemd[1]: Reached target Local File Systems (Pre).
Jan 10 08:34:49 ubuntu systemd[1]: tmp.mount: Directory /tmp to mount over is not empty, mounting anyway.
Jan 10 08:34:49 ubuntu systemd[1]: Mounting /tmp...
Jan 10 08:34:49 ubuntu systemd[1]: Starting Show Plymouth Boot Screen...
Jan 10 08:34:49 ubuntu systemd[1]: Mounted /tmp.
Jan 10 08:34:49 ubuntu systemd[1]: Reached target Local File Systems.
Jan 10 08:34:49 ubuntu systemd[1]: Starting Set console font and keymap...
Jan 10 08:34:49 ubuntu systemd[1]: Starting Clean up any mess left by 0dns-up...
Jan 10 08:34:49 ubuntu systemd[1]: Starting Tell Plymouth To Write Out Runtime Data...
Jan 10 08:34:49 ubuntu systemd[1]: Starting Create Volatile Files and Directories...
Jan 10 08:34:49 ubuntu systemd[1]: Started Show Plymouth Boot Screen.
Jan 10 08:34:49 ubuntu systemd[1]: Reached target Local Encrypted Volumes.
Jan 10 08:34:49 ubuntu systemd[1]: Started Forward Password Requests to Plymouth Directory Watch.
Jan 10 08:34:49 ubuntu systemd[1]: Started Set console font and keymap.
Jan 10 08:34:49 ubuntu systemd[1]: Started Tell Plymouth To Write Out Runtime Data.
Jan 10 08:34:49 ubuntu systemd[1]: Started Create Volatile Files and Directories.
Jan 10 08:34:49 ubuntu systemd[1]: Starting Update UTMP about System Boot/Shutdown...
Jan 10 08:34:49 ubuntu systemd[1]: Starting Network Name Resolution...
Jan 10 08:34:49 ubuntu systemd[1]: Starting Network Time Synchronization...
Jan 10 08:34:49 ubuntu systemd[1]: Started Clean up any mess left by 0dns-up.
Jan 10 08:34:49 ubuntu systemd[1]: Started Update UTMP about System Boot/Shutdown.
Jan 10 08:34:49 ubuntu systemd[1]: Starting Raise network interfaces...
Jan 10 08:34:49 ubuntu systemd-resolved[907]: Positive Trust Anchors:
Jan 10 08:34:49 ubuntu systemd-resolved[907]: . IN DS 19036 8 2 49aac11d7b6f6446702e54a1607371607a1a41855200fd2ce1cdde32f24e8fb5
Jan 10 08:34:49 ubuntu systemd-resolved[907]: . IN DS 20326 8 2 e06d44b80b8f1d39a95c0b0d7c65d08458e880409bbc683457104237c7f8ec8d
Jan 10 08:34:49 ubuntu systemd-resolved[907]: Negative trust anchors: 10.in-addr.arpa 16.172.in-addr.arpa 17.172.in-addr.arpa 18.172.in-addr.arpa 19.172.in-addr.arpa 20.172.in-addr.arpa 21.172.in-addr.arpa 22.172.in-addr.arpa 23.172.in-addr.arpa 24.172.in-addr.arpa 25.172.in-addr.arpa 26.172.in-addr.arpa 27.172.in-addr.arpa 28.172.in-addr.arpa 29.172.in-addr.arpa 30.172.in-addr.arpa 31.172.in-addr.arpa 168.192.in-addr.arpa d.f.ip6.arpa corp home internal intranet lan local private test
Jan 10 08:34:49 ubuntu systemd-resolved[907]: Using system hostname 'ubuntu'.
Jan 10 08:34:49 ubuntu systemd[1]: Started Network Name Resolution.
Jan 10 08:34:49 ubuntu systemd[1]: Reached target Host and Network Name Lookups.
Jan 10 08:34:49 ubuntu systemd[1]: Started Network Time Synchronization.
Jan 10 08:34:49 ubuntu systemd[1]: Reached target System Initialization.
Jan 10 08:34:49 ubuntu systemd[1]: Listening on Avahi mDNS/DNS-SD Stack Activation Socket.
Jan 10 08:34:49 ubuntu systemd[1]: Started Message of the Day.
Jan 10 08:34:49 ubuntu systemd[1]: Listening on CUPS Scheduler.
Jan 10 08:34:49 ubuntu systemd[1]: Starting Socket activation for snappy daemon.
Jan 10 08:34:49 ubuntu systemd[1]: Started CUPS Scheduler.
Jan 10 08:34:49 ubuntu systemd[1]: Started ACPI Events Check.
Jan 10 08:34:49 ubuntu systemd[1]: Reached target Paths.
Jan 10 08:34:49 ubuntu systemd[1]: Listening on UUID daemon activation socket.
Jan 10 08:34:49 ubuntu systemd[1]: Listening on ACPID Listen Socket.
Jan 10 08:34:49 ubuntu systemd[1]: Started Daily Cleanup of Temporary Directories.
Jan 10 08:34:49 ubuntu systemd[1]: Listening on D-Bus System Message Bus Socket.
Jan 10 08:34:49 ubuntu systemd[1]: Reached target System Time Synchronized.
Jan 10 08:34:49 ubuntu systemd[1]: Started Trigger anacron every hour.
Jan 10 08:34:49 ubuntu systemd[1]: Started Discard unused blocks once a week.
Jan 10 08:34:49 ubuntu systemd[1]: Started Daily apt download activities.
Jan 10 08:34:49 ubuntu systemd[1]: Started Daily apt upgrade and clean activities.
Jan 10 08:34:49 ubuntu systemd[1]: Reached target Timers.
Jan 10 08:34:49 ubuntu systemd[1]: Listening on Socket activation for snappy daemon.
Jan 10 08:34:49 ubuntu systemd[1]: Reached target Sockets.
Jan 10 08:34:49 ubuntu systemd[1]: Reached target Basic System.
Jan 10 08:34:49 ubuntu systemd[1]: Starting LSB: Record successful boot for GRUB...
Jan 10 08:34:49 ubuntu systemd[1]: Started irqbalance daemon.
Jan 10 08:34:49 ubuntu systemd[1]: Starting Restore /etc/resolv.conf if the system crashed before the ppp link was shut down...
Jan 10 08:34:49 ubuntu systemd[1]: Starting Avahi mDNS/DNS-SD Stack...
Jan 10 08:34:49 ubuntu systemd[1]: Reached target Login Prompts.
Jan 10 08:34:49 ubuntu systemd[1]: Starting LSB: automatic crash report generation...
Jan 10 08:34:49 ubuntu systemd[1]: Starting Detect the available GPUs and deal with any system changes...
Jan 10 08:34:49 ubuntu systemd[1]: Starting Modem Manager...
Jan 10 08:34:49 ubuntu /usr/sbin/irqbalance: Balancing is ineffective on systems with a single cpu.  Shutting down
Jan 10 08:34:49 ubuntu systemd[1]: Starting Disk Manager...
Jan 10 08:34:49 ubuntu systemd[1]: Started Run anacron jobs.
Jan 10 08:34:49 ubuntu systemd[1]: Started D-Bus System Message Bus.
Jan 10 08:34:49 ubuntu dbus-daemon[946]: dbus[946]: Unknown group "power" in message bus configuration file
Jan 10 08:34:49 ubuntu dbus-daemon[946]: [system] AppArmor D-Bus mediation is enabled
Jan 10 08:34:49 ubuntu gpu-manager[942]: /etc/modprobe.d is not a file
Jan 10 08:34:49 ubuntu gpu-manager[942]: /etc/modprobe.d is not a file
Jan 10 08:34:49 ubuntu systemd[1]: Starting Network Manager...
Jan 10 08:34:49 ubuntu systemd[1]: Started Regular background program processing daemon.
Jan 10 08:34:49 ubuntu systemd[1]: Starting LSB: Speech Dispatcher...
Jan 10 08:34:49 ubuntu systemd[1]: Starting Accounts Service...
Jan 10 08:34:49 ubuntu avahi-daemon[939]: Found user 'avahi' (UID 116) and group 'avahi' (GID 122).
Jan 10 08:34:49 ubuntu avahi-daemon[939]: Successfully dropped root privileges.
Jan 10 08:34:49 ubuntu avahi-daemon[939]: avahi-daemon 0.7 starting up.
Jan 10 08:34:49 ubuntu gpu-manager[942]: /etc/modprobe.d is not a file
Jan 10 08:34:49 ubuntu avahi-daemon[939]: Successfully called chroot().
Jan 10 08:34:49 ubuntu avahi-daemon[939]: Successfully dropped remaining capabilities.
Jan 10 08:34:49 ubuntu avahi-daemon[939]: No service file found in /etc/avahi/services.
Jan 10 08:34:49 ubuntu avahi-daemon[939]: Joining mDNS multicast group on interface lo.IPv6 with address ::1.
Jan 10 08:34:49 ubuntu systemd[1]: Starting WPA supplicant...
Jan 10 08:34:49 ubuntu avahi-daemon[939]: New relevant interface lo.IPv6 for mDNS.
Jan 10 08:34:49 ubuntu avahi-daemon[939]: Joining mDNS multicast group on interface lo.IPv4 with address 127.0.0.1.
Jan 10 08:34:49 ubuntu avahi-daemon[939]: New relevant interface lo.IPv4 for mDNS.
Jan 10 08:34:49 ubuntu avahi-daemon[939]: Network interface enumeration completed.
Jan 10 08:34:49 ubuntu avahi-daemon[939]: Registering new address record for ::1 on lo.*.
Jan 10 08:34:49 ubuntu avahi-daemon[939]: Registering new address record for 127.0.0.1 on lo.IPv4.
Jan 10 08:34:49 ubuntu cron[966]: (CRON) INFO (pidfile fd = 3)
Jan 10 08:34:49 ubuntu cron[966]: (CRON) INFO (Running @reboot jobs)
Jan 10 08:34:49 ubuntu systemd[1]: Starting Thermal Daemon Service...
Jan 10 08:34:49 ubuntu systemd[1]: Starting Login Service...
Jan 10 08:34:49 ubuntu systemd[1]: Started ACPI event daemon.
Jan 10 08:34:49 ubuntu systemd[1]: Started CUPS Scheduler.
Jan 10 08:34:49 ubuntu systemd[1]: Starting Ubuntu live CD installer...
Jan 10 08:34:49 ubuntu udisksd[944]: udisks daemon version 2.7.6 starting
Jan 10 08:34:49 ubuntu systemd[1]: Starting Dispatcher daemon for systemd-networkd...
Jan 10 08:34:49 ubuntu systemd[1]: Starting System Logging Service...
Jan 10 08:34:49 ubuntu systemd[1]: Starting Snappy daemon...
Jan 10 08:34:49 ubuntu systemd[1]: Started Raise network interfaces.
Jan 10 08:34:49 ubuntu systemd[1]: Started Restore /etc/resolv.conf if the system crashed before the ppp link was shut down.
Jan 10 08:34:49 ubuntu acpid: starting up with netlink and the input layer
Jan 10 08:34:49 ubuntu systemd[1]: Started Avahi mDNS/DNS-SD Stack.
Jan 10 08:34:49 ubuntu systemd[1]: Started Make remote CUPS printers available locally.
Jan 10 08:34:49 ubuntu speech-dispatcher[967]:  * speech-dispatcher disabled; edit /etc/default/speech-dispatcher
Jan 10 08:34:49 ubuntu systemd[1]: Started LSB: Speech Dispatcher.
Jan 10 08:34:49 ubuntu acpid: 8 rules loaded
Jan 10 08:34:49 ubuntu acpid: waiting for events: event logging is off
Jan 10 08:34:49 ubuntu apport[940]:  * Starting automatic crash report generation: apport
Jan 10 08:34:49 ubuntu grub-common[930]:  * Recording successful boot for GRUB
Jan 10 08:34:49 ubuntu systemd[1]: Started Login Service.
Jan 10 08:34:49 ubuntu dbus-daemon[946]: [system] Activating via systemd: service name='org.freedesktop.PolicyKit1' unit='polkit.service' requested by ':1.4' (uid=0 pid=968 comm="/usr/lib/accountsservice/accounts-daemon " label="unconfined")
Jan 10 08:34:49 ubuntu systemd[1]: Starting Authorization Manager...
Jan 10 08:34:49 ubuntu apport[940]:    ...done.
Jan 10 08:34:49 ubuntu systemd[1]: Started LSB: automatic crash report generation.
Jan 10 08:34:49 ubuntu grub-common[930]:    ...done.
Jan 10 08:34:49 ubuntu systemd[1]: Started LSB: Record successful boot for GRUB.
Jan 10 08:34:49 ubuntu ModemManager[943]: <info>  ModemManager (version 1.6.8) starting in system bus...
Jan 10 08:34:49 ubuntu polkitd[1002]: started daemon version 0.105 using authority implementation `local' version `0.105'
Jan 10 08:34:49 ubuntu dbus-daemon[946]: [system] Successfully activated service 'org.freedesktop.PolicyKit1'
Jan 10 08:34:49 ubuntu systemd[1]: Started Authorization Manager.
Jan 10 08:34:49 ubuntu accounts-daemon[968]: started daemon version 0.6.45
Jan 10 08:34:49 ubuntu systemd[1]: Started Accounts Service.
Jan 10 08:34:49 ubuntu systemd[1]: Starting Run passwd -d to ensure AccountsService properties are set correctly...
Jan 10 08:34:49 ubuntu gpu-manager[942]: /etc/modprobe.d is not a file
Jan 10 08:34:49 ubuntu systemd[1]: Started System Logging Service.
Jan 10 08:34:49 ubuntu rsyslogd: imuxsock: Acquired UNIX socket '/run/systemd/journal/syslog' (fd 3) from systemd.  [v8.32.0]
Jan 10 08:34:49 ubuntu rsyslogd: rsyslogd's groupid changed to 106
Jan 10 08:34:49 ubuntu rsyslogd: rsyslogd's userid changed to 102
Jan 10 08:34:49 ubuntu rsyslogd:  [origin software="rsyslogd" swVersion="8.32.0" x-pid="984" x-info="http://www.rsyslog.com"] start
Jan 10 08:34:49 ubuntu gpu-manager[942]: Error: can't open /lib/modules/4.15.0-29-generic/updates/dkms
Jan 10 08:34:49 ubuntu gpu-manager[942]: Error: can't open /lib/modules/4.15.0-29-generic/updates/dkms
Jan 10 08:34:49 ubuntu systemd[1]: Started Detect the available GPUs and deal with any system changes.
Jan 10 08:34:49 ubuntu dbus-run-session[1010]: passwd: password expiry information changed.
Jan 10 08:34:49 ubuntu systemd[1]: Started Run passwd -d to ensure AccountsService properties are set correctly.
Jan 10 08:34:49 ubuntu systemd[1]: Started WPA supplicant.
Jan 10 08:34:49 ubuntu wpa_supplicant[974]: Successfully initialized wpa_supplicant
Jan 10 08:34:49 ubuntu udisksd[944]: failed to load module mdraid: libbd_mdraid.so.2: cannot open shared object file: No such file or directory
Jan 10 08:34:49 ubuntu systemd[1]: Started Thermal Daemon Service.
Jan 10 08:34:50 ubuntu thermald[975]: NO RAPL sysfs present
Jan 10 08:34:50 ubuntu thermald[975]: 22 CPUID levels; family:model:stepping 0x6:9e:9 (6:158:9)
Jan 10 08:34:50 ubuntu thermald[975]: Polling mode is enabled: 4
Jan 10 08:34:50 ubuntu thermald[975]: Thermal DTS: No coretemp sysfs found
Jan 10 08:34:50 ubuntu avahi-daemon[939]: Server startup complete. Host name is ubuntu.local. Local service cookie is 2870454694.
Jan 10 08:34:50 ubuntu udisksd[944]: Failed to load the 'mdraid' libblockdev plugin
Jan 10 08:34:50 ubuntu thermald[975]: Thermal DTS or hwmon: No Zones present Need to configure manually
Jan 10 08:34:50 ubuntu thermald[975]: No thermal sensors found
Jan 10 08:34:50 ubuntu thermald[975]: THD engine start failed
Jan 10 08:34:50 ubuntu systemd[1]: Started Disk Manager.
Jan 10 08:34:50 ubuntu udisksd[944]: Acquired the name org.freedesktop.UDisks2 on the system message bus
Jan 10 08:34:50 ubuntu systemd[1]: Started Modem Manager.
Jan 10 08:34:50 ubuntu systemd-udevd[881]: link_config: autonegotiation is unset or enabled, the speed and duplex are not writable.
Jan 10 08:34:50 ubuntu NetworkManager[965]: <info>  [1547109290.5535] NetworkManager (version 1.10.6) is starting... (for the first time)
Jan 10 08:34:50 ubuntu NetworkManager[965]: <info>  [1547109290.5536] Read config: /etc/NetworkManager/NetworkManager.conf (lib: 10-dns-resolved.conf, 20-connectivity-ubuntu.conf, no-mac-addr-change.conf) (run: 10-globally-managed-devices.conf) (etc: default-wifi-powersave-on.conf)
Jan 10 08:34:50 ubuntu NetworkManager[965]: <info>  [1547109290.6006] manager[0x55e505a6b060]: monitoring kernel firmware directory '/lib/firmware'.
Jan 10 08:34:50 ubuntu NetworkManager[965]: <info>  [1547109290.6010] monitoring ifupdown state file '/run/network/ifstate'.
Jan 10 08:34:50 ubuntu dbus-daemon[946]: [system] Activating via systemd: service name='org.freedesktop.hostname1' unit='dbus-org.freedesktop.hostname1.service' requested by ':1.13' (uid=0 pid=965 comm="/usr/sbin/NetworkManager --no-daemon " label="unconfined")
Jan 10 08:34:50 ubuntu systemd[1]: Starting Hostname Service...
Jan 10 08:34:50 ubuntu dbus-daemon[946]: [system] Successfully activated service 'org.freedesktop.hostname1'
Jan 10 08:34:50 ubuntu systemd[1]: Started Hostname Service.
Jan 10 08:34:50 ubuntu NetworkManager[965]: <info>  [1547109290.7208] hostname: hostname: using hostnamed
Jan 10 08:34:50 ubuntu NetworkManager[965]: <info>  [1547109290.7208] hostname: hostname changed from (none) to "ubuntu"
Jan 10 08:34:50 ubuntu NetworkManager[965]: <info>  [1547109290.7211] dns-mgr[0x55e505a88970]: init: dns=systemd-resolved, rc-manager=symlink, plugin=systemd-resolved
Jan 10 08:34:50 ubuntu NetworkManager[965]: <info>  [1547109290.7215] manager[0x55e505a6b060]: rfkill: WiFi hardware radio set enabled
Jan 10 08:34:50 ubuntu NetworkManager[965]: <info>  [1547109290.7215] manager[0x55e505a6b060]: rfkill: WWAN hardware radio set enabled
Jan 10 08:34:50 ubuntu systemd[1]: Started Network Manager.
Jan 10 08:34:50 ubuntu systemd[1]: Reached target Network.
Jan 10 08:34:50 ubuntu systemd[1]: Starting Permit User Sessions...
Jan 10 08:34:50 ubuntu systemd[1]: Started Unattended Upgrades Shutdown.
Jan 10 08:34:50 ubuntu systemd[1]: Starting Network Manager Wait Online...
Jan 10 08:34:50 ubuntu systemd[1]: Started Permit User Sessions.
Jan 10 08:34:50 ubuntu systemd[1]: Starting Hold until boot process finishes up...
Jan 10 08:34:50 ubuntu dbus-daemon[946]: [system] Activating via systemd: service name='org.freedesktop.nm_dispatcher' unit='dbus-org.freedesktop.nm-dispatcher.service' requested by ':1.13' (uid=0 pid=965 comm="/usr/sbin/NetworkManager --no-daemon " label="unconfined")
Jan 10 08:34:50 ubuntu systemd[1]: Starting Network Manager Script Dispatcher Service...
Jan 10 08:34:50 ubuntu kernel: [   17.351113] vgdrvHeartbeatInit: Setting up heartbeat to trigger every 2000 milliseconds
Jan 10 08:34:50 ubuntu kernel: [   17.351181] input: Unspecified device as /devices/pci0000:00/0000:00:04.0/input/input7
Jan 10 08:34:50 ubuntu dbus-daemon[946]: [system] Successfully activated service 'org.freedesktop.nm_dispatcher'
Jan 10 08:34:50 ubuntu systemd[1]: Started Network Manager Script Dispatcher Service.
Jan 10 08:34:50 ubuntu NetworkManager[965]: <info>  [1547109290.8386] init!
Jan 10 08:34:50 ubuntu NetworkManager[965]: <info>  [1547109290.8387]       interface-parser: parsing file /etc/network/interfaces
Jan 10 08:34:50 ubuntu NetworkManager[965]: <info>  [1547109290.8387]       interface-parser: finished parsing file /etc/network/interfaces
Jan 10 08:34:50 ubuntu NetworkManager[965]: <info>  [1547109290.8388] management mode: unmanaged
Jan 10 08:34:50 ubuntu NetworkManager[965]: <info>  [1547109290.8390] devices added (path: /sys/devices/pci0000:00/0000:00:03.0/net/enp0s3, iface: enp0s3)
Jan 10 08:34:50 ubuntu NetworkManager[965]: <info>  [1547109290.8390] device added (path: /sys/devices/pci0000:00/0000:00:03.0/net/enp0s3, iface: enp0s3): no ifupdown configuration found.
Jan 10 08:34:50 ubuntu NetworkManager[965]: <info>  [1547109290.8391] devices added (path: /sys/devices/virtual/net/lo, iface: lo)
Jan 10 08:34:50 ubuntu NetworkManager[965]: <info>  [1547109290.8391] device added (path: /sys/devices/virtual/net/lo, iface: lo): no ifupdown configuration found.
Jan 10 08:34:50 ubuntu NetworkManager[965]: <info>  [1547109290.8391] end _init.
Jan 10 08:34:50 ubuntu NetworkManager[965]: <info>  [1547109290.8391] settings: loaded plugin ifupdown: (C) 2008 Canonical Ltd.  To report bugs please use the NetworkManager mailing list. (/usr/lib/x86_64-linux-gnu/NetworkManager/libnm-settings-plugin-ifupdown.so)
Jan 10 08:34:50 ubuntu NetworkManager[965]: <info>  [1547109290.8391] settings: loaded plugin keyfile: (c) 2007 - 2016 Red Hat, Inc.  To report bugs please use the NetworkManager mailing list.
Jan 10 08:34:50 ubuntu NetworkManager[965]: <info>  [1547109290.8391] (95059072) ... get_connections.
Jan 10 08:34:50 ubuntu NetworkManager[965]: <info>  [1547109290.8392] (95059072) ... get_connections (managed=false): return empty list.
Jan 10 08:34:50 ubuntu NetworkManager[965]: <info>  [1547109290.8394] get unmanaged devices count: 0
Jan 10 08:34:50 ubuntu NetworkManager[965]: <info>  [1547109290.8394] manager: rfkill: WiFi enabled by radio killswitch; enabled by state file
Jan 10 08:34:50 ubuntu NetworkManager[965]: <info>  [1547109290.8394] manager: rfkill: WWAN enabled by radio killswitch; enabled by state file
Jan 10 08:34:50 ubuntu NetworkManager[965]: <info>  [1547109290.8394] manager: Networking is enabled by state file
Jan 10 08:34:50 ubuntu NetworkManager[965]: <info>  [1547109290.8408] dhcp-init: Using DHCP client 'dhclient'
Jan 10 08:34:50 ubuntu NetworkManager[965]: <info>  [1547109290.8422] Loaded device plugin: NMBondDeviceFactory (internal)
Jan 10 08:34:50 ubuntu NetworkManager[965]: <info>  [1547109290.8432] Loaded device plugin: NMBridgeDeviceFactory (internal)
Jan 10 08:34:50 ubuntu NetworkManager[965]: <info>  [1547109290.8433] Loaded device plugin: NMDummyDeviceFactory (internal)
Jan 10 08:34:50 ubuntu NetworkManager[965]: <info>  [1547109290.8437] Loaded device plugin: NMEthernetDeviceFactory (internal)
Jan 10 08:34:50 ubuntu NetworkManager[965]: <info>  [1547109290.8441] Loaded device plugin: NMInfinibandDeviceFactory (internal)
Jan 10 08:34:50 ubuntu NetworkManager[965]: <info>  [1547109290.8443] Loaded device plugin: NMIPTunnelDeviceFactory (internal)
Jan 10 08:34:50 ubuntu NetworkManager[965]: <info>  [1547109290.8444] Loaded device plugin: NMMacsecDeviceFactory (internal)
Jan 10 08:34:50 ubuntu nm-dispatcher: req:1 'hostname': new request (1 scripts)
Jan 10 08:34:50 ubuntu NetworkManager[965]: <info>  [1547109290.8450] Loaded device plugin: NMMacvlanDeviceFactory (internal)
Jan 10 08:34:50 ubuntu NetworkManager[965]: <info>  [1547109290.8451] Loaded device plugin: NMPppDeviceFactory (internal)
Jan 10 08:34:50 ubuntu NetworkManager[965]: <info>  [1547109290.8452] Loaded device plugin: NMTunDeviceFactory (internal)
Jan 10 08:34:50 ubuntu NetworkManager[965]: <info>  [1547109290.8453] Loaded device plugin: NMVethDeviceFactory (internal)
Jan 10 08:34:50 ubuntu NetworkManager[965]: <info>  [1547109290.8453] Loaded device plugin: NMVlanDeviceFactory (internal)
Jan 10 08:34:50 ubuntu NetworkManager[965]: <info>  [1547109290.8455] Loaded device plugin: NMVxlanDeviceFactory (internal)
Jan 10 08:34:50 ubuntu nm-dispatcher: req:1 'hostname': start running ordered scripts...
Jan 10 08:34:50 ubuntu NetworkManager[965]: <info>  [1547109290.8540] Loaded device plugin: NMAtmManager (/usr/lib/x86_64-linux-gnu/NetworkManager/libnm-device-plugin-adsl.so)
Jan 10 08:34:50 ubuntu snapd[985]: AppArmor status: apparmor is enabled and all features are available
Jan 10 08:34:50 ubuntu kernel: [   17.400500] vboxguest: misc device minor 55, IRQ 20, I/O port d040, MMIO at 00000000f1400000 (size 0x400000)
Jan 10 08:34:50 ubuntu kernel: [   17.400537] vboxguest: Successfully loaded version 5.2.8_KernelUbuntu (interface 0x00010004)
Jan 10 08:34:50 ubuntu NetworkManager[965]: <info>  [1547109290.8687] Loaded device plugin: NMBluezManager (/usr/lib/x86_64-linux-gnu/NetworkManager/libnm-device-plugin-bluetooth.so)
Jan 10 08:34:50 ubuntu NetworkManager[965]: <info>  [1547109290.9148] Loaded device plugin: NMTeamFactory (/usr/lib/x86_64-linux-gnu/NetworkManager/libnm-device-plugin-team.so)
Jan 10 08:34:50 ubuntu NetworkManager[965]: <info>  [1547109290.9629] Loaded device plugin: NMWifiFactory (/usr/lib/x86_64-linux-gnu/NetworkManager/libnm-device-plugin-wifi.so)
Jan 10 08:34:50 ubuntu NetworkManager[965]: <info>  [1547109290.9652] Loaded device plugin: NMWwanFactory (/usr/lib/x86_64-linux-gnu/NetworkManager/libnm-device-plugin-wwan.so)
Jan 10 08:34:50 ubuntu NetworkManager[965]: <info>  [1547109290.9662] device (lo): carrier: link connected
Jan 10 08:34:50 ubuntu NetworkManager[965]: <info>  [1547109290.9680] manager: (lo): new Generic device (/org/freedesktop/NetworkManager/Devices/1)
Jan 10 08:34:50 ubuntu NetworkManager[965]: <info>  [1547109290.9782] manager: (enp0s3): new Ethernet device (/org/freedesktop/NetworkManager/Devices/2)
Jan 10 08:34:50 ubuntu snapd[985]: 2019/01/10 08:34:50.987444 backend.go:125: snapd enabled root filesystem on overlay support, additional upperdir permissions granted
Jan 10 08:34:50 ubuntu NetworkManager[965]: <info>  [1547109290.9911] keyfile: add connection in-memory (da6cc09d-e8d4-3f82-8046-17c72a37735c,"Wired connection 1")
Jan 10 08:34:51 ubuntu NetworkManager[965]: <info>  [1547109291.0006] settings: (enp0s3): created default wired connection 'Wired connection 1'
Jan 10 08:34:51 ubuntu NetworkManager[965]: <info>  [1547109291.0112] device (enp0s3): state change: unmanaged -> unavailable (reason 'managed', sys-iface-state: 'external')
Jan 10 08:34:51 ubuntu kernel: [   17.550805] IPv6: ADDRCONF(NETDEV_UP): enp0s3: link is not ready
Jan 10 08:34:51 ubuntu kernel: [   17.556779] e1000: enp0s3 NIC Link is Up 1000 Mbps Full Duplex, Flow Control: RX
Jan 10 08:34:51 ubuntu NetworkManager[965]: <info>  [1547109291.0312] device (enp0s3): carrier: link connected
Jan 10 08:34:51 ubuntu kernel: [   17.565297] IPv6: ADDRCONF(NETDEV_UP): enp0s3: link is not ready
Jan 10 08:34:51 ubuntu kernel: [   17.565308] IPv6: ADDRCONF(NETDEV_CHANGE): enp0s3: link becomes ready
Jan 10 08:34:51 ubuntu mtp-probe: checking bus 1, device 2: "/sys/devices/pci0000:00/0000:00:06.0/usb1/1-1"
Jan 10 08:34:51 ubuntu mtp-probe: bus: 1, device: 2 was not an MTP device
Jan 10 08:34:51 ubuntu NetworkManager[965]: <info>  [1547109291.0588] devices added (path: /sys/devices/pci0000:00/0000:00:03.0/net/enp0s3, iface: enp0s3)
Jan 10 08:34:51 ubuntu NetworkManager[965]: <info>  [1547109291.0589] device added (path: /sys/devices/pci0000:00/0000:00:03.0/net/enp0s3, iface: enp0s3): no ifupdown configuration found.
Jan 10 08:34:51 ubuntu NetworkManager[965]: <info>  [1547109291.0974] modem-manager: ModemManager available
Jan 10 08:34:51 ubuntu NetworkManager[965]: <info>  [1547109291.1300] device (enp0s3): state change: unavailable -> disconnected (reason 'none', sys-iface-state: 'managed')
Jan 10 08:34:51 ubuntu NetworkManager[965]: <info>  [1547109291.1379] policy: auto-activating connection 'Wired connection 1'
Jan 10 08:34:51 ubuntu NetworkManager[965]: <info>  [1547109291.1527] device (enp0s3): Activation: starting connection 'Wired connection 1' (da6cc09d-e8d4-3f82-8046-17c72a37735c)
Jan 10 08:34:51 ubuntu NetworkManager[965]: <info>  [1547109291.1543] device (enp0s3): state change: disconnected -> prepare (reason 'none', sys-iface-state: 'managed')
Jan 10 08:34:51 ubuntu NetworkManager[965]: <info>  [1547109291.1561] manager: NetworkManager state is now CONNECTING
Jan 10 08:34:51 ubuntu NetworkManager[965]: <info>  [1547109291.1597] device (enp0s3): state change: prepare -> config (reason 'none', sys-iface-state: 'managed')
Jan 10 08:34:51 ubuntu NetworkManager[965]: <info>  [1547109291.1731] device (enp0s3): state change: config -> ip-config (reason 'none', sys-iface-state: 'managed')
Jan 10 08:34:51 ubuntu NetworkManager[965]: <info>  [1547109291.1746] dhcp4 (enp0s3): activation: beginning transaction (timeout in 45 seconds)
Jan 10 08:34:51 ubuntu NetworkManager[965]: <info>  [1547109291.1973] dhcp4 (enp0s3): dhclient started with pid 1089
Jan 10 08:34:51 ubuntu dhclient[1089]: DHCPDISCOVER on enp0s3 to 255.255.255.255 port 67 interval 3 (xid=0xf5c2017f)
Jan 10 08:34:51 ubuntu dhclient[1089]: DHCPREQUEST of 10.0.2.15 on enp0s3 to 255.255.255.255 port 67 (xid=0x7f01c2f5)
Jan 10 08:34:51 ubuntu dhclient[1089]: DHCPOFFER of 10.0.2.15 from 10.0.2.2
Jan 10 08:34:51 ubuntu dhclient[1089]: DHCPACK of 10.0.2.15 from 10.0.2.2
Jan 10 08:34:51 ubuntu NetworkManager[965]: <info>  [1547109291.3372] dhcp4 (enp0s3):   address 10.0.2.15
Jan 10 08:34:51 ubuntu NetworkManager[965]: <info>  [1547109291.3448] dhcp4 (enp0s3):   plen 24 (255.255.255.0)
Jan 10 08:34:51 ubuntu NetworkManager[965]: <info>  [1547109291.3449] dhcp4 (enp0s3):   gateway 10.0.2.2
Jan 10 08:34:51 ubuntu NetworkManager[965]: <info>  [1547109291.3451] dhcp4 (enp0s3):   lease time 86400
Jan 10 08:34:51 ubuntu NetworkManager[965]: <info>  [1547109291.3453] dhcp4 (enp0s3):   nameserver '8.8.8.8'
Jan 10 08:34:51 ubuntu NetworkManager[965]: <info>  [1547109291.3454] dhcp4 (enp0s3):   nameserver '4.2.2.2'
Jan 10 08:34:51 ubuntu NetworkManager[965]: <info>  [1547109291.3455] dhcp4 (enp0s3): state changed unknown -> bound
Jan 10 08:34:51 ubuntu avahi-daemon[939]: Joining mDNS multicast group on interface enp0s3.IPv4 with address 10.0.2.15.
Jan 10 08:34:51 ubuntu avahi-daemon[939]: New relevant interface enp0s3.IPv4 for mDNS.
Jan 10 08:34:51 ubuntu avahi-daemon[939]: Registering new address record for 10.0.2.15 on enp0s3.IPv4.
Jan 10 08:34:51 ubuntu NetworkManager[965]: <info>  [1547109291.3566] device (enp0s3): state change: ip-config -> ip-check (reason 'none', sys-iface-state: 'managed')
Jan 10 08:34:51 ubuntu NetworkManager[965]: <info>  [1547109291.3686] device (enp0s3): state change: ip-check -> secondaries (reason 'none', sys-iface-state: 'managed')
Jan 10 08:34:51 ubuntu NetworkManager[965]: <info>  [1547109291.3746] device (enp0s3): state change: secondaries -> activated (reason 'none', sys-iface-state: 'managed')
Jan 10 08:34:51 ubuntu NetworkManager[965]: <info>  [1547109291.3786] manager: NetworkManager state is now CONNECTED_LOCAL
Jan 10 08:34:51 ubuntu NetworkManager[965]: <info>  [1547109291.3801] manager: NetworkManager state is now CONNECTED_SITE
Jan 10 08:34:51 ubuntu NetworkManager[965]: <info>  [1547109291.3907] policy: set 'Wired connection 1' (enp0s3) as default for IPv4 routing and DNS
Jan 10 08:34:51 ubuntu NetworkManager[965]: <info>  [1547109291.3937] device (enp0s3): Activation: successful, device activated.
Jan 10 08:34:51 ubuntu dhclient[1089]: bound to 10.0.2.15 -- renewal in 33493 seconds.
Jan 10 08:34:51 ubuntu NetworkManager[965]: <info>  [1547109291.4036] manager: startup complete
Jan 10 08:34:51 ubuntu nm-dispatcher: req:2 'up' [enp0s3]: new request (1 scripts)
Jan 10 08:34:51 ubuntu nm-dispatcher: req:2 'up' [enp0s3]: start running ordered scripts...
Jan 10 08:34:51 ubuntu systemd[1]: Started Network Manager Wait Online.
Jan 10 08:34:51 ubuntu systemd[1]: Reached target Network is Online.
Jan 10 08:34:51 ubuntu systemd[1]: Starting Tool to automatically collect and submit kernel crash signatures...
Jan 10 08:34:51 ubuntu systemd[1]: Started crash report submission daemon.
Jan 10 08:34:51 ubuntu systemd[1]: kerneloops.service: Found left-over process 1107 (kerneloops) in control group while starting unit. Ignoring.
Jan 10 08:34:51 ubuntu systemd[1]: This usually indicates unclean termination of a previous run, or service implementation deficiencies.
Jan 10 08:34:51 ubuntu systemd[1]: Started Tool to automatically collect and submit kernel crash signatures.
Jan 10 08:34:51 ubuntu networkd-dispatcher[980]: WARNING: systemd-networkd is not running, output will be incomplete.
Jan 10 08:34:51 ubuntu systemd[1]: Started Dispatcher daemon for systemd-networkd.
Jan 10 08:34:51 ubuntu whoopsie[1105]: [08:34:51] Using lock path: /var/lock/whoopsie/lock
Jan 10 08:34:51 ubuntu kernel: [   18.217705] RAPL PMU: API unit is 2^-32 Joules, 5 fixed counters, 10737418240 ms ovfl timer
Jan 10 08:34:51 ubuntu kernel: [   18.217706] RAPL PMU: hw unit of domain pp0-core 2^-0 Joules
Jan 10 08:34:51 ubuntu kernel: [   18.217707] RAPL PMU: hw unit of domain package 2^-0 Joules
Jan 10 08:34:51 ubuntu kernel: [   18.217707] RAPL PMU: hw unit of domain dram 2^-0 Joules
Jan 10 08:34:51 ubuntu kernel: [   18.217708] RAPL PMU: hw unit of domain pp1-gpu 2^-0 Joules
Jan 10 08:34:51 ubuntu kernel: [   18.217708] RAPL PMU: hw unit of domain psys 2^-0 Joules
Jan 10 08:34:51 ubuntu whoopsie[1105]: [08:34:51] offline
Jan 10 08:34:52 ubuntu kernel: [   18.538435] AVX2 version of gcm_enc/dec engaged.
Jan 10 08:34:52 ubuntu kernel: [   18.538437] AES CTR mode by8 optimization enabled
Jan 10 08:34:52 ubuntu systemd[1]: Listening on Load/Save RF Kill Switch Status /dev/rfkill Watch.
Jan 10 08:34:52 ubuntu systemd-udevd[881]: link_config: autonegotiation is unset or enabled, the speed and duplex are not writable.
Jan 10 08:34:52 ubuntu NetworkManager[965]: <info>  [1547109292.2569] devices added (path: /sys/devices/virtual/net/lo, iface: lo)
Jan 10 08:34:52 ubuntu NetworkManager[965]: <info>  [1547109292.2569] device added (path: /sys/devices/virtual/net/lo, iface: lo): no ifupdown configuration found.
Jan 10 08:34:52 ubuntu kernel: [   19.330613] audit: type=1400 audit(1547109292.788:2): apparmor="STATUS" operation="profile_load" profile="unconfined" name="/usr/lib/snapd/snap-confine" pid=1084 comm="apparmor_parser"
Jan 10 08:34:52 ubuntu kernel: [   19.335547] audit: type=1400 audit(1547109292.792:3): apparmor="STATUS" operation="profile_load" profile="unconfined" name="/usr/lib/snapd/snap-confine//mount-namespace-capture-helper" pid=1084 comm="apparmor_parser"
Jan 10 08:34:52 ubuntu snapd[985]: 2019/01/10 08:34:52.802611 helpers.go:119: error trying to compare the snap system key: system-key missing on disk
Jan 10 08:34:52 ubuntu snapd[985]: 2019/01/10 08:34:52.805668 daemon.go:343: started snapd/2.34.2+18.04 (series 16; classic) ubuntu/18.04 (amd64) linux/4.15.0-29-generic.
Jan 10 08:34:52 ubuntu systemd[1]: Started Snappy daemon.
Jan 10 08:34:52 ubuntu systemd[1]: Starting Holds Snappy daemon refresh...
Jan 10 08:34:52 ubuntu systemd[1]: Starting Wait until snapd is fully seeded...
Jan 10 08:34:52 ubuntu kernel: [   19.515084] snd_intel8x0 0000:00:05.0: white list rate for 1028:0177 is 48000
Jan 10 08:34:52 ubuntu systemd[1]: Reached target Sound Card.
Jan 10 08:34:53 ubuntu avahi-daemon[939]: Joining mDNS multicast group on interface enp0s3.IPv6 with address fe80::e7ec:f9cb:1f56:f112.
Jan 10 08:34:53 ubuntu avahi-daemon[939]: New relevant interface enp0s3.IPv6 for mDNS.
Jan 10 08:34:53 ubuntu avahi-daemon[939]: Registering new address record for fe80::e7ec:f9cb:1f56:f112 on enp0s3.*.
Jan 10 08:34:53 ubuntu systemd-udevd[885]: Process '/usr/sbin/alsactl -E HOME=/run/alsa restore 0' failed with exit code 99.
Jan 10 08:34:53 ubuntu ModemManager[943]: <info>  Couldn't check support for device at '/sys/devices/pci0000:00/0000:00:03.0': not supported by any plugin
Jan 10 08:34:53 ubuntu NetworkManager[965]: <info>  [1547109293.9502] manager: NetworkManager state is now CONNECTED_GLOBAL
Jan 10 08:34:53 ubuntu nm-dispatcher: req:3 'connectivity-change': new request (1 scripts)
Jan 10 08:34:53 ubuntu nm-dispatcher: req:3 'connectivity-change': start running ordered scripts...
Jan 10 08:34:53 ubuntu whoopsie[1105]: [08:34:53] The default IPv4 route is: /org/freedesktop/NetworkManager/ActiveConnection/1
Jan 10 08:34:53 ubuntu whoopsie[1105]: [08:34:53] Not a paid data plan: /org/freedesktop/NetworkManager/ActiveConnection/1
Jan 10 08:34:53 ubuntu whoopsie[1105]: [08:34:53] Found usable connection: /org/freedesktop/NetworkManager/ActiveConnection/1
Jan 10 08:34:53 ubuntu whoopsie[1105]: [08:34:53] online
Jan 10 08:34:55 ubuntu systemd[1]: Received SIGRTMIN+21 from PID 221 (plymouthd).
Jan 10 08:34:55 ubuntu systemd[1]: Started Hold until boot process finishes up.
Jan 10 08:34:55 ubuntu systemd[1]: Starting Set console scheme...
Jan 10 08:34:55 ubuntu systemd[1]: Started Set console scheme.
Jan 10 08:34:55 ubuntu systemd[1]: Created slice system-getty.slice.
Jan 10 08:34:55 ubuntu systemd[1]: Created slice User Slice of ubuntu.
Jan 10 08:34:55 ubuntu systemd[1]: Starting User Manager for UID 999...
Jan 10 08:34:55 ubuntu systemd[1]: Started Session c1 of user ubuntu.
Jan 10 08:34:55 ubuntu systemd[1291]: Listening on GnuPG cryptographic agent and passphrase cache (access for web browsers).
Jan 10 08:34:55 ubuntu systemd[1291]: Listening on GnuPG cryptographic agent and passphrase cache (restricted).
Jan 10 08:34:55 ubuntu systemd[1291]: Starting D-Bus User Message Bus Socket.
Jan 10 08:34:55 ubuntu systemd[1291]: Listening on GnuPG cryptographic agent (ssh-agent emulation).
Jan 10 08:34:55 ubuntu systemd[1291]: Reached target Timers.
Jan 10 08:34:55 ubuntu systemd[1291]: Listening on GnuPG cryptographic agent and passphrase cache.
Jan 10 08:34:55 ubuntu systemd[1291]: Started Pending report trigger for Ubuntu Report.
Jan 10 08:34:55 ubuntu systemd[1291]: Reached target Paths.
Jan 10 08:34:55 ubuntu systemd[1291]: Listening on GnuPG network certificate management daemon.
Jan 10 08:34:55 ubuntu systemd[1291]: Listening on D-Bus User Message Bus Socket.
Jan 10 08:34:55 ubuntu systemd[1291]: Reached target Sockets.
Jan 10 08:34:55 ubuntu systemd[1291]: Reached target Basic System.
Jan 10 08:34:55 ubuntu systemd[1]: Started User Manager for UID 999.
Jan 10 08:34:55 ubuntu systemd[1291]: Reached target Default.
Jan 10 08:34:55 ubuntu systemd[1291]: Startup finished in 72ms.
Jan 10 08:34:55 ubuntu systemd[1291]: Started D-Bus User Message Bus.
Jan 10 08:34:55 ubuntu dbus-daemon[1305]: [session uid=999 pid=1305] AppArmor D-Bus mediation is enabled
Jan 10 08:34:56 ubuntu dbus-daemon[1305]: [session uid=999 pid=1305] Activating via systemd: service name='org.gtk.vfs.Daemon' unit='gvfs-daemon.service' requested by ':1.11' (uid=999 pid=1343 comm="/usr/lib/gnome-settings-daemon/gsd-xsettings " label="unconfined")
Jan 10 08:34:56 ubuntu systemd[1291]: Starting Virtual filesystem service...
Jan 10 08:34:56 ubuntu dbus-daemon[1305]: [session uid=999 pid=1305] Successfully activated service 'org.gtk.vfs.Daemon'
Jan 10 08:34:56 ubuntu systemd[1291]: Started Virtual filesystem service.
Jan 10 08:34:56 ubuntu dbus-daemon[946]: [system] Activating via systemd: service name='org.freedesktop.UPower' unit='upower.service' requested by ':1.25' (uid=999 pid=1342 comm="/usr/lib/gnome-settings-daemon/gsd-power " label="unconfined")
Jan 10 08:34:56 ubuntu systemd[1]: Starting Daemon for power management...
Jan 10 08:34:56 ubuntu dbus-daemon[946]: [system] Successfully activated service 'org.freedesktop.UPower'
Jan 10 08:34:56 ubuntu systemd[1]: Started Daemon for power management.
Jan 10 08:34:56 ubuntu dbus-daemon[946]: [system] Activating via systemd: service name='org.freedesktop.RealtimeKit1' unit='rtkit-daemon.service' requested by ':1.28' (uid=999 pid=1420 comm="/usr/bin/pulseaudio --start --log-target=syslog " label="unconfined")
Jan 10 08:34:56 ubuntu systemd[1]: Starting RealtimeKit Scheduling Policy Service...
Jan 10 08:34:56 ubuntu dbus-daemon[946]: [system] Successfully activated service 'org.freedesktop.RealtimeKit1'
Jan 10 08:34:56 ubuntu systemd[1]: Started RealtimeKit Scheduling Policy Service.
Jan 10 08:34:56 ubuntu rtkit-daemon[1421]: Successfully called chroot.
Jan 10 08:34:56 ubuntu rtkit-daemon[1421]: Successfully dropped privileges.
Jan 10 08:34:56 ubuntu rtkit-daemon[1421]: Successfully limited resources.
Jan 10 08:34:56 ubuntu rtkit-daemon[1421]: Running.
Jan 10 08:34:56 ubuntu rtkit-daemon[1421]: Watchdog thread running.
Jan 10 08:34:56 ubuntu rtkit-daemon[1421]: Canary thread running.
Jan 10 08:34:56 ubuntu rtkit-daemon[1421]: Successfully made thread 1420 of process 1420 (n/a) owned by '999' high priority at nice level -11.
Jan 10 08:34:56 ubuntu rtkit-daemon[1421]: Supervising 1 threads of 1 processes of 1 users.
Jan 10 08:34:57 ubuntu pulseaudio[1420]: [pulseaudio] alsa-util.c: Disabling timer-based scheduling because running inside a VM.
Jan 10 08:34:57 ubuntu pulseaudio[1420]: [pulseaudio] sink.c: Default and alternate sample rates are the same.
Jan 10 08:34:57 ubuntu rtkit-daemon[1421]: Supervising 1 threads of 1 processes of 1 users.
Jan 10 08:34:57 ubuntu rtkit-daemon[1421]: Successfully made thread 1428 of process 1420 (n/a) owned by '999' RT at priority 5.
Jan 10 08:34:57 ubuntu rtkit-daemon[1421]: Supervising 2 threads of 1 processes of 1 users.
Jan 10 08:34:57 ubuntu pulseaudio[1420]: [pulseaudio] alsa-util.c: Disabling timer-based scheduling because running inside a VM.
Jan 10 08:34:57 ubuntu rtkit-daemon[1421]: Supervising 2 threads of 1 processes of 1 users.
Jan 10 08:34:57 ubuntu rtkit-daemon[1421]: Successfully made thread 1429 of process 1420 (n/a) owned by '999' RT at priority 5.
Jan 10 08:34:57 ubuntu rtkit-daemon[1421]: Supervising 3 threads of 1 processes of 1 users.
Jan 10 08:34:57 ubuntu dbus-daemon[946]: [system] Activating via systemd: service name='org.bluez' unit='dbus-org.bluez.service' requested by ':1.33' (uid=999 pid=1420 comm="/usr/bin/pulseaudio --start --log-target=syslog " label="unconfined")
Jan 10 08:34:57 ubuntu pulseaudio[1420]: [pulseaudio] authkey.c: Failed to open cookie file '/home/ubuntu/.config/pulse/cookie': No such file or directory
Jan 10 08:34:57 ubuntu pulseaudio[1420]: [pulseaudio] authkey.c: Failed to load authentication key '/home/ubuntu/.config/pulse/cookie': No such file or directory
Jan 10 08:34:57 ubuntu pulseaudio[1420]: [pulseaudio] authkey.c: Failed to open cookie file '/home/ubuntu/.pulse-cookie': No such file or directory
Jan 10 08:34:57 ubuntu pulseaudio[1420]: [pulseaudio] authkey.c: Failed to load authentication key '/home/ubuntu/.pulse-cookie': No such file or directory
Jan 10 08:34:58 ubuntu dbus-daemon[1305]: [session uid=999 pid=1305] Activating service name='org.freedesktop.portal.IBus' requested by ':1.20' (uid=999 pid=1352 comm="ibus-daemon " label="unconfined")
Jan 10 08:34:58 ubuntu dbus-daemon[1305]: [session uid=999 pid=1305] Successfully activated service 'org.freedesktop.portal.IBus'
Jan 10 08:34:59 ubuntu ubiquity[1359]: Ubiquity 18.04.14.6
Jan 10 08:35:05 ubuntu dbus-daemon[946]: [system] Activating via systemd: service name='org.freedesktop.GeoClue2' unit='geoclue.service' requested by ':1.30' (uid=999 pid=1345 comm="gnome-shell --sm-disable --mode=ubiquity " label="unconfined")
Jan 10 08:35:05 ubuntu systemd[1]: Starting Location Lookup Service...
Jan 10 08:35:05 ubuntu dbus-daemon[946]: [system] Activating via systemd: service name='org.freedesktop.bolt' unit='bolt.service' requested by ':1.30' (uid=999 pid=1345 comm="gnome-shell --sm-disable --mode=ubiquity " label="unconfined")
Jan 10 08:35:05 ubuntu systemd[1]: Starting Thunderbolt system service...
Jan 10 08:35:05 ubuntu boltd[1514]: bolt 0.3 starting up.
Jan 10 08:35:05 ubuntu boltd[1514]: config: loading user config
Jan 10 08:35:05 ubuntu boltd[1514]: store: loading devices
Jan 10 08:35:05 ubuntu boltd[1514]: power: force_power support: no
Jan 10 08:35:05 ubuntu boltd[1514]: udev: enumerating devices
Jan 10 08:35:05 ubuntu dbus-daemon[946]: [system] Successfully activated service 'org.freedesktop.bolt'
Jan 10 08:35:05 ubuntu systemd[1]: Started Thunderbolt system service.
Jan 10 08:35:05 ubuntu dbus-daemon[946]: [system] Successfully activated service 'org.freedesktop.GeoClue2'
Jan 10 08:35:05 ubuntu systemd[1]: Started Location Lookup Service.
Jan 10 08:35:05 ubuntu dbus-daemon[946]: [system] Activating via systemd: service name='org.freedesktop.PackageKit' unit='packagekit.service' requested by ':1.30' (uid=999 pid=1345 comm="gnome-shell --sm-disable --mode=ubiquity " label="unconfined")
Jan 10 08:35:05 ubuntu systemd[1]: Starting PackageKit Daemon...
Jan 10 08:35:05 ubuntu PackageKit: daemon start
Jan 10 08:35:05 ubuntu dbus-daemon[946]: [system] Successfully activated service 'org.freedesktop.PackageKit'
Jan 10 08:35:05 ubuntu systemd[1]: Started PackageKit Daemon.
Jan 10 08:35:06 ubuntu dbus-daemon[1305]: [session uid=999 pid=1305] Activating via systemd: service name='org.gtk.vfs.UDisks2VolumeMonitor' unit='gvfs-udisks2-volume-monitor.service' requested by ':1.18' (uid=999 pid=1345 comm="gnome-shell --sm-disable --mode=ubiquity " label="unconfined")
Jan 10 08:35:06 ubuntu systemd[1291]: Starting Virtual filesystem service - disk device monitor...
Jan 10 08:35:06 ubuntu dbus-daemon[1305]: [session uid=999 pid=1305] Successfully activated service 'org.gtk.vfs.UDisks2VolumeMonitor'
Jan 10 08:35:06 ubuntu systemd[1291]: Started Virtual filesystem service - disk device monitor.
Jan 10 08:35:06 ubuntu dbus-daemon[1305]: [session uid=999 pid=1305] Activating via systemd: service name='org.gtk.vfs.MTPVolumeMonitor' unit='gvfs-mtp-volume-monitor.service' requested by ':1.18' (uid=999 pid=1345 comm="gnome-shell --sm-disable --mode=ubiquity " label="unconfined")
Jan 10 08:35:06 ubuntu systemd[1291]: Starting Virtual filesystem service - Media Transfer Protocol monitor...
Jan 10 08:35:06 ubuntu dbus-daemon[1305]: [session uid=999 pid=1305] Successfully activated service 'org.gtk.vfs.MTPVolumeMonitor'
Jan 10 08:35:06 ubuntu systemd[1291]: Started Virtual filesystem service - Media Transfer Protocol monitor.
Jan 10 08:35:06 ubuntu dbus-daemon[1305]: [session uid=999 pid=1305] Activating via systemd: service name='org.gtk.vfs.GPhoto2VolumeMonitor' unit='gvfs-gphoto2-volume-monitor.service' requested by ':1.18' (uid=999 pid=1345 comm="gnome-shell --sm-disable --mode=ubiquity " label="unconfined")
Jan 10 08:35:06 ubuntu systemd[1291]: Starting Virtual filesystem service - digital camera monitor...
Jan 10 08:35:06 ubuntu dbus-daemon[1305]: [session uid=999 pid=1305] Successfully activated service 'org.gtk.vfs.GPhoto2VolumeMonitor'
Jan 10 08:35:06 ubuntu systemd[1291]: Started Virtual filesystem service - digital camera monitor.
Jan 10 08:35:06 ubuntu dbus-daemon[1305]: [session uid=999 pid=1305] Activating via systemd: service name='org.gtk.vfs.GoaVolumeMonitor' unit='gvfs-goa-volume-monitor.service' requested by ':1.18' (uid=999 pid=1345 comm="gnome-shell --sm-disable --mode=ubiquity " label="unconfined")
Jan 10 08:35:06 ubuntu systemd[1291]: Starting Virtual filesystem service - GNOME Online Accounts monitor...
Jan 10 08:35:06 ubuntu dbus-daemon[1305]: [session uid=999 pid=1305] Activating service name='org.gnome.OnlineAccounts' requested by ':1.30' (uid=999 pid=1542 comm="/usr/lib/gvfs/gvfs-goa-volume-monitor " label="unconfined")
Jan 10 08:35:07 ubuntu goa-daemon[1546]: goa-daemon version 3.28.0 starting
Jan 10 08:35:07 ubuntu dbus-daemon[1305]: [session uid=999 pid=1305] Activating service name='org.gnome.Identity' requested by ':1.31' (uid=999 pid=1546 comm="/usr/lib/gnome-online-accounts/goa-daemon " label="unconfined")
Jan 10 08:35:07 ubuntu dbus-daemon[1305]: [session uid=999 pid=1305] Successfully activated service 'org.gnome.OnlineAccounts'
Jan 10 08:35:07 ubuntu dbus-daemon[1305]: [session uid=999 pid=1305] Successfully activated service 'org.gtk.vfs.GoaVolumeMonitor'
Jan 10 08:35:07 ubuntu systemd[1291]: Started Virtual filesystem service - GNOME Online Accounts monitor.
Jan 10 08:35:07 ubuntu dbus-daemon[1305]: [session uid=999 pid=1305] Successfully activated service 'org.gnome.Identity'
Jan 10 08:35:07 ubuntu dbus-daemon[1305]: [session uid=999 pid=1305] Activating via systemd: service name='org.gtk.vfs.AfcVolumeMonitor' unit='gvfs-afc-volume-monitor.service' requested by ':1.18' (uid=999 pid=1345 comm="gnome-shell --sm-disable --mode=ubiquity " label="unconfined")
Jan 10 08:35:07 ubuntu systemd[1291]: Starting Virtual filesystem service - Apple File Conduit monitor...
Jan 10 08:35:07 ubuntu gvfs-afc-volume-monitor[1562]: Volume monitor alive
Jan 10 08:35:07 ubuntu dbus-daemon[1305]: [session uid=999 pid=1305] Successfully activated service 'org.gtk.vfs.AfcVolumeMonitor'
Jan 10 08:35:07 ubuntu systemd[1291]: Started Virtual filesystem service - Apple File Conduit monitor.
Jan 10 08:35:11 ubuntu dbus-daemon[946]: [system] Activating via systemd: service name='org.freedesktop.GeoClue2' unit='geoclue.service' requested by ':1.30' (uid=999 pid=1345 comm="gnome-shell --sm-disable --mode=ubiquity " label="unconfined")
Jan 10 08:35:11 ubuntu systemd[1]: Starting Location Lookup Service...
Jan 10 08:35:11 ubuntu dbus-daemon[946]: [system] Successfully activated service 'org.freedesktop.GeoClue2'
Jan 10 08:35:11 ubuntu systemd[1]: Started Location Lookup Service.
Jan 10 08:35:12 ubuntu systemd[1]: Started Holds Snappy daemon refresh.
Jan 10 08:35:13 ubuntu gnome-shell[1345]: GNOME Shell started at Thu Jan 10 2019 08:35:05 GMT+0000 (UTC)
Jan 10 08:35:14 ubuntu systemd[1]: Reloading.
Jan 10 08:35:15 ubuntu systemd[1]: Mounting Mount unit for core, revision 4917...
Jan 10 08:35:15 ubuntu systemd[1]: Mounted Mount unit for core, revision 4917.
Jan 10 08:35:15 ubuntu snapd[985]: 2019/01/10 08:35:15.423643 backend.go:303: cannot create host snap-confine apparmor configuration: cannot synchronize snap-confine apparmor profile: open /var/lib/snapd/apparmor/profiles/snap-confine.core.4917.59N56xTqcQG8~: no such file or directory
Jan 10 08:35:15 ubuntu kernel: [   42.024961] audit: type=1400 audit(1547109315.484:4): apparmor="STATUS" operation="profile_load" profile="unconfined" name="snap-update-ns.core" pid=1742 comm="apparmor_parser"
Jan 10 08:35:15 ubuntu kernel: [   42.450980] audit: type=1400 audit(1547109315.908:5): apparmor="STATUS" operation="profile_load" profile="unconfined" name="snap.core.hook.configure" pid=1749 comm="apparmor_parser"
Jan 10 08:35:15 ubuntu ubiquity[1359]: switched to page language
Jan 10 08:35:16 ubuntu NetworkManager[965]: <info>  [1547109316.5723] device changed (path: /sys/devices/pci0000:00/0000:00:03.0/net/enp0s3, iface: enp0s3)
Jan 10 08:35:16 ubuntu upowerd[1400]: treating change event as add on /sys/devices/pci0000:00/0000:00:06.0/usb1
Jan 10 08:35:16 ubuntu upowerd[1400]: treating change event as add on /sys/devices/pci0000:00/0000:00:06.0/usb1/1-0:1.0
Jan 10 08:35:16 ubuntu upowerd[1400]: treating change event as add on /sys/devices/pci0000:00/0000:00:06.0/usb1/1-1
Jan 10 08:35:16 ubuntu upowerd[1400]: treating change event as add on /sys/devices/pci0000:00/0000:00:06.0/usb1/1-1/1-1:1.0
Jan 10 08:35:16 ubuntu upowerd[1400]: treating change event as add on /sys/devices/pci0000:00/0000:00:06.0/usb1/1-1/1-1:1.0/0003:80EE:0021.0001
Jan 10 08:35:17 ubuntu NetworkManager[965]: <info>  [1547109317.0720] device changed (path: /sys/devices/virtual/net/lo, iface: lo)
Jan 10 08:35:17 ubuntu snapd[985]: 2019/01/10 08:35:17.309916 daemon.go:531: gracefully waiting for running hooks
Jan 10 08:35:17 ubuntu snapd[985]: 2019/01/10 08:35:17.310268 daemon.go:533: done waiting for running hooks
Jan 10 08:35:19 ubuntu systemd[1]: snapd.service: Service hold-off time over, scheduling restart.
Jan 10 08:35:19 ubuntu systemd[1]: snapd.service: Scheduled restart job, restart counter is at 1.
Jan 10 08:35:19 ubuntu systemd[1]: Stopped Snappy daemon.
Jan 10 08:35:19 ubuntu systemd[1]: Starting Snappy daemon...
Jan 10 08:35:19 ubuntu snapd[2390]: AppArmor status: apparmor is enabled and all features are available
Jan 10 08:35:19 ubuntu snapd[2390]: 2019/01/10 08:35:19.132365 backend.go:125: snapd enabled root filesystem on overlay support, additional upperdir permissions granted
Jan 10 08:35:19 ubuntu snapd[2390]: 2019/01/10 08:35:19.134754 daemon.go:343: started snapd/2.34.2+18.04 (series 16; classic) ubuntu/18.04 (amd64) linux/4.15.0-29-generic.
Jan 10 08:35:19 ubuntu systemd[1]: Started Snappy daemon.
Jan 10 08:35:19 ubuntu ubiquity[1359]: log-output -t ubiquity setxkbmap -layout us,au,cm,gb -variant ,,,
Jan 10 08:35:21 ubuntu systemd-timesyncd[908]: Synchronized to time server 91.189.94.4:123 (ntp.ubuntu.com).
Jan 10 08:35:21 ubuntu ubiquity[1359]: switched to page console_setup
Jan 10 08:35:21 ubuntu ubiquity[1359]: switched to page language
Jan 10 08:35:24 ubuntu localechooser: info: Language = 'en'
Jan 10 08:35:24 ubuntu localechooser: info: line=en;0;US;en_US.UTF-8;;console-setup
Jan 10 08:35:24 ubuntu localechooser: info: Set debian-installer/language = 'en'
Jan 10 08:35:24 ubuntu localechooser: info: Default country = 'US'
Jan 10 08:35:24 ubuntu localechooser: info: Default locale = 'en_US.UTF-8'
Jan 10 08:35:24 ubuntu localechooser: info: Set debian-installer/consoledisplay = 'console-setup'
Jan 10 08:35:24 ubuntu pulseaudio[1420]: [pulseaudio] bluez5-util.c: GetManagedObjects() failed: org.freedesktop.DBus.Error.NoReply: Did not receive a reply. Possible causes include: the remote application did not send a reply, the message bus security policy blocked the reply, the reply timeout expired, or the network connection was broken.
Jan 10 08:35:24 ubuntu localechooser: info: Set debian-installer/country = 'US'
Jan 10 08:35:24 ubuntu localechooser: info: Set debian-installer/locale = 'en_US.UTF-8'
Jan 10 08:35:24 ubuntu localechooser: info: System locale (debian-installer/locale) = 'en_US.UTF-8'
Jan 10 08:35:25 ubuntu kernel: [   50.005887] audit: type=1400 audit(1547109325.600:6): apparmor="STATUS" operation="profile_load" profile="unconfined" name="/snap/core/4917/usr/lib/snapd/snap-confine" pid=2989 comm="apparmor_parser"
Jan 10 08:35:25 ubuntu kernel: [   50.008342] audit: type=1400 audit(1547109325.604:7): apparmor="STATUS" operation="profile_load" profile="unconfined" name="/snap/core/4917/usr/lib/snapd/snap-confine//mount-namespace-capture-helper" pid=2989 comm="apparmor_parser"
Jan 10 08:35:25 ubuntu kernel: [   50.016496] audit: type=1400 audit(1547109325.612:8): apparmor="STATUS" operation="profile_replace" info="same as current profile, skipping" profile="unconfined" name="snap-update-ns.core" pid=2993 comm="apparmor_parser"
Jan 10 08:35:25 ubuntu kernel: [   50.304181] audit: type=1400 audit(1547109325.896:9): apparmor="STATUS" operation="profile_replace" profile="unconfined" name="snap.core.hook.configure" pid=2995 comm="apparmor_parser"
Jan 10 08:35:25 ubuntu kernel: [   50.368941] audit: type=1400 audit(1547109325.964:10): apparmor="STATUS" operation="profile_replace" profile="unconfined" name="/snap/core/4917/usr/lib/snapd/snap-confine" pid=3001 comm="apparmor_parser"
Jan 10 08:35:25 ubuntu kernel: [   50.369030] audit: type=1400 audit(1547109325.964:11): apparmor="STATUS" operation="profile_replace" profile="unconfined" name="/snap/core/4917/usr/lib/snapd/snap-confine//mount-namespace-capture-helper" pid=3001 comm="apparmor_parser"
